Archive member included to satisfy reference by file (symbol)

c:/users/korisnik/desktop/gnu mcu/arm-none-eabi-gcc-10.2.1-1.1/bin/../lib/gcc/arm-none-eabi/10.2.1/../../../../arm-none-eabi/lib/thumb/v7-m/nofp\libc_nano.a(lib_a-exit.o)
                              c:/users/korisnik/desktop/gnu mcu/arm-none-eabi-gcc-10.2.1-1.1/bin/../lib/gcc/arm-none-eabi/10.2.1/../../../../arm-none-eabi/lib/thumb/v7-m/nofp/crt0.o (exit)
c:/users/korisnik/desktop/gnu mcu/arm-none-eabi-gcc-10.2.1-1.1/bin/../lib/gcc/arm-none-eabi/10.2.1/../../../../arm-none-eabi/lib/thumb/v7-m/nofp\libc_nano.a(lib_a-impure.o)
                              c:/users/korisnik/desktop/gnu mcu/arm-none-eabi-gcc-10.2.1-1.1/bin/../lib/gcc/arm-none-eabi/10.2.1/../../../../arm-none-eabi/lib/thumb/v7-m/nofp\libc_nano.a(lib_a-exit.o) (_global_impure_ptr)
c:/users/korisnik/desktop/gnu mcu/arm-none-eabi-gcc-10.2.1-1.1/bin/../lib/gcc/arm-none-eabi/10.2.1/../../../../arm-none-eabi/lib/thumb/v7-m/nofp\libc_nano.a(lib_a-init.o)
                              c:/users/korisnik/desktop/gnu mcu/arm-none-eabi-gcc-10.2.1-1.1/bin/../lib/gcc/arm-none-eabi/10.2.1/../../../../arm-none-eabi/lib/thumb/v7-m/nofp/crt0.o (__libc_init_array)
c:/users/korisnik/desktop/gnu mcu/arm-none-eabi-gcc-10.2.1-1.1/bin/../lib/gcc/arm-none-eabi/10.2.1/../../../../arm-none-eabi/lib/thumb/v7-m/nofp\libc_nano.a(lib_a-itoa.o)
                              build/homework.o (itoa)
c:/users/korisnik/desktop/gnu mcu/arm-none-eabi-gcc-10.2.1-1.1/bin/../lib/gcc/arm-none-eabi/10.2.1/../../../../arm-none-eabi/lib/thumb/v7-m/nofp\libc_nano.a(lib_a-memcpy-stub.o)
                              build/queue.o (memcpy)
c:/users/korisnik/desktop/gnu mcu/arm-none-eabi-gcc-10.2.1-1.1/bin/../lib/gcc/arm-none-eabi/10.2.1/../../../../arm-none-eabi/lib/thumb/v7-m/nofp\libc_nano.a(lib_a-memset.o)
                              c:/users/korisnik/desktop/gnu mcu/arm-none-eabi-gcc-10.2.1-1.1/bin/../lib/gcc/arm-none-eabi/10.2.1/../../../../arm-none-eabi/lib/thumb/v7-m/nofp/crt0.o (memset)
c:/users/korisnik/desktop/gnu mcu/arm-none-eabi-gcc-10.2.1-1.1/bin/../lib/gcc/arm-none-eabi/10.2.1/../../../../arm-none-eabi/lib/thumb/v7-m/nofp\libc_nano.a(lib_a-strlen.o)
                              build/homework.o (strlen)
c:/users/korisnik/desktop/gnu mcu/arm-none-eabi-gcc-10.2.1-1.1/bin/../lib/gcc/arm-none-eabi/10.2.1/../../../../arm-none-eabi/lib/thumb/v7-m/nofp\libc_nano.a(lib_a-utoa.o)
                              c:/users/korisnik/desktop/gnu mcu/arm-none-eabi-gcc-10.2.1-1.1/bin/../lib/gcc/arm-none-eabi/10.2.1/../../../../arm-none-eabi/lib/thumb/v7-m/nofp\libc_nano.a(lib_a-itoa.o) (__utoa)
c:/users/korisnik/desktop/gnu mcu/arm-none-eabi-gcc-10.2.1-1.1/bin/../lib/gcc/arm-none-eabi/10.2.1/../../../../arm-none-eabi/lib/thumb/v7-m/nofp\libnosys.a(_exit.o)
                              c:/users/korisnik/desktop/gnu mcu/arm-none-eabi-gcc-10.2.1-1.1/bin/../lib/gcc/arm-none-eabi/10.2.1/../../../../arm-none-eabi/lib/thumb/v7-m/nofp\libc_nano.a(lib_a-exit.o) (_exit)
c:/users/korisnik/desktop/gnu mcu/arm-none-eabi-gcc-10.2.1-1.1/bin/../lib/gcc/arm-none-eabi/10.2.1/thumb/v7-m/nofp\libgcc.a(_arm_muldf3.o)
                              build/driver_temp.o (__aeabi_dmul)
c:/users/korisnik/desktop/gnu mcu/arm-none-eabi-gcc-10.2.1-1.1/bin/../lib/gcc/arm-none-eabi/10.2.1/thumb/v7-m/nofp\libgcc.a(_arm_mulsf3.o)
                              build/driver_temp.o (__aeabi_fmul)
c:/users/korisnik/desktop/gnu mcu/arm-none-eabi-gcc-10.2.1-1.1/bin/../lib/gcc/arm-none-eabi/10.2.1/thumb/v7-m/nofp\libgcc.a(_arm_addsubdf3.o)
                              build/driver_temp.o (__aeabi_f2d)
c:/users/korisnik/desktop/gnu mcu/arm-none-eabi-gcc-10.2.1-1.1/bin/../lib/gcc/arm-none-eabi/10.2.1/thumb/v7-m/nofp\libgcc.a(_arm_truncdfsf2.o)
                              build/driver_temp.o (__aeabi_d2f)
c:/users/korisnik/desktop/gnu mcu/arm-none-eabi-gcc-10.2.1-1.1/bin/../lib/gcc/arm-none-eabi/10.2.1/thumb/v7-m/nofp\libgcc.a(_arm_addsubsf3.o)
                              build/driver_temp.o (__aeabi_fsub)
c:/users/korisnik/desktop/gnu mcu/arm-none-eabi-gcc-10.2.1-1.1/bin/../lib/gcc/arm-none-eabi/10.2.1/thumb/v7-m/nofp\libgcc.a(_arm_muldivsf3.o)
                              build/driver_temp.o (__aeabi_fdiv)
c:/users/korisnik/desktop/gnu mcu/arm-none-eabi-gcc-10.2.1-1.1/bin/../lib/gcc/arm-none-eabi/10.2.1/thumb/v7-m/nofp\libgcc.a(_arm_cmpsf2.o)
                              build/homework.o (__aeabi_fcmplt)
c:/users/korisnik/desktop/gnu mcu/arm-none-eabi-gcc-10.2.1-1.1/bin/../lib/gcc/arm-none-eabi/10.2.1/thumb/v7-m/nofp\libgcc.a(_arm_fixsfsi.o)
                              build/homework.o (__aeabi_f2iz)

Discarded input sections

 .text          0x0000000000000000        0x0 c:/users/korisnik/desktop/gnu mcu/arm-none-eabi-gcc-10.2.1-1.1/bin/../lib/gcc/arm-none-eabi/10.2.1/thumb/v7-m/nofp/crti.o
 .data          0x0000000000000000        0x0 c:/users/korisnik/desktop/gnu mcu/arm-none-eabi-gcc-10.2.1-1.1/bin/../lib/gcc/arm-none-eabi/10.2.1/thumb/v7-m/nofp/crti.o
[...]
Memory Configuration

Name             Origin             Length             Attributes
RAM              0x0000000020000000 0x0000000000002800 xrw
FLASH            0x0000000008000000 0x0000000000008000 xr
*default*        0x0000000000000000 0xffffffffffffffff

Linker script and memory map

LOAD c:/users/korisnik/desktop/gnu mcu/arm-none-eabi-gcc-10.2.1-1.1/bin/../lib/gcc/arm-none-eabi/10.2.1/thumb/v7-m/nofp/crti.o
LOAD c:/users/korisnik/desktop/gnu mcu/arm-none-eabi-gcc-10.2.1-1.1/bin/../lib/gcc/arm-none-eabi/10.2.1/thumb/v7-m/nofp/crtbegin.o
LOAD c:/users/korisnik/desktop/gnu mcu/arm-none-eabi-gcc-10.2.1-1.1/bin/../lib/gcc/arm-none-eabi/10.2.1/../../../../arm-none-eabi/lib/thumb/v7-m/nofp/crt0.o
LOAD build/driver_temp.o
LOAD build/driver_motor.o
LOAD build/driver_uart.o
LOAD build/driver_lcd.o
LOAD build/homework.o
LOAD build/main.o
LOAD build/gpio.o
LOAD build/freertos.o
LOAD build/tim.o
LOAD build/usart.o
LOAD build/stm32f1xx_it.o
LOAD build/stm32f1xx_hal_msp.o
LOAD build/stm32f1xx_hal_timebase_tim.o
LOAD build/stm32f1xx_hal_gpio_ex.o
LOAD build/stm32f1xx_hal.o
LOAD build/stm32f1xx_hal_rcc.o
LOAD build/stm32f1xx_hal_rcc_ex.o
LOAD build/stm32f1xx_hal_gpio.o
LOAD build/stm32f1xx_hal_dma.o
LOAD build/stm32f1xx_hal_cortex.o
LOAD build/stm32f1xx_hal_pwr.o
LOAD build/stm32f1xx_hal_flash.o
LOAD build/stm32f1xx_hal_flash_ex.o
LOAD build/stm32f1xx_hal_exti.o
LOAD build/stm32f1xx_hal_tim.o
LOAD build/stm32f1xx_hal_tim_ex.o
LOAD build/stm32f1xx_hal_uart.o
LOAD build/system_stm32f1xx.o
LOAD build/croutine.o
LOAD build/event_groups.o
LOAD build/list.o
LOAD build/queue.o
LOAD build/stream_buffer.o
LOAD build/tasks.o
LOAD build/timers.o
LOAD build/cmsis_os2.o
LOAD build/heap_4.o
LOAD build/port.o
LOAD build/adc.o
LOAD build/stm32f1xx_hal_adc.o
LOAD build/stm32f1xx_hal_adc_ex.o
LOAD build/startup_stm32f103x6_init.o
LOAD c:/users/korisnik/desktop/gnu mcu/arm-none-eabi-gcc-10.2.1-1.1/bin/../lib/gcc/arm-none-eabi/10.2.1/../../../../arm-none-eabi/lib/thumb/v7-m/nofp\libc_nano.a
LOAD c:/users/korisnik/desktop/gnu mcu/arm-none-eabi-gcc-10.2.1-1.1/bin/../lib/gcc/arm-none-eabi/10.2.1/../../../../arm-none-eabi/lib/thumb/v7-m/nofp\libm.a
LOAD c:/users/korisnik/desktop/gnu mcu/arm-none-eabi-gcc-10.2.1-1.1/bin/../lib/gcc/arm-none-eabi/10.2.1/../../../../arm-none-eabi/lib/thumb/v7-m/nofp\libnosys.a
START GROUP
LOAD c:/users/korisnik/desktop/gnu mcu/arm-none-eabi-gcc-10.2.1-1.1/bin/../lib/gcc/arm-none-eabi/10.2.1/thumb/v7-m/nofp\libgcc.a
LOAD c:/users/korisnik/desktop/gnu mcu/arm-none-eabi-gcc-10.2.1-1.1/bin/../lib/gcc/arm-none-eabi/10.2.1/../../../../arm-none-eabi/lib/thumb/v7-m/nofp\libc_nano.a
END GROUP
START GROUP
LOAD c:/users/korisnik/desktop/gnu mcu/arm-none-eabi-gcc-10.2.1-1.1/bin/../lib/gcc/arm-none-eabi/10.2.1/thumb/v7-m/nofp\libgcc.a
LOAD c:/users/korisnik/desktop/gnu mcu/arm-none-eabi-gcc-10.2.1-1.1/bin/../lib/gcc/arm-none-eabi/10.2.1/../../../../arm-none-eabi/lib/thumb/v7-m/nofp\libc_nano.a
END GROUP
LOAD c:/users/korisnik/desktop/gnu mcu/arm-none-eabi-gcc-10.2.1-1.1/bin/../lib/gcc/arm-none-eabi/10.2.1/thumb/v7-m/nofp/crtend.o
LOAD c:/users/korisnik/desktop/gnu mcu/arm-none-eabi-gcc-10.2.1-1.1/bin/../lib/gcc/arm-none-eabi/10.2.1/thumb/v7-m/nofp/crtn.o
                0x0000000020002800                _estack = 0x20002800
                0x0000000000000200                _Min_Heap_Size = 0x200
                0x0000000000000400                _Min_Stack_Size = 0x400

.isr_vector     0x0000000008000000      0x10c
                0x0000000008000000                . = ALIGN (0x4)
 *(.isr_vector)
 .isr_vector    0x0000000008000000      0x10c build/startup_stm32f103x6_init.o
                0x0000000008000000                g_pfnVectors
                0x000000000800010c                . = ALIGN (0x4)

.text           0x0000000008000110     0x5b58
                0x0000000008000110                . = ALIGN (0x4)
 *(.text)
 .text          0x0000000008000110       0x10 c:/users/korisnik/desktop/gnu mcu/arm-none-eabi-gcc-10.2.1-1.1/bin/../lib/gcc/arm-none-eabi/10.2.1/../../../../arm-none-eabi/lib/thumb/v7-m/nofp\libc_nano.a(lib_a-strlen.o)
                0x0000000008000110                strlen
 .text          0x0000000008000120      0x254 c:/users/korisnik/desktop/gnu mcu/arm-none-eabi-gcc-10.2.1-1.1/bin/../lib/gcc/arm-none-eabi/10.2.1/thumb/v7-m/nofp\libgcc.a(_arm_muldf3.o)
                0x0000000008000120                __muldf3
                0x0000000008000120                __aeabi_dmul
 .text          0x0000000008000374      0x378 c:/users/korisnik/desktop/gnu mcu/arm-none-eabi-gcc-10.2.1-1.1/bin/../lib/gcc/arm-none-eabi/10.2.1/thumb/v7-m/nofp\libgcc.a(_arm_addsubdf3.o)
                0x0000000008000374                __aeabi_drsub
                0x000000000800037c                __aeabi_dsub
                0x000000000800037c                __subdf3
                0x0000000008000380                __aeabi_dadd
                0x0000000008000380                __adddf3
                0x00000000080005f8                __floatunsidf
                0x00000000080005f8                __aeabi_ui2d
                0x0000000008000618                __floatsidf
                0x0000000008000618                __aeabi_i2d
                0x000000000800063c                __aeabi_f2d
                0x000000000800063c                __extendsfdf2
                0x0000000008000680                __floatundidf
                0x0000000008000680                __aeabi_ul2d
                0x0000000008000690                __floatdidf
                0x0000000008000690                __aeabi_l2d
 .text          0x00000000080006ec       0xa0 c:/users/korisnik/desktop/gnu mcu/arm-none-eabi-gcc-10.2.1-1.1/bin/../lib/gcc/arm-none-eabi/10.2.1/thumb/v7-m/nofp\libgcc.a(_arm_truncdfsf2.o)
                0x00000000080006ec                __truncdfsf2
                0x00000000080006ec                __aeabi_d2f
 .text          0x000000000800078c      0x21c c:/users/korisnik/desktop/gnu mcu/arm-none-eabi-gcc-10.2.1-1.1/bin/../lib/gcc/arm-none-eabi/10.2.1/thumb/v7-m/nofp\libgcc.a(_arm_addsubsf3.o)
                0x000000000800078c                __aeabi_frsub
                0x0000000008000794                __subsf3
                0x0000000008000794                __aeabi_fsub
                0x0000000008000798                __aeabi_fadd
                0x0000000008000798                __addsf3
                0x00000000080008f8                __aeabi_ui2f
                0x00000000080008f8                __floatunsisf
                0x0000000008000900                __aeabi_i2f
                0x0000000008000900                __floatsisf
                0x000000000800091c                __aeabi_ul2f
                0x000000000800091c                __floatundisf
                0x000000000800092c                __aeabi_l2f
                0x000000000800092c                __floatdisf
 .text          0x00000000080009a8      0x2a0 c:/users/korisnik/desktop/gnu mcu/arm-none-eabi-gcc-10.2.1-1.1/bin/../lib/gcc/arm-none-eabi/10.2.1/thumb/v7-m/nofp\libgcc.a(_arm_muldivsf3.o)
                0x00000000080009a8                __mulsf3
                0x00000000080009a8                __aeabi_fmul
                0x0000000008000b10                __aeabi_fdiv
                0x0000000008000b10                __divsf3
 .text          0x0000000008000c48       0xec c:/users/korisnik/desktop/gnu mcu/arm-none-eabi-gcc-10.2.1-1.1/bin/../lib/gcc/arm-none-eabi/10.2.1/thumb/v7-m/nofp\libgcc.a(_arm_cmpsf2.o)
                0x0000000008000c48                __gesf2
                0x0000000008000c48                __gtsf2
                0x0000000008000c50                __lesf2
                0x0000000008000c50                __ltsf2
                0x0000000008000c58                __nesf2
                0x0000000008000c58                __eqsf2
                0x0000000008000c58                __cmpsf2
                0x0000000008000cb8                __aeabi_cfrcmple
                0x0000000008000cc0                __aeabi_cfcmpeq
                0x0000000008000cc0                __aeabi_cfcmple
                0x0000000008000cd0                __aeabi_fcmpeq
                0x0000000008000ce4                __aeabi_fcmplt
                0x0000000008000cf8                __aeabi_fcmple
                0x0000000008000d0c                __aeabi_fcmpge
                0x0000000008000d20                __aeabi_fcmpgt
 .text          0x0000000008000d34       0x4c c:/users/korisnik/desktop/gnu mcu/arm-none-eabi-gcc-10.2.1-1.1/bin/../lib/gcc/arm-none-eabi/10.2.1/thumb/v7-m/nofp\libgcc.a(_arm_fixsfsi.o)
                0x0000000008000d34                __aeabi_f2iz
                0x0000000008000d34                __fixsfsi
 *(.text*)
 .text.__do_global_dtors_aux
                0x0000000008000d80       0x24 c:/users/korisnik/desktop/gnu mcu/arm-none-eabi-gcc-10.2.1-1.1/bin/../lib/gcc/arm-none-eabi/10.2.1/thumb/v7-m/nofp/crtbegin.o
 .text.frame_dummy
                0x0000000008000da4       0x1c c:/users/korisnik/desktop/gnu mcu/arm-none-eabi-gcc-10.2.1-1.1/bin/../lib/gcc/arm-none-eabi/10.2.1/thumb/v7-m/nofp/crtbegin.o
 .text.voltage2WindBearing
                0x0000000008000dc0       0x38 build/driver_temp.o
 .text.temp_task
                0x0000000008000df8       0xd0 build/driver_temp.o
 .text.HAL_ADC_ConvCpltCallback
                0x0000000008000ec8       0x48 build/driver_temp.o
                0x0000000008000ec8                HAL_ADC_ConvCpltCallback
 .text.HAL_TIM_IC_CaptureCallback
                0x0000000008000f10       0x8c build/driver_temp.o
                0x0000000008000f10                HAL_TIM_IC_CaptureCallback
 .text.temp_init
                0x0000000008000f9c       0x48 build/driver_temp.o
                0x0000000008000f9c                temp_init
 .text.UART_TransmitTask
                0x0000000008000fe4       0x40 build/driver_uart.o
 .text.HAL_UART_TxCpltCallback
                0x0000000008001024       0x48 build/driver_uart.o
                0x0000000008001024                HAL_UART_TxCpltCallback
 .text.UART_Init
                0x000000000800106c       0x44 build/driver_uart.o
                0x000000000800106c                UART_Init
 .text.UART_AsyncTransmitCharacter
                0x00000000080010b0       0x28 build/driver_uart.o
                0x00000000080010b0                UART_AsyncTransmitCharacter
 .text.LCD_Write
                0x00000000080010d8       0x28 build/driver_lcd.o
 .text.LCD_CommandInitiate
                0x0000000008001100       0x24 build/driver_lcd.o
 .text.LCD_Task
                0x0000000008001124       0x60 build/driver_lcd.o
 .text.LCD_Init
                0x0000000008001184       0x44 build/driver_lcd.o
                0x0000000008001184                LCD_Init
 .text.LCD_CommandEnqueue
                0x00000000080011c8       0x28 build/driver_lcd.o
                0x00000000080011c8                LCD_CommandEnqueue
 .text.led_dioda
                0x00000000080011f0       0x40 build/homework.o
                0x00000000080011f0                led_dioda
 .text.homeworkTask
                0x0000000008001230      0x260 build/homework.o
 .text.homeworkInit
                0x0000000008001490       0x84 build/homework.o
                0x0000000008001490                homeworkInit
 .text.HAL_TIM_PeriodElapsedCallback
                0x0000000008001514       0x34 build/main.o
                0x0000000008001514                HAL_TIM_PeriodElapsedCallback
 .text.Error_Handler
                0x0000000008001548        0x4 build/main.o
                0x0000000008001548                Error_Handler
 .text.SystemClock_Config
                0x000000000800154c       0x84 build/main.o
                0x000000000800154c                SystemClock_Config
 .text.main     0x00000000080015d0       0x5c build/main.o
                0x00000000080015d0                main
 .text.MX_GPIO_Init
                0x000000000800162c       0xa8 build/gpio.o
                0x000000000800162c                MX_GPIO_Init
 .text.StartDefaultTask
                0x00000000080016d4       0x10 build/freertos.o
                0x00000000080016d4                StartDefaultTask
 .text.MX_FREERTOS_Init
                0x00000000080016e4       0x24 build/freertos.o
                0x00000000080016e4                MX_FREERTOS_Init
 .text.MX_TIM1_Init
                0x0000000008001708       0x88 build/tim.o
                0x0000000008001708                MX_TIM1_Init
 .text.MX_TIM3_Init
                0x0000000008001790       0x80 build/tim.o
                0x0000000008001790                MX_TIM3_Init
 .text.HAL_TIM_IC_MspInit
                0x0000000008001810       0x78 build/tim.o
                0x0000000008001810                HAL_TIM_IC_MspInit
 .text.HAL_TIM_Base_MspInit
                0x0000000008001888       0x2c build/tim.o
                0x0000000008001888                HAL_TIM_Base_MspInit
 .text.MX_USART1_UART_Init
                0x00000000080018b4       0x3c build/usart.o
                0x00000000080018b4                MX_USART1_UART_Init
 .text.HAL_UART_MspInit
                0x00000000080018f0       0xa0 build/usart.o
                0x00000000080018f0                HAL_UART_MspInit
 .text.NMI_Handler
                0x0000000008001990        0x2 build/stm32f1xx_it.o
                0x0000000008001990                NMI_Handler
 .text.HardFault_Handler
                0x0000000008001992        0x2 build/stm32f1xx_it.o
                0x0000000008001992                HardFault_Handler
 .text.MemManage_Handler
                0x0000000008001994        0x2 build/stm32f1xx_it.o
                0x0000000008001994                MemManage_Handler
 .text.BusFault_Handler
                0x0000000008001996        0x2 build/stm32f1xx_it.o
                0x0000000008001996                BusFault_Handler
 .text.UsageFault_Handler
                0x0000000008001998        0x2 build/stm32f1xx_it.o
                0x0000000008001998                UsageFault_Handler
 .text.DebugMon_Handler
                0x000000000800199a        0x2 build/stm32f1xx_it.o
                0x000000000800199a                DebugMon_Handler
 .text.ADC1_2_IRQHandler
                0x000000000800199c       0x14 build/stm32f1xx_it.o
                0x000000000800199c                ADC1_2_IRQHandler
 .text.TIM1_CC_IRQHandler
                0x00000000080019b0       0x14 build/stm32f1xx_it.o
                0x00000000080019b0                TIM1_CC_IRQHandler
 .text.TIM2_IRQHandler
                0x00000000080019c4       0x14 build/stm32f1xx_it.o
                0x00000000080019c4                TIM2_IRQHandler
 .text.USART1_IRQHandler
                0x00000000080019d8       0x14 build/stm32f1xx_it.o
                0x00000000080019d8                USART1_IRQHandler
 .text.HAL_MspInit
                0x00000000080019ec       0x58 build/stm32f1xx_hal_msp.o
                0x00000000080019ec                HAL_MspInit
 .text.HAL_InitTick
                0x0000000008001a44       0x90 build/stm32f1xx_hal_timebase_tim.o
                0x0000000008001a44                HAL_InitTick
 .text.HAL_Init
                0x0000000008001ad4       0x30 build/stm32f1xx_hal.o
                0x0000000008001ad4                HAL_Init
 .text.HAL_IncTick
                0x0000000008001b04       0x18 build/stm32f1xx_hal.o
                0x0000000008001b04                HAL_IncTick
 .text.HAL_GetTick
                0x0000000008001b1c        0xc build/stm32f1xx_hal.o
                0x0000000008001b1c                HAL_GetTick
 .text.RCC_Delay
                0x0000000008001b28       0x2c build/stm32f1xx_hal_rcc.o
 .text.HAL_RCC_OscConfig
                0x0000000008001b54      0x420 build/stm32f1xx_hal_rcc.o
                0x0000000008001b54                HAL_RCC_OscConfig
 .text.HAL_RCC_GetSysClockFreq
                0x0000000008001f74       0x6c build/stm32f1xx_hal_rcc.o
                0x0000000008001f74                HAL_RCC_GetSysClockFreq
 .text.HAL_RCC_ClockConfig
                0x0000000008001fe0      0x178 build/stm32f1xx_hal_rcc.o
                0x0000000008001fe0                HAL_RCC_ClockConfig
 .text.HAL_RCC_GetHCLKFreq
                0x0000000008002158        0xc build/stm32f1xx_hal_rcc.o
                0x0000000008002158                HAL_RCC_GetHCLKFreq
 .text.HAL_RCC_GetPCLK1Freq
                0x0000000008002164       0x24 build/stm32f1xx_hal_rcc.o
                0x0000000008002164                HAL_RCC_GetPCLK1Freq
 .text.HAL_RCC_GetPCLK2Freq
                0x0000000008002188       0x24 build/stm32f1xx_hal_rcc.o
                0x0000000008002188                HAL_RCC_GetPCLK2Freq
 .text.HAL_RCC_GetClockConfig
                0x00000000080021ac       0x3c build/stm32f1xx_hal_rcc.o
                0x00000000080021ac                HAL_RCC_GetClockConfig
 .text.HAL_RCCEx_PeriphCLKConfig
                0x00000000080021e8      0x11c build/stm32f1xx_hal_rcc_ex.o
                0x00000000080021e8                HAL_RCCEx_PeriphCLKConfig
 .text.HAL_GPIO_Init
                0x0000000008002304      0x220 build/stm32f1xx_hal_gpio.o
                0x0000000008002304                HAL_GPIO_Init
 .text.HAL_GPIO_WritePin
                0x0000000008002524        0xc build/stm32f1xx_hal_gpio.o
                0x0000000008002524                HAL_GPIO_WritePin
 .text.HAL_GPIO_TogglePin
                0x0000000008002530       0x12 build/stm32f1xx_hal_gpio.o
                0x0000000008002530                HAL_GPIO_TogglePin
 .text.HAL_DMA_Abort
                0x0000000008002542       0x44 build/stm32f1xx_hal_dma.o
                0x0000000008002542                HAL_DMA_Abort
 *fill*         0x0000000008002586        0x2 
 .text.HAL_DMA_Abort_IT
                0x0000000008002588       0x98 build/stm32f1xx_hal_dma.o
                0x0000000008002588                HAL_DMA_Abort_IT
 .text.HAL_NVIC_SetPriorityGrouping
                0x0000000008002620       0x24 build/stm32f1xx_hal_cortex.o
                0x0000000008002620                HAL_NVIC_SetPriorityGrouping
 .text.HAL_NVIC_SetPriority
                0x0000000008002644       0x70 build/stm32f1xx_hal_cortex.o
                0x0000000008002644                HAL_NVIC_SetPriority
 .text.HAL_NVIC_EnableIRQ
                0x00000000080026b4       0x1c build/stm32f1xx_hal_cortex.o
                0x00000000080026b4                HAL_NVIC_EnableIRQ
 .text.TIM_TI1_ConfigInputStage
                0x00000000080026d0       0x24 build/stm32f1xx_hal_tim.o
 .text.TIM_TI2_SetConfig
                0x00000000080026f4       0x36 build/stm32f1xx_hal_tim.o
 .text.TIM_TI2_ConfigInputStage
                0x000000000800272a       0x26 build/stm32f1xx_hal_tim.o
 .text.TIM_TI3_SetConfig
                0x0000000008002750       0x36 build/stm32f1xx_hal_tim.o
 .text.TIM_TI4_SetConfig
                0x0000000008002786       0x36 build/stm32f1xx_hal_tim.o
 .text.TIM_ITRx_SetConfig
                0x00000000080027bc       0x10 build/stm32f1xx_hal_tim.o
 .text.HAL_TIM_Base_Start_IT
                0x00000000080027cc       0x60 build/stm32f1xx_hal_tim.o
                0x00000000080027cc                HAL_TIM_Base_Start_IT
 .text.HAL_TIM_OC_DelayElapsedCallback
                0x000000000800282c        0x2 build/stm32f1xx_hal_tim.o
                0x000000000800282c                HAL_TIM_OC_DelayElapsedCallback
 .text.HAL_TIM_PWM_PulseFinishedCallback
                0x000000000800282e        0x2 build/stm32f1xx_hal_tim.o
                0x000000000800282e                HAL_TIM_PWM_PulseFinishedCallback
 .text.HAL_TIM_TriggerCallback
                0x0000000008002830        0x2 build/stm32f1xx_hal_tim.o
                0x0000000008002830                HAL_TIM_TriggerCallback
 *fill*         0x0000000008002832        0x2 
 .text.HAL_TIM_IRQHandler
                0x0000000008002834      0x198 build/stm32f1xx_hal_tim.o
                0x0000000008002834                HAL_TIM_IRQHandler
 .text.TIM_Base_SetConfig
                0x00000000080029cc       0x64 build/stm32f1xx_hal_tim.o
                0x00000000080029cc                TIM_Base_SetConfig
 .text.HAL_TIM_Base_Init
                0x0000000008002a30       0x60 build/stm32f1xx_hal_tim.o
                0x0000000008002a30                HAL_TIM_Base_Init
 .text.HAL_TIM_IC_Init
                0x0000000008002a90       0x60 build/stm32f1xx_hal_tim.o
                0x0000000008002a90                HAL_TIM_IC_Init
 .text.TIM_TI1_SetConfig
                0x0000000008002af0       0x50 build/stm32f1xx_hal_tim.o
                0x0000000008002af0                TIM_TI1_SetConfig
 .text.HAL_TIM_IC_ConfigChannel
                0x0000000008002b40       0xc4 build/stm32f1xx_hal_tim.o
                0x0000000008002b40                HAL_TIM_IC_ConfigChannel
 .text.TIM_ETR_SetConfig
                0x0000000008002c04       0x18 build/stm32f1xx_hal_tim.o
                0x0000000008002c04                TIM_ETR_SetConfig
 .text.HAL_TIM_ConfigClockSource
                0x0000000008002c1c       0xec build/stm32f1xx_hal_tim.o
                0x0000000008002c1c                HAL_TIM_ConfigClockSource
 .text.TIM_CCxChannelCmd
                0x0000000008002d08       0x1e build/stm32f1xx_hal_tim.o
                0x0000000008002d08                TIM_CCxChannelCmd
 *fill*         0x0000000008002d26        0x2 
 .text.HAL_TIM_IC_Start_IT
                0x0000000008002d28      0x14c build/stm32f1xx_hal_tim.o
                0x0000000008002d28                HAL_TIM_IC_Start_IT
 .text.HAL_TIMEx_MasterConfigSynchronization
                0x0000000008002e74       0x64 build/stm32f1xx_hal_tim_ex.o
                0x0000000008002e74                HAL_TIMEx_MasterConfigSynchronization
 .text.HAL_TIMEx_CommutCallback
                0x0000000008002ed8        0x2 build/stm32f1xx_hal_tim_ex.o
                0x0000000008002ed8                HAL_TIMEx_CommutCallback
 .text.HAL_TIMEx_BreakCallback
                0x0000000008002eda        0x2 build/stm32f1xx_hal_tim_ex.o
                0x0000000008002eda                HAL_TIMEx_BreakCallback
 .text.UART_EndRxTransfer
                0x0000000008002edc       0x32 build/stm32f1xx_hal_uart.o
 .text.UART_Transmit_IT
                0x0000000008002f0e       0x60 build/stm32f1xx_hal_uart.o
 *fill*         0x0000000008002f6e        0x2 
 .text.UART_SetConfig
                0x0000000008002f70       0x9c build/stm32f1xx_hal_uart.o
 .text.HAL_UART_Init
                0x000000000800300c       0x68 build/stm32f1xx_hal_uart.o
                0x000000000800300c                HAL_UART_Init
 .text.HAL_UART_Transmit_IT
                0x0000000008003074       0x4e build/stm32f1xx_hal_uart.o
                0x0000000008003074                HAL_UART_Transmit_IT
 *fill*         0x00000000080030c2        0x2 
 .text.UART_EndTransmit_IT
                0x00000000080030c4       0x20 build/stm32f1xx_hal_uart.o
 .text.HAL_UART_RxCpltCallback
                0x00000000080030e4        0x2 build/stm32f1xx_hal_uart.o
                0x00000000080030e4                HAL_UART_RxCpltCallback
 .text.HAL_UART_ErrorCallback
                0x00000000080030e6        0x2 build/stm32f1xx_hal_uart.o
                0x00000000080030e6                HAL_UART_ErrorCallback
 .text.UART_DMAAbortOnError
                0x00000000080030e8       0x14 build/stm32f1xx_hal_uart.o
 .text.HAL_UARTEx_RxEventCallback
                0x00000000080030fc        0x2 build/stm32f1xx_hal_uart.o
                0x00000000080030fc                HAL_UARTEx_RxEventCallback
 *fill*         0x00000000080030fe        0x2 
 .text.UART_Receive_IT
                0x0000000008003100       0xdc build/stm32f1xx_hal_uart.o
 .text.HAL_UART_IRQHandler
                0x00000000080031dc      0x224 build/stm32f1xx_hal_uart.o
                0x00000000080031dc                HAL_UART_IRQHandler
 .text.SystemInit
                0x0000000008003400        0x2 build/system_stm32f1xx.o
                0x0000000008003400                SystemInit
 .text.vListInitialise
                0x0000000008003402       0x16 build/list.o
                0x0000000008003402                vListInitialise
 .text.vListInitialiseItem
                0x0000000008003418        0x6 build/list.o
                0x0000000008003418                vListInitialiseItem
 .text.vListInsertEnd
                0x000000000800341e       0x16 build/list.o
                0x000000000800341e                vListInsertEnd
 .text.vListInsert
                0x0000000008003434       0x32 build/list.o
                0x0000000008003434                vListInsert
 .text.uxListRemove
                0x0000000008003466       0x26 build/list.o
                0x0000000008003466                uxListRemove
 .text.prvIsQueueFull
                0x000000000800348c       0x28 build/queue.o
 .text.prvIsQueueEmpty
                0x00000000080034b4       0x24 build/queue.o
 .text.prvCopyDataToQueue
                0x00000000080034d8       0x80 build/queue.o
 .text.prvCopyDataFromQueue
                0x0000000008003558       0x28 build/queue.o
 .text.prvUnlockQueue
                0x0000000008003580       0x80 build/queue.o
 .text.xQueueGenericReset
                0x0000000008003600       0x94 build/queue.o
                0x0000000008003600                xQueueGenericReset
 .text.prvInitialiseNewQueue
                0x0000000008003694       0x28 build/queue.o
 .text.xQueueGenericCreateStatic
                0x00000000080036bc       0x98 build/queue.o
                0x00000000080036bc                xQueueGenericCreateStatic
 .text.xQueueGenericCreate
                0x0000000008003754       0x58 build/queue.o
                0x0000000008003754                xQueueGenericCreate
 .text.xQueueGenericSend
                0x00000000080037ac      0x1b8 build/queue.o
                0x00000000080037ac                xQueueGenericSend
 .text.xQueueGenericSendFromISR
                0x0000000008003964       0xd8 build/queue.o
                0x0000000008003964                xQueueGenericSendFromISR
 .text.xQueueReceive
                0x0000000008003a3c      0x190 build/queue.o
                0x0000000008003a3c                xQueueReceive
 .text.vQueueAddToRegistry
                0x0000000008003bcc       0x28 build/queue.o
                0x0000000008003bcc                vQueueAddToRegistry
 .text.vQueueWaitForMessageRestricted
                0x0000000008003bf4       0x64 build/queue.o
                0x0000000008003bf4                vQueueWaitForMessageRestricted
 .text.prvResetNextTaskUnblockTime
                0x0000000008003c58       0x2c build/tasks.o
 .text.prvInitialiseNewTask
                0x0000000008003c84       0xa8 build/tasks.o
 .text.prvInitialiseTaskLists
                0x0000000008003d2c       0x64 build/tasks.o
 .text.prvAddNewTaskToReadyList
                0x0000000008003d90       0xbc build/tasks.o
 .text.prvDeleteTCB
                0x0000000008003e4c       0x3c build/tasks.o
 .text.prvCheckTasksWaitingTermination
                0x0000000008003e88       0x5c build/tasks.o
 .text.prvIdleTask
                0x0000000008003ee4       0x2c build/tasks.o
 .text.prvAddCurrentTaskToDelayedList
                0x0000000008003f10       0x88 build/tasks.o
 .text.xTaskCreateStatic
                0x0000000008003f98       0x7c build/tasks.o
                0x0000000008003f98                xTaskCreateStatic
 .text.xTaskCreate
                0x0000000008004014       0x78 build/tasks.o
                0x0000000008004014                xTaskCreate
 .text.vTaskStartScheduler
                0x000000000800408c       0xac build/tasks.o
                0x000000000800408c                vTaskStartScheduler
 .text.vTaskSuspendAll
                0x0000000008004138       0x10 build/tasks.o
                0x0000000008004138                vTaskSuspendAll
 .text.xTaskGetTickCount
                0x0000000008004148        0xc build/tasks.o
                0x0000000008004148                xTaskGetTickCount
 .text.xTaskIncrementTick
                0x0000000008004154      0x124 build/tasks.o
                0x0000000008004154                xTaskIncrementTick
 .text.xTaskResumeAll
                0x0000000008004278      0x10c build/tasks.o
                0x0000000008004278                xTaskResumeAll
 .text.vTaskDelay
                0x0000000008004384       0x58 build/tasks.o
                0x0000000008004384                vTaskDelay
 .text.vTaskSwitchContext
                0x00000000080043dc       0x94 build/tasks.o
                0x00000000080043dc                vTaskSwitchContext
 .text.vTaskPlaceOnEventList
                0x0000000008004470       0x38 build/tasks.o
                0x0000000008004470                vTaskPlaceOnEventList
 .text.vTaskPlaceOnEventListRestricted
                0x00000000080044a8       0x40 build/tasks.o
                0x00000000080044a8                vTaskPlaceOnEventListRestricted
 .text.xTaskRemoveFromEventList
                0x00000000080044e8       0x94 build/tasks.o
                0x00000000080044e8                xTaskRemoveFromEventList
 .text.vTaskInternalSetTimeOutState
                0x000000000800457c       0x18 build/tasks.o
                0x000000000800457c                vTaskInternalSetTimeOutState
 .text.xTaskCheckForTimeOut
                0x0000000008004594       0x90 build/tasks.o
                0x0000000008004594                xTaskCheckForTimeOut
 .text.vTaskMissedYield
                0x0000000008004624        0xc build/tasks.o
                0x0000000008004624                vTaskMissedYield
 .text.xTaskGetSchedulerState
                0x0000000008004630       0x20 build/tasks.o
                0x0000000008004630                xTaskGetSchedulerState
 .text.xTaskPriorityDisinherit
                0x0000000008004650       0x98 build/tasks.o
                0x0000000008004650                xTaskPriorityDisinherit
 .text.ulTaskNotifyTake
                0x00000000080046e8       0x84 build/tasks.o
                0x00000000080046e8                ulTaskNotifyTake
 .text.vTaskNotifyGiveFromISR
                0x000000000800476c       0xdc build/tasks.o
                0x000000000800476c                vTaskNotifyGiveFromISR
 .text.prvGetNextExpireTime
                0x0000000008004848       0x20 build/timers.o
 .text.prvInsertTimerInActiveList
                0x0000000008004868       0x4c build/timers.o
 .text.prvCheckForValidListAndQueue
                0x00000000080048b4       0x80 build/timers.o
 .text.prvInitialiseNewTimer
                0x0000000008004934       0x48 build/timers.o
 .text.xTimerCreateTimerTask
                0x000000000800497c       0x70 build/timers.o
                0x000000000800497c                xTimerCreateTimerTask
 .text.xTimerCreate
                0x00000000080049ec       0x40 build/timers.o
                0x00000000080049ec                xTimerCreate
 .text.xTimerGenericCommand
                0x0000000008004a2c       0x78 build/timers.o
                0x0000000008004a2c                xTimerGenericCommand
 .text.prvSwitchTimerLists
                0x0000000008004aa4       0x88 build/timers.o
 .text.prvSampleTimeNow
                0x0000000008004b2c       0x34 build/timers.o
 .text.prvProcessExpiredTimer
                0x0000000008004b60       0x6c build/timers.o
 .text.prvProcessTimerOrBlockTask
                0x0000000008004bcc       0x88 build/timers.o
 .text.prvProcessReceivedCommands
                0x0000000008004c54      0x110 build/timers.o
 .text.prvTimerTask
                0x0000000008004d64       0x24 build/timers.o
 .text.osKernelInitialize
                0x0000000008004d88       0x44 build/cmsis_os2.o
                0x0000000008004d88                osKernelInitialize
 .text.osKernelStart
                0x0000000008004dcc       0x50 build/cmsis_os2.o
                0x0000000008004dcc                osKernelStart
 .text.osThreadNew
                0x0000000008004e1c       0xf4 build/cmsis_os2.o
                0x0000000008004e1c                osThreadNew
 .text.osDelay  0x0000000008004f10       0x48 build/cmsis_os2.o
                0x0000000008004f10                osDelay
 .text.vApplicationGetIdleTaskMemory
                0x0000000008004f58       0x18 build/cmsis_os2.o
                0x0000000008004f58                vApplicationGetIdleTaskMemory
 .text.vApplicationGetTimerTaskMemory
                0x0000000008004f70       0x18 build/cmsis_os2.o
                0x0000000008004f70                vApplicationGetTimerTaskMemory
 .text.prvHeapInit
                0x0000000008004f88       0x64 build/heap_4.o
 .text.prvInsertBlockIntoFreeList
                0x0000000008004fec       0x60 build/heap_4.o
 .text.pvPortMalloc
                0x000000000800504c      0x100 build/heap_4.o
                0x000000000800504c                pvPortMalloc
 .text.vPortFree
                0x000000000800514c       0x7c build/heap_4.o
                0x000000000800514c                vPortFree
 .text.prvTaskExitError
                0x00000000080051c8       0x40 build/port.o
 .text.prvPortStartFirstTask
                0x0000000008005208       0x20 build/port.o
 .text.pxPortInitialiseStack
                0x0000000008005228       0x24 build/port.o
                0x0000000008005228                pxPortInitialiseStack
 *fill*         0x000000000800524c        0x4 
 .text.SVC_Handler
                0x0000000008005250       0x24 build/port.o
                0x0000000008005250                SVC_Handler
 .text.vPortEnterCritical
                0x0000000008005274       0x44 build/port.o
                0x0000000008005274                vPortEnterCritical
 .text.vPortExitCritical
                0x00000000080052b8       0x2c build/port.o
                0x00000000080052b8                vPortExitCritical
 *fill*         0x00000000080052e4        0xc 
 .text.PendSV_Handler
                0x00000000080052f0       0x44 build/port.o
                0x00000000080052f0                PendSV_Handler
 .text.SysTick_Handler
                0x0000000008005334       0x30 build/port.o
                0x0000000008005334                SysTick_Handler
 .text.vPortSetupTimerInterrupt
                0x0000000008005364       0x28 build/port.o
                0x0000000008005364                vPortSetupTimerInterrupt
 .text.xPortStartScheduler
                0x000000000800538c       0xb8 build/port.o
                0x000000000800538c                xPortStartScheduler
 .text.vPortValidateInterruptPriority
                0x0000000008005444       0x5c build/port.o
                0x0000000008005444                vPortValidateInterruptPriority
 .text.MX_ADC1_Init
                0x00000000080054a0       0x68 build/adc.o
                0x00000000080054a0                MX_ADC1_Init
 .text.HAL_ADC_MspInit
                0x0000000008005508       0x7c build/adc.o
                0x0000000008005508                HAL_ADC_MspInit
 .text.HAL_ADC_GetValue
                0x0000000008005584        0x6 build/stm32f1xx_hal_adc.o
                0x0000000008005584                HAL_ADC_GetValue
 .text.HAL_ADC_LevelOutOfWindowCallback
                0x000000000800558a        0x2 build/stm32f1xx_hal_adc.o
                0x000000000800558a                HAL_ADC_LevelOutOfWindowCallback
 .text.HAL_ADC_IRQHandler
                0x000000000800558c      0x118 build/stm32f1xx_hal_adc.o
                0x000000000800558c                HAL_ADC_IRQHandler
 .text.HAL_ADC_ConfigChannel
                0x00000000080056a4      0x144 build/stm32f1xx_hal_adc.o
                0x00000000080056a4                HAL_ADC_ConfigChannel
 .text.ADC_Enable
                0x00000000080057e8       0x8c build/stm32f1xx_hal_adc.o
                0x00000000080057e8                ADC_Enable
 .text.HAL_ADC_Start_IT
                0x0000000008005874       0xf4 build/stm32f1xx_hal_adc.o
                0x0000000008005874                HAL_ADC_Start_IT
 .text.ADC_ConversionStop_Disable
                0x0000000008005968       0x5c build/stm32f1xx_hal_adc.o
                0x0000000008005968                ADC_ConversionStop_Disable
 .text.HAL_ADC_Init
                0x00000000080059c4      0x110 build/stm32f1xx_hal_adc.o
                0x00000000080059c4                HAL_ADC_Init
 .text.HAL_ADCEx_InjectedConvCpltCallback
                0x0000000008005ad4        0x2 build/stm32f1xx_hal_adc_ex.o
                0x0000000008005ad4                HAL_ADCEx_InjectedConvCpltCallback
 *fill*         0x0000000008005ad6        0x2 
 .text.Reset_Handler
                0x0000000008005ad8       0x48 build/startup_stm32f103x6_init.o
                0x0000000008005ad8                Reset_Handler
 .text.Default_Handler
                0x0000000008005b20        0x2 build/startup_stm32f103x6_init.o
                0x0000000008005b20                RTC_Alarm_IRQHandler
                0x0000000008005b20                EXTI2_IRQHandler
                0x0000000008005b20                PVD_IRQHandler
                0x0000000008005b20                EXTI3_IRQHandler
                0x0000000008005b20                EXTI0_IRQHandler
                0x0000000008005b20                SPI1_IRQHandler
                0x0000000008005b20                TAMPER_IRQHandler
                0x0000000008005b20                DMA1_Channel4_IRQHandler
                0x0000000008005b20                RTC_IRQHandler
                0x0000000008005b20                DMA1_Channel7_IRQHandler
                0x0000000008005b20                CAN1_RX1_IRQHandler
                0x0000000008005b20                I2C1_EV_IRQHandler
                0x0000000008005b20                DMA1_Channel6_IRQHandler
                0x0000000008005b20                TIM3_IRQHandler
                0x0000000008005b20                RCC_IRQHandler
                0x0000000008005b20                TIM1_TRG_COM_IRQHandler
                0x0000000008005b20                DMA1_Channel1_IRQHandler
                0x0000000008005b20                Default_Handler
                0x0000000008005b20                EXTI15_10_IRQHandler
                0x0000000008005b20                EXTI9_5_IRQHandler
                0x0000000008005b20                DMA1_Channel5_IRQHandler
                0x0000000008005b20                EXTI4_IRQHandler
                0x0000000008005b20                USB_LP_CAN1_RX0_IRQHandler
                0x0000000008005b20                USB_HP_CAN1_TX_IRQHandler
                0x0000000008005b20                DMA1_Channel3_IRQHandler
                0x0000000008005b20                TIM1_UP_IRQHandler
                0x0000000008005b20                WWDG_IRQHandler
                0x0000000008005b20                TIM1_BRK_IRQHandler
                0x0000000008005b20                EXTI1_IRQHandler
                0x0000000008005b20                USART2_IRQHandler
                0x0000000008005b20                DMA1_Channel2_IRQHandler
                0x0000000008005b20                CAN1_SCE_IRQHandler
                0x0000000008005b20                FLASH_IRQHandler
                0x0000000008005b20                I2C1_ER_IRQHandler
                0x0000000008005b20                USBWakeUp_IRQHandler
 *fill*         0x0000000008005b22        0x2 
 .text.__libc_init_array
                0x0000000008005b24       0x48 c:/users/korisnik/desktop/gnu mcu/arm-none-eabi-gcc-10.2.1-1.1/bin/../lib/gcc/arm-none-eabi/10.2.1/../../../../arm-none-eabi/lib/thumb/v7-m/nofp\libc_nano.a(lib_a-init.o)
                0x0000000008005b24                __libc_init_array
 .text.__itoa   0x0000000008005b6c       0x30 c:/users/korisnik/desktop/gnu mcu/arm-none-eabi-gcc-10.2.1-1.1/bin/../lib/gcc/arm-none-eabi/10.2.1/../../../../arm-none-eabi/lib/thumb/v7-m/nofp\libc_nano.a(lib_a-itoa.o)
                0x0000000008005b6c                __itoa
 .text.itoa     0x0000000008005b9c        0x4 c:/users/korisnik/desktop/gnu mcu/arm-none-eabi-gcc-10.2.1-1.1/bin/../lib/gcc/arm-none-eabi/10.2.1/../../../../arm-none-eabi/lib/thumb/v7-m/nofp\libc_nano.a(lib_a-itoa.o)
                0x0000000008005b9c                itoa
 .text.memcpy   0x0000000008005ba0       0x1c c:/users/korisnik/desktop/gnu mcu/arm-none-eabi-gcc-10.2.1-1.1/bin/../lib/gcc/arm-none-eabi/10.2.1/../../../../arm-none-eabi/lib/thumb/v7-m/nofp\libc_nano.a(lib_a-memcpy-stub.o)
                0x0000000008005ba0                memcpy
 .text.memset   0x0000000008005bbc       0x10 c:/users/korisnik/desktop/gnu mcu/arm-none-eabi-gcc-10.2.1-1.1/bin/../lib/gcc/arm-none-eabi/10.2.1/../../../../arm-none-eabi/lib/thumb/v7-m/nofp\libc_nano.a(lib_a-memset.o)
                0x0000000008005bbc                memset
 .text.__utoa   0x0000000008005bcc       0x84 c:/users/korisnik/desktop/gnu mcu/arm-none-eabi-gcc-10.2.1-1.1/bin/../lib/gcc/arm-none-eabi/10.2.1/../../../../arm-none-eabi/lib/thumb/v7-m/nofp\libc_nano.a(lib_a-utoa.o)
                0x0000000008005bcc                __utoa
 *(.glue_7)
 .glue_7        0x0000000008005c50        0x0 linker stubs
 *(.glue_7t)
 .glue_7t       0x0000000008005c50        0x0 linker stubs
 *(.eh_frame)
 .eh_frame      0x0000000008005c50        0x0 c:/users/korisnik/desktop/gnu mcu/arm-none-eabi-gcc-10.2.1-1.1/bin/../lib/gcc/arm-none-eabi/10.2.1/thumb/v7-m/nofp/crtbegin.o
 *(.init)
 .init          0x0000000008005c50        0x4 c:/users/korisnik/desktop/gnu mcu/arm-none-eabi-gcc-10.2.1-1.1/bin/../lib/gcc/arm-none-eabi/10.2.1/thumb/v7-m/nofp/crti.o
                0x0000000008005c50                _init
 .init          0x0000000008005c54        0x8 c:/users/korisnik/desktop/gnu mcu/arm-none-eabi-gcc-10.2.1-1.1/bin/../lib/gcc/arm-none-eabi/10.2.1/thumb/v7-m/nofp/crtn.o
 *(.fini)
 .fini          0x0000000008005c5c        0x4 c:/users/korisnik/desktop/gnu mcu/arm-none-eabi-gcc-10.2.1-1.1/bin/../lib/gcc/arm-none-eabi/10.2.1/thumb/v7-m/nofp/crti.o
                0x0000000008005c5c                _fini
 .fini          0x0000000008005c60        0x8 c:/users/korisnik/desktop/gnu mcu/arm-none-eabi-gcc-10.2.1-1.1/bin/../lib/gcc/arm-none-eabi/10.2.1/thumb/v7-m/nofp/crtn.o
                0x0000000008005c68                . = ALIGN (0x4)
                0x0000000008005c68                _etext = .

.vfp11_veneer   0x0000000008005c68        0x0
 .vfp11_veneer  0x0000000008005c68        0x0 linker stubs

.v4_bx          0x0000000008005c68        0x0
 .v4_bx         0x0000000008005c68        0x0 linker stubs

.iplt           0x0000000008005c68        0x0
 .iplt          0x0000000008005c68        0x0 c:/users/korisnik/desktop/gnu mcu/arm-none-eabi-gcc-10.2.1-1.1/bin/../lib/gcc/arm-none-eabi/10.2.1/thumb/v7-m/nofp/crtbegin.o

.rodata         0x0000000008005c68      0x17c
                0x0000000008005c68                . = ALIGN (0x4)
 *(.rodata)
 *(.rodata*)
 .rodata.temp_init.str1.4
                0x0000000008005c68        0xa build/driver_temp.o
 *fill*         0x0000000008005c72        0x2 
 .rodata.voltageThresholds
                0x0000000008005c74       0x40 build/driver_temp.o
 .rodata.windBearings
                0x0000000008005cb4       0x40 build/driver_temp.o
 .rodata.UART_Init.str1.4
                0x0000000008005cf4        0xa build/driver_uart.o
 *fill*         0x0000000008005cfe        0x2 
 .rodata.LCD_Init.str1.4
                0x0000000008005d00        0x9 build/driver_lcd.o
 *fill*         0x0000000008005d09        0x3 
 .rodata.homeworkTask.str1.4
                0x0000000008005d0c       0x21 build/homework.o
 *fill*         0x0000000008005d2d        0x3 
 .rodata.homeworkInit.str1.4
                0x0000000008005d30       0x18 build/homework.o
 .rodata.str1.4
                0x0000000008005d48        0xc build/freertos.o
 .rodata.defaultTask_attributes
                0x0000000008005d54       0x24 build/freertos.o
                0x0000000008005d54                defaultTask_attributes
 .rodata.HAL_RCC_GetSysClockFreq.str1.4
                0x0000000008005d78       0x11 build/stm32f1xx_hal_rcc.o
 *fill*         0x0000000008005d89        0x3 
 .rodata.AHBPrescTable
                0x0000000008005d8c       0x10 build/system_stm32f1xx.o
                0x0000000008005d8c                AHBPrescTable
 .rodata.APBPrescTable
                0x0000000008005d9c        0x8 build/system_stm32f1xx.o
                0x0000000008005d9c                APBPrescTable
 .rodata.vTaskStartScheduler.str1.4
                0x0000000008005da4        0x5 build/tasks.o
 *fill*         0x0000000008005da9        0x3 
 .rodata.prvCheckForValidListAndQueue.str1.4
                0x0000000008005dac        0x5 build/timers.o
 *fill*         0x0000000008005db1        0x3 
 .rodata.xTimerCreateTimerTask.str1.4
                0x0000000008005db4        0x8 build/timers.o
 .rodata.__utoa.str1.1
                0x0000000008005dbc       0x25 c:/users/korisnik/desktop/gnu mcu/arm-none-eabi-gcc-10.2.1-1.1/bin/../lib/gcc/arm-none-eabi/10.2.1/../../../../arm-none-eabi/lib/thumb/v7-m/nofp\libc_nano.a(lib_a-utoa.o)
                0x0000000008005de4                . = ALIGN (0x4)
 *fill*         0x0000000008005de1        0x3 

.rel.dyn        0x0000000008005de4        0x0
 .rel.iplt      0x0000000008005de4        0x0 c:/users/korisnik/desktop/gnu mcu/arm-none-eabi-gcc-10.2.1-1.1/bin/../lib/gcc/arm-none-eabi/10.2.1/thumb/v7-m/nofp/crtbegin.o

.ARM.extab
 *(.ARM.extab* .gnu.linkonce.armextab.*)

.ARM            0x0000000008005de4        0x0
                0x0000000008005de4                __exidx_start = .
 *(.ARM.exidx*)
                0x0000000008005de4                __exidx_end = .

.preinit_array  0x0000000008005de4        0x0
                0x0000000008005de4                PROVIDE (__preinit_array_start = .)
 *(.preinit_array*)
                0x0000000008005de4                PROVIDE (__preinit_array_end = .)

.init_array     0x0000000008005de4        0x4
                0x0000000008005de4                PROVIDE (__init_array_start = .)
 *(SORT_BY_NAME(.init_array.*))
 *(.init_array*)
 .init_array    0x0000000008005de4        0x4 c:/users/korisnik/desktop/gnu mcu/arm-none-eabi-gcc-10.2.1-1.1/bin/../lib/gcc/arm-none-eabi/10.2.1/thumb/v7-m/nofp/crtbegin.o
                0x0000000008005de8                PROVIDE (__init_array_end = .)

.fini_array     0x0000000008005de8        0x4
                [!provide]                        PROVIDE (__fini_array_start = .)
 *(SORT_BY_NAME(.fini_array.*))
 *(.fini_array*)
 .fini_array    0x0000000008005de8        0x4 c:/users/korisnik/desktop/gnu mcu/arm-none-eabi-gcc-10.2.1-1.1/bin/../lib/gcc/arm-none-eabi/10.2.1/thumb/v7-m/nofp/crtbegin.o
                [!provide]                        PROVIDE (__fini_array_end = .)
                0x0000000008005dec                _sidata = LOADADDR (.data)

.data           0x0000000020000000       0x10 load address 0x0000000008005dec
                0x0000000020000000                . = ALIGN (0x4)
                0x0000000020000000                _sdata = .
 *(.data)
 *(.data*)
 .data.uwTickFreq
                0x0000000020000000        0x1 build/stm32f1xx_hal.o
                0x0000000020000000                uwTickFreq
 *fill*         0x0000000020000001        0x3 
 .data.uwTickPrio
                0x0000000020000004        0x4 build/stm32f1xx_hal.o
                0x0000000020000004                uwTickPrio
 .data.SystemCoreClock
                0x0000000020000008        0x4 build/system_stm32f1xx.o
                0x0000000020000008                SystemCoreClock
 .data.uxCriticalNesting
                0x000000002000000c        0x4 build/port.o
                0x0000000020000010                . = ALIGN (0x4)
                0x0000000020000010                _edata = .

.igot.plt       0x0000000020000010        0x0 load address 0x0000000008005dfc
 .igot.plt      0x0000000020000010        0x0 c:/users/korisnik/desktop/gnu mcu/arm-none-eabi-gcc-10.2.1-1.1/bin/../lib/gcc/arm-none-eabi/10.2.1/thumb/v7-m/nofp/crtbegin.o
                0x0000000020000010                . = ALIGN (0x4)

.bss            0x0000000020000010     0x1ef0 load address 0x0000000008005dfc
                0x0000000020000010                _sbss = .
                0x0000000020000010                __bss_start__ = _sbss
 *(.bss)
 *(.bss*)
 .bss.completed.1
                0x0000000020000010        0x1 c:/users/korisnik/desktop/gnu mcu/arm-none-eabi-gcc-10.2.1-1.1/bin/../lib/gcc/arm-none-eabi/10.2.1/thumb/v7-m/nofp/crtbegin.o
 *fill*         0x0000000020000011        0x3 
 .bss.object.0  0x0000000020000014       0x18 c:/users/korisnik/desktop/gnu mcu/arm-none-eabi-gcc-10.2.1-1.1/bin/../lib/gcc/arm-none-eabi/10.2.1/thumb/v7-m/nofp/crtbegin.o
 .bss.brzinaSensor
                0x000000002000002c        0x4 build/driver_temp.o
                0x000000002000002c                brzinaSensor
 .bss.overflow  0x0000000020000030        0x4 build/driver_temp.o
                0x0000000020000030                overflow
 .bss.previousBrzina
                0x0000000020000034        0x4 build/driver_temp.o
                0x0000000020000034                previousBrzina
 .bss.task      0x0000000020000038        0x4 build/driver_temp.o
 .bss.tempSensor
                0x000000002000003c        0x4 build/driver_temp.o
                0x000000002000003c                tempSensor
 .bss.windvaneSensor
                0x0000000020000040        0x4 build/driver_temp.o
                0x0000000020000040                windvaneSensor
 .bss.UART_TransmitQueueHandle
                0x0000000020000044        0x4 build/driver_uart.o
 .bss.UART_TransmitTaskHandle
                0x0000000020000048        0x4 build/driver_uart.o
 .bss.LCD_QueueHandle
                0x000000002000004c        0x4 build/driver_lcd.o
 .bss.LCD_TaskHandle
                0x0000000020000050        0x4 build/driver_lcd.o
 .bss.brzinaText
                0x0000000020000054        0x4 build/homework.o
 .bss.task      0x0000000020000058        0x4 build/homework.o
 .bss.tempText  0x000000002000005c        0x4 build/homework.o
 .bss.windvaveText
                0x0000000020000060        0x4 build/homework.o
 .bss.defaultTaskHandle
                0x0000000020000064        0x4 build/freertos.o
                0x0000000020000064                defaultTaskHandle
 .bss.htim1     0x0000000020000068       0x48 build/tim.o
                0x0000000020000068                htim1
 .bss.htim3     0x00000000200000b0       0x48 build/tim.o
                0x00000000200000b0                htim3
 .bss.huart1    0x00000000200000f8       0x44 build/usart.o
                0x00000000200000f8                huart1
 .bss.htim2     0x000000002000013c       0x48 build/stm32f1xx_hal_timebase_tim.o
                0x000000002000013c                htim2
 .bss.uwTick    0x0000000020000184        0x4 build/stm32f1xx_hal.o
                0x0000000020000184                uwTick
 .bss.xQueueRegistry
                0x0000000020000188       0x40 build/queue.o
                0x0000000020000188                xQueueRegistry
 .bss.pxCurrentTCB
                0x00000000200001c8        0x4 build/tasks.o
                0x00000000200001c8                pxCurrentTCB
 .bss.pxDelayedTaskList
                0x00000000200001cc        0x4 build/tasks.o
 .bss.pxOverflowDelayedTaskList
                0x00000000200001d0        0x4 build/tasks.o
 .bss.pxReadyTasksLists
                0x00000000200001d4      0x460 build/tasks.o
 .bss.uxCurrentNumberOfTasks
                0x0000000020000634        0x4 build/tasks.o
 .bss.uxDeletedTasksWaitingCleanUp
                0x0000000020000638        0x4 build/tasks.o
 .bss.uxPendedTicks
                0x000000002000063c        0x4 build/tasks.o
 .bss.uxSchedulerSuspended
                0x0000000020000640        0x4 build/tasks.o
 .bss.uxTaskNumber
                0x0000000020000644        0x4 build/tasks.o
 .bss.uxTopReadyPriority
                0x0000000020000648        0x4 build/tasks.o
 .bss.xDelayedTaskList1
                0x000000002000064c       0x14 build/tasks.o
 .bss.xDelayedTaskList2
                0x0000000020000660       0x14 build/tasks.o
 .bss.xIdleTaskHandle
                0x0000000020000674        0x4 build/tasks.o
 .bss.xNextTaskUnblockTime
                0x0000000020000678        0x4 build/tasks.o
 .bss.xNumOfOverflows
                0x000000002000067c        0x4 build/tasks.o
 .bss.xPendingReadyList
                0x0000000020000680       0x14 build/tasks.o
 .bss.xSchedulerRunning
                0x0000000020000694        0x4 build/tasks.o
 .bss.xSuspendedTaskList
                0x0000000020000698       0x14 build/tasks.o
 .bss.xTasksWaitingTermination
                0x00000000200006ac       0x14 build/tasks.o
 .bss.xTickCount
                0x00000000200006c0        0x4 build/tasks.o
 .bss.xYieldPending
                0x00000000200006c4        0x4 build/tasks.o
 .bss.pxCurrentTimerList
                0x00000000200006c8        0x4 build/timers.o
 .bss.pxOverflowTimerList
                0x00000000200006cc        0x4 build/timers.o
 .bss.ucStaticTimerQueueStorage.1
                0x00000000200006d0       0xa0 build/timers.o
 .bss.xActiveTimerList1
                0x0000000020000770       0x14 build/timers.o
 .bss.xActiveTimerList2
                0x0000000020000784       0x14 build/timers.o
 .bss.xLastTime.2
                0x0000000020000798        0x4 build/timers.o
 .bss.xStaticTimerQueue.0
                0x000000002000079c       0x50 build/timers.o
 .bss.xTimerQueue
                0x00000000200007ec        0x4 build/timers.o
 .bss.xTimerTaskHandle
                0x00000000200007f0        0x4 build/timers.o
 .bss.Idle_Stack
                0x00000000200007f4      0x200 build/cmsis_os2.o
 .bss.Idle_TCB  0x00000000200009f4       0x5c build/cmsis_os2.o
 .bss.KernelState
                0x0000000020000a50        0x4 build/cmsis_os2.o
 .bss.Timer_Stack
                0x0000000020000a54      0x400 build/cmsis_os2.o
 .bss.Timer_TCB
                0x0000000020000e54       0x5c build/cmsis_os2.o
 .bss.pxEnd     0x0000000020000eb0        0x4 build/heap_4.o
 .bss.ucHeap    0x0000000020000eb4     0x1000 build/heap_4.o
 .bss.xBlockAllocatedBit
                0x0000000020001eb4        0x4 build/heap_4.o
 .bss.xFreeBytesRemaining
                0x0000000020001eb8        0x4 build/heap_4.o
 .bss.xMinimumEverFreeBytesRemaining
                0x0000000020001ebc        0x4 build/heap_4.o
 .bss.xStart    0x0000000020001ec0        0x8 build/heap_4.o
 .bss.ucMaxSysCallPriority
                0x0000000020001ec8        0x1 build/port.o
 *fill*         0x0000000020001ec9        0x3 
 .bss.ulMaxPRIGROUPValue
                0x0000000020001ecc        0x4 build/port.o
 .bss.hadc1     0x0000000020001ed0       0x30 build/adc.o
                0x0000000020001ed0                hadc1
 *(COMMON)
                0x0000000020001f00                . = ALIGN (0x4)
                0x0000000020001f00                _ebss = .
                0x0000000020001f00                __bss_end__ = _ebss

._user_heap_stack
                0x0000000020001f00      0x600 load address 0x0000000008005dfc
                0x0000000020001f00                . = ALIGN (0x8)
                [!provide]                        PROVIDE (end = .)
                [!provide]                        PROVIDE (_end = .)
                0x0000000020002100                . = (. + _Min_Heap_Size)
 *fill*         0x0000000020001f00      0x200 
                0x0000000020002500                . = (. + _Min_Stack_Size)
 *fill*         0x0000000020002100      0x400 
                0x0000000020002500                . = ALIGN (0x8)

/DISCARD/
 libc.a(*)
 libm.a(*)
 libgcc.a(*)

.ARM.attributes
                0x0000000000000000       0x29
 *(.ARM.attributes)
 .ARM.attributes
                0x0000000000000000       0x1d c:/users/korisnik/desktop/gnu mcu/arm-none-eabi-gcc-10.2.1-1.1/bin/../lib/gcc/arm-none-eabi/10.2.1/thumb/v7-m/nofp/crti.o
 .ARM.attributes
                0x000000000000001d       0x2d c:/users/korisnik/desktop/gnu mcu/arm-none-eabi-gcc-10.2.1-1.1/bin/../lib/gcc/arm-none-eabi/10.2.1/thumb/v7-m/nofp/crtbegin.o
 .ARM.attributes
                0x000000000000004a       0x2d build/driver_temp.o
 .ARM.attributes
                0x0000000000000077       0x2d build/driver_uart.o
 .ARM.attributes
                0x00000000000000a4       0x2d build/driver_lcd.o
 .ARM.attributes
                0x00000000000000d1       0x2d build/homework.o
 .ARM.attributes
                0x00000000000000fe       0x2d build/main.o
 .ARM.attributes
                0x000000000000012b       0x2d build/gpio.o
 .ARM.attributes
                0x0000000000000158       0x2d build/freertos.o
 .ARM.attributes
                0x0000000000000185       0x2d build/tim.o
 .ARM.attributes
                0x00000000000001b2       0x2d build/usart.o
 .ARM.attributes
                0x00000000000001df       0x2d build/stm32f1xx_it.o
 .ARM.attributes
                0x000000000000020c       0x2d build/stm32f1xx_hal_msp.o
 .ARM.attributes
                0x0000000000000239       0x2d build/stm32f1xx_hal_timebase_tim.o
 .ARM.attributes
                0x0000000000000266       0x2d build/stm32f1xx_hal.o
 .ARM.attributes
                0x0000000000000293       0x2d build/stm32f1xx_hal_rcc.o
 .ARM.attributes
                0x00000000000002c0       0x2d build/stm32f1xx_hal_rcc_ex.o
 .ARM.attributes
                0x00000000000002ed       0x2d build/stm32f1xx_hal_gpio.o
 .ARM.attributes
                0x000000000000031a       0x2d build/stm32f1xx_hal_dma.o
 .ARM.attributes
                0x0000000000000347       0x2d build/stm32f1xx_hal_cortex.o
 .ARM.attributes
                0x0000000000000374       0x2d build/stm32f1xx_hal_tim.o
 .ARM.attributes
                0x00000000000003a1       0x2d build/stm32f1xx_hal_tim_ex.o
 .ARM.attributes
                0x00000000000003ce       0x2d build/stm32f1xx_hal_uart.o
 .ARM.attributes
                0x00000000000003fb       0x2d build/system_stm32f1xx.o
 .ARM.attributes
                0x0000000000000428       0x2d build/list.o
 .ARM.attributes
                0x0000000000000455       0x2d build/queue.o
 .ARM.attributes
                0x0000000000000482       0x2d build/tasks.o
 .ARM.attributes
                0x00000000000004af       0x2d build/timers.o
 .ARM.attributes
                0x00000000000004dc       0x2d build/cmsis_os2.o
 .ARM.attributes
                0x0000000000000509       0x2d build/heap_4.o
 .ARM.attributes
                0x0000000000000536       0x2d build/port.o
 .ARM.attributes
                0x0000000000000563       0x2d build/adc.o
 .ARM.attributes
                0x0000000000000590       0x2d build/stm32f1xx_hal_adc.o
 .ARM.attributes
                0x00000000000005bd       0x2d build/stm32f1xx_hal_adc_ex.o
 .ARM.attributes
                0x00000000000005ea       0x21 build/startup_stm32f103x6_init.o
 .ARM.attributes
                0x000000000000060b       0x2d c:/users/korisnik/desktop/gnu mcu/arm-none-eabi-gcc-10.2.1-1.1/bin/../lib/gcc/arm-none-eabi/10.2.1/../../../../arm-none-eabi/lib/thumb/v7-m/nofp\libc_nano.a(lib_a-init.o)
 .ARM.attributes
                0x0000000000000638       0x2d c:/users/korisnik/desktop/gnu mcu/arm-none-eabi-gcc-10.2.1-1.1/bin/../lib/gcc/arm-none-eabi/10.2.1/../../../../arm-none-eabi/lib/thumb/v7-m/nofp\libc_nano.a(lib_a-itoa.o)
 .ARM.attributes
                0x0000000000000665       0x2d c:/users/korisnik/desktop/gnu mcu/arm-none-eabi-gcc-10.2.1-1.1/bin/../lib/gcc/arm-none-eabi/10.2.1/../../../../arm-none-eabi/lib/thumb/v7-m/nofp\libc_nano.a(lib_a-memcpy-stub.o)
 .ARM.attributes
                0x0000000000000692       0x2d c:/users/korisnik/desktop/gnu mcu/arm-none-eabi-gcc-10.2.1-1.1/bin/../lib/gcc/arm-none-eabi/10.2.1/../../../../arm-none-eabi/lib/thumb/v7-m/nofp\libc_nano.a(lib_a-memset.o)
 .ARM.attributes
                0x00000000000006bf       0x17 c:/users/korisnik/desktop/gnu mcu/arm-none-eabi-gcc-10.2.1-1.1/bin/../lib/gcc/arm-none-eabi/10.2.1/../../../../arm-none-eabi/lib/thumb/v7-m/nofp\libc_nano.a(lib_a-strlen.o)
 .ARM.attributes
                0x00000000000006d6       0x2d c:/users/korisnik/desktop/gnu mcu/arm-none-eabi-gcc-10.2.1-1.1/bin/../lib/gcc/arm-none-eabi/10.2.1/../../../../arm-none-eabi/lib/thumb/v7-m/nofp\libc_nano.a(lib_a-utoa.o)
 .ARM.attributes
                0x0000000000000703       0x1d c:/users/korisnik/desktop/gnu mcu/arm-none-eabi-gcc-10.2.1-1.1/bin/../lib/gcc/arm-none-eabi/10.2.1/thumb/v7-m/nofp\libgcc.a(_arm_muldf3.o)
 .ARM.attributes
                0x0000000000000720       0x1d c:/users/korisnik/desktop/gnu mcu/arm-none-eabi-gcc-10.2.1-1.1/bin/../lib/gcc/arm-none-eabi/10.2.1/thumb/v7-m/nofp\libgcc.a(_arm_addsubdf3.o)
 .ARM.attributes
                0x000000000000073d       0x1d c:/users/korisnik/desktop/gnu mcu/arm-none-eabi-gcc-10.2.1-1.1/bin/../lib/gcc/arm-none-eabi/10.2.1/thumb/v7-m/nofp\libgcc.a(_arm_truncdfsf2.o)
 .ARM.attributes
                0x000000000000075a       0x1d c:/users/korisnik/desktop/gnu mcu/arm-none-eabi-gcc-10.2.1-1.1/bin/../lib/gcc/arm-none-eabi/10.2.1/thumb/v7-m/nofp\libgcc.a(_arm_addsubsf3.o)
 .ARM.attributes
                0x0000000000000777       0x1d c:/users/korisnik/desktop/gnu mcu/arm-none-eabi-gcc-10.2.1-1.1/bin/../lib/gcc/arm-none-eabi/10.2.1/thumb/v7-m/nofp\libgcc.a(_arm_muldivsf3.o)
 .ARM.attributes
                0x0000000000000794       0x1d c:/users/korisnik/desktop/gnu mcu/arm-none-eabi-gcc-10.2.1-1.1/bin/../lib/gcc/arm-none-eabi/10.2.1/thumb/v7-m/nofp\libgcc.a(_arm_cmpsf2.o)
 .ARM.attributes
                0x00000000000007b1       0x1d c:/users/korisnik/desktop/gnu mcu/arm-none-eabi-gcc-10.2.1-1.1/bin/../lib/gcc/arm-none-eabi/10.2.1/thumb/v7-m/nofp\libgcc.a(_arm_fixsfsi.o)
 .ARM.attributes
                0x00000000000007ce       0x1d c:/users/korisnik/desktop/gnu mcu/arm-none-eabi-gcc-10.2.1-1.1/bin/../lib/gcc/arm-none-eabi/10.2.1/thumb/v7-m/nofp/crtn.o
OUTPUT(build/code.elf elf32-littlearm)
LOAD linker stubs
LOAD c:/users/korisnik/desktop/gnu mcu/arm-none-eabi-gcc-10.2.1-1.1/bin/../lib/gcc/arm-none-eabi/10.2.1/../../../../arm-none-eabi/lib/thumb/v7-m/nofp\libc.a
LOAD c:/users/korisnik/desktop/gnu mcu/arm-none-eabi-gcc-10.2.1-1.1/bin/../lib/gcc/arm-none-eabi/10.2.1/../../../../arm-none-eabi/lib/thumb/v7-m/nofp\libm.a
LOAD c:/users/korisnik/desktop/gnu mcu/arm-none-eabi-gcc-10.2.1-1.1/bin/../lib/gcc/arm-none-eabi/10.2.1/thumb/v7-m/nofp\libgcc.a

.debug_info     0x0000000000000000    0x21255
 .debug_info    0x0000000000000000      0xde0 build/driver_temp.o
 .debug_info    0x0000000000000de0      0x801 build/driver_uart.o
 .debug_info    0x00000000000015e1      0x583 build/driver_lcd.o
 .debug_info    0x0000000000001b64      0xa56 build/homework.o
 .debug_info    0x00000000000025ba      0xae7 build/main.o
 .debug_info    0x00000000000030a1      0x36a build/gpio.o
 .debug_info    0x000000000000340b      0x379 build/freertos.o
 .debug_info    0x0000000000003784      0xe0f build/tim.o
 .debug_info    0x0000000000004593      0xb16 build/usart.o
 .debug_info    0x00000000000050a9      0xd02 build/stm32f1xx_it.o
 .debug_info    0x0000000000005dab      0x392 build/stm32f1xx_hal_msp.o
 .debug_info    0x000000000000613d      0xaa6 build/stm32f1xx_hal_timebase_tim.o
 .debug_info    0x0000000000006be3      0x837 build/stm32f1xx_hal.o
 .debug_info    0x000000000000741a      0xaec build/stm32f1xx_hal_rcc.o
 .debug_info    0x0000000000007f06      0x479 build/stm32f1xx_hal_rcc_ex.o
 .debug_info    0x000000000000837f      0x6d7 build/stm32f1xx_hal_gpio.o
 .debug_info    0x0000000000008a56      0x8bb build/stm32f1xx_hal_dma.o
 .debug_info    0x0000000000009311      0xe0f build/stm32f1xx_hal_cortex.o
 .debug_info    0x000000000000a120     0x3e12 build/stm32f1xx_hal_tim.o
 .debug_info    0x000000000000df32     0x1b67 build/stm32f1xx_hal_tim_ex.o
 .debug_info    0x000000000000fa99     0x1e17 build/stm32f1xx_hal_uart.o
 .debug_info    0x00000000000118b0      0x26e build/system_stm32f1xx.o
 .debug_info    0x0000000000011b1e      0x309 build/list.o
 .debug_info    0x0000000000011e27     0x2875 build/queue.o
 .debug_info    0x000000000001469c     0x31ce build/tasks.o
 .debug_info    0x000000000001786a     0x1a79 build/timers.o
 .debug_info    0x00000000000192e3     0x4d74 build/cmsis_os2.o
 .debug_info    0x000000000001e057      0x49b build/heap_4.o
 .debug_info    0x000000000001e4f2      0x54d build/port.o
 .debug_info    0x000000000001ea3f      0xab9 build/adc.o
 .debug_info    0x000000000001f4f8     0x1026 build/stm32f1xx_hal_adc.o
 .debug_info    0x000000000002051e      0xd15 build/stm32f1xx_hal_adc_ex.o
 .debug_info    0x0000000000021233       0x22 build/startup_stm32f103x6_init.o

.debug_abbrev   0x0000000000000000     0x4830
 .debug_abbrev  0x0000000000000000      0x265 build/driver_temp.o
 .debug_abbrev  0x0000000000000265      0x1af build/driver_uart.o
 .debug_abbrev  0x0000000000000414      0x1c5 build/driver_lcd.o
 .debug_abbrev  0x00000000000005d9      0x20d build/homework.o
 .debug_abbrev  0x00000000000007e6      0x227 build/main.o
 .debug_abbrev  0x0000000000000a0d      0x13f build/gpio.o
 .debug_abbrev  0x0000000000000b4c      0x10e build/freertos.o
 .debug_abbrev  0x0000000000000c5a      0x229 build/tim.o
 .debug_abbrev  0x0000000000000e83      0x1f4 build/usart.o
 .debug_abbrev  0x0000000000001077      0x18d build/stm32f1xx_it.o
 .debug_abbrev  0x0000000000001204      0x130 build/stm32f1xx_hal_msp.o
 .debug_abbrev  0x0000000000001334      0x1ef build/stm32f1xx_hal_timebase_tim.o
 .debug_abbrev  0x0000000000001523      0x1f7 build/stm32f1xx_hal.o
 .debug_abbrev  0x000000000000171a      0x29a build/stm32f1xx_hal_rcc.o
 .debug_abbrev  0x00000000000019b4      0x1d5 build/stm32f1xx_hal_rcc_ex.o
 .debug_abbrev  0x0000000000001b89      0x222 build/stm32f1xx_hal_gpio.o
 .debug_abbrev  0x0000000000001dab      0x244 build/stm32f1xx_hal_dma.o
 .debug_abbrev  0x0000000000001fef      0x359 build/stm32f1xx_hal_cortex.o
 .debug_abbrev  0x0000000000002348      0x296 build/stm32f1xx_hal_tim.o
 .debug_abbrev  0x00000000000025de      0x298 build/stm32f1xx_hal_tim_ex.o
 .debug_abbrev  0x0000000000002876      0x2ab build/stm32f1xx_hal_uart.o
 .debug_abbrev  0x0000000000002b21      0x140 build/system_stm32f1xx.o
 .debug_abbrev  0x0000000000002c61      0x124 build/list.o
 .debug_abbrev  0x0000000000002d85      0x3e7 build/queue.o
 .debug_abbrev  0x000000000000316c      0x399 build/tasks.o
 .debug_abbrev  0x0000000000003505      0x35d build/timers.o
 .debug_abbrev  0x0000000000003862      0x459 build/cmsis_os2.o
 .debug_abbrev  0x0000000000003cbb      0x255 build/heap_4.o
 .debug_abbrev  0x0000000000003f10      0x29d build/port.o
 .debug_abbrev  0x00000000000041ad      0x1ce build/adc.o
 .debug_abbrev  0x000000000000437b      0x239 build/stm32f1xx_hal_adc.o
 .debug_abbrev  0x00000000000045b4      0x26a build/stm32f1xx_hal_adc_ex.o
 .debug_abbrev  0x000000000000481e       0x12 build/startup_stm32f103x6_init.o

.debug_loc      0x0000000000000000    0x1b8cf
 .debug_loc     0x0000000000000000      0x1b3 build/driver_temp.o
 .debug_loc     0x00000000000001b3      0x141 build/driver_uart.o
 .debug_loc     0x00000000000002f4      0x29e build/driver_lcd.o
 .debug_loc     0x0000000000000592      0x308 build/homework.o
 .debug_loc     0x000000000000089a       0xc2 build/main.o
 .debug_loc     0x000000000000095c       0x38 build/gpio.o
 .debug_loc     0x0000000000000994       0x65 build/freertos.o
 .debug_loc     0x00000000000009f9      0x19c build/tim.o
 .debug_loc     0x0000000000000b95      0x14e build/usart.o
 .debug_loc     0x0000000000000ce3       0x80 build/stm32f1xx_it.o
 .debug_loc     0x0000000000000d63       0x4d build/stm32f1xx_hal_msp.o
 .debug_loc     0x0000000000000db0       0xcd build/stm32f1xx_hal_timebase_tim.o
 .debug_loc     0x0000000000000e7d      0x1e1 build/stm32f1xx_hal.o
 .debug_loc     0x000000000000105e      0x7ee build/stm32f1xx_hal_rcc.o
 .debug_loc     0x000000000000184c      0x444 build/stm32f1xx_hal_rcc_ex.o
 .debug_loc     0x0000000000001c90      0x511 build/stm32f1xx_hal_gpio.o
 .debug_loc     0x00000000000021a1      0x901 build/stm32f1xx_hal_dma.o
 .debug_loc     0x0000000000002aa2      0x77f build/stm32f1xx_hal_cortex.o
 .debug_loc     0x0000000000003221     0x56a6 build/stm32f1xx_hal_tim.o
 .debug_loc     0x00000000000088c7     0x20a0 build/stm32f1xx_hal_tim_ex.o
 .debug_loc     0x000000000000a967     0x26ad build/stm32f1xx_hal_uart.o
 .debug_loc     0x000000000000d014       0xff build/system_stm32f1xx.o
 .debug_loc     0x000000000000d113       0xe5 build/list.o
 .debug_loc     0x000000000000d1f8     0x2038 build/queue.o
 .debug_loc     0x000000000000f230     0x2c73 build/tasks.o
 .debug_loc     0x0000000000011ea3     0x156b build/timers.o
 .debug_loc     0x000000000001340e     0x6519 build/cmsis_os2.o
 .debug_loc     0x0000000000019927      0x3c1 build/heap_4.o
 .debug_loc     0x0000000000019ce8      0x16c build/port.o
 .debug_loc     0x0000000000019e54      0x12c build/adc.o
 .debug_loc     0x0000000000019f80      0xe92 build/stm32f1xx_hal_adc.o
 .debug_loc     0x000000000001ae12      0xabd build/stm32f1xx_hal_adc_ex.o

.debug_aranges  0x0000000000000000     0x1630
 .debug_aranges
                0x0000000000000000       0x40 build/driver_temp.o
 .debug_aranges
                0x0000000000000040       0x38 build/driver_uart.o
 .debug_aranges
                0x0000000000000078       0x48 build/driver_lcd.o
 .debug_aranges
                0x00000000000000c0       0x30 build/homework.o
 .debug_aranges
                0x00000000000000f0       0x38 build/main.o
 .debug_aranges
                0x0000000000000128       0x20 build/gpio.o
 .debug_aranges
                0x0000000000000148       0x28 build/freertos.o
 .debug_aranges
                0x0000000000000170       0x48 build/tim.o
 .debug_aranges
                0x00000000000001b8       0x30 build/usart.o
 .debug_aranges
                0x00000000000001e8       0x68 build/stm32f1xx_it.o
 .debug_aranges
                0x0000000000000250       0x20 build/stm32f1xx_hal_msp.o
 .debug_aranges
                0x0000000000000270       0x30 build/stm32f1xx_hal_timebase_tim.o
 .debug_aranges
                0x00000000000002a0       0xe0 build/stm32f1xx_hal.o
 .debug_aranges
                0x0000000000000380       0x90 build/stm32f1xx_hal_rcc.o
 .debug_aranges
                0x0000000000000410       0x30 build/stm32f1xx_hal_rcc_ex.o
 .debug_aranges
                0x0000000000000440       0x58 build/stm32f1xx_hal_gpio.o
 .debug_aranges
                0x0000000000000498       0x80 build/stm32f1xx_hal_dma.o
 .debug_aranges
                0x0000000000000518       0x90 build/stm32f1xx_hal_cortex.o
 .debug_aranges
                0x00000000000005a8      0x3d0 build/stm32f1xx_hal_tim.o
 .debug_aranges
                0x0000000000000978      0x168 build/stm32f1xx_hal_tim_ex.o
 .debug_aranges
                0x0000000000000ae0      0x200 build/stm32f1xx_hal_uart.o
 .debug_aranges
                0x0000000000000ce0       0x28 build/system_stm32f1xx.o
 .debug_aranges
                0x0000000000000d08       0x40 build/list.o
 .debug_aranges
                0x0000000000000d48      0x158 build/queue.o
 .debug_aranges
                0x0000000000000ea0      0x1f8 build/tasks.o
 .debug_aranges
                0x0000000000001098       0xe0 build/timers.o
 .debug_aranges
                0x0000000000001178      0x228 build/cmsis_os2.o
 .debug_aranges
                0x00000000000013a0       0x50 build/heap_4.o
 .debug_aranges
                0x00000000000013f0       0x78 build/port.o
 .debug_aranges
                0x0000000000001468       0x30 build/adc.o
 .debug_aranges
                0x0000000000001498       0xf0 build/stm32f1xx_hal_adc.o
 .debug_aranges
                0x0000000000001588       0x80 build/stm32f1xx_hal_adc_ex.o
 .debug_aranges
                0x0000000000001608       0x28 build/startup_stm32f103x6_init.o

.debug_ranges   0x0000000000000000     0x16e0
 .debug_ranges  0x0000000000000000       0x30 build/driver_temp.o
 .debug_ranges  0x0000000000000030       0x28 build/driver_uart.o
 .debug_ranges  0x0000000000000058       0x38 build/driver_lcd.o
 .debug_ranges  0x0000000000000090       0x38 build/homework.o
 .debug_ranges  0x00000000000000c8       0x28 build/main.o
 .debug_ranges  0x00000000000000f0       0x10 build/gpio.o
 .debug_ranges  0x0000000000000100       0x18 build/freertos.o
 .debug_ranges  0x0000000000000118       0x38 build/tim.o
 .debug_ranges  0x0000000000000150       0x20 build/usart.o
 .debug_ranges  0x0000000000000170       0x58 build/stm32f1xx_it.o
 .debug_ranges  0x00000000000001c8       0x10 build/stm32f1xx_hal_msp.o
 .debug_ranges  0x00000000000001d8       0x20 build/stm32f1xx_hal_timebase_tim.o
 .debug_ranges  0x00000000000001f8       0xd0 build/stm32f1xx_hal.o
 .debug_ranges  0x00000000000002c8       0xa0 build/stm32f1xx_hal_rcc.o
 .debug_ranges  0x0000000000000368       0x38 build/stm32f1xx_hal_rcc_ex.o
 .debug_ranges  0x00000000000003a0       0x48 build/stm32f1xx_hal_gpio.o
 .debug_ranges  0x00000000000003e8       0x70 build/stm32f1xx_hal_dma.o
 .debug_ranges  0x0000000000000458       0xe0 build/stm32f1xx_hal_cortex.o
 .debug_ranges  0x0000000000000538      0x3c0 build/stm32f1xx_hal_tim.o
 .debug_ranges  0x00000000000008f8      0x158 build/stm32f1xx_hal_tim_ex.o
 .debug_ranges  0x0000000000000a50      0x1f0 build/stm32f1xx_hal_uart.o
 .debug_ranges  0x0000000000000c40       0x18 build/system_stm32f1xx.o
 .debug_ranges  0x0000000000000c58       0x30 build/list.o
 .debug_ranges  0x0000000000000c88      0x218 build/queue.o
 .debug_ranges  0x0000000000000ea0      0x320 build/tasks.o
 .debug_ranges  0x00000000000011c0       0xd0 build/timers.o
 .debug_ranges  0x0000000000001290      0x218 build/cmsis_os2.o
 .debug_ranges  0x00000000000014a8       0x40 build/heap_4.o
 .debug_ranges  0x00000000000014e8       0x68 build/port.o
 .debug_ranges  0x0000000000001550       0x20 build/adc.o
 .debug_ranges  0x0000000000001570       0xe0 build/stm32f1xx_hal_adc.o
 .debug_ranges  0x0000000000001650       0x70 build/stm32f1xx_hal_adc_ex.o
 .debug_ranges  0x00000000000016c0       0x20 build/startup_stm32f103x6_init.o

.debug_line     0x0000000000000000    0x18fb1
 .debug_line    0x0000000000000000      0x49d build/driver_temp.o
 .debug_line    0x000000000000049d      0x32f build/driver_uart.o
 .debug_line    0x00000000000007cc      0x309 build/driver_lcd.o
 .debug_line    0x0000000000000ad5      0x72c build/homework.o
 .debug_line    0x0000000000001201      0x40d build/main.o
 .debug_line    0x000000000000160e      0x1ff build/gpio.o
 .debug_line    0x000000000000180d      0x1a9 build/freertos.o
 .debug_line    0x00000000000019b6      0x44b build/tim.o
 .debug_line    0x0000000000001e01      0x32c build/usart.o
 .debug_line    0x000000000000212d      0x32d build/stm32f1xx_it.o
 .debug_line    0x000000000000245a      0x1c4 build/stm32f1xx_hal_msp.o
 .debug_line    0x000000000000261e      0x2a9 build/stm32f1xx_hal_timebase_tim.o
 .debug_line    0x00000000000028c7      0x53c build/stm32f1xx_hal.o
 .debug_line    0x0000000000002e03      0xc37 build/stm32f1xx_hal_rcc.o
 .debug_line    0x0000000000003a3a      0x4a9 build/stm32f1xx_hal_rcc_ex.o
 .debug_line    0x0000000000003ee3      0x5d7 build/stm32f1xx_hal_gpio.o
 .debug_line    0x00000000000044ba      0xa5e build/stm32f1xx_hal_dma.o
 .debug_line    0x0000000000004f18      0x644 build/stm32f1xx_hal_cortex.o
 .debug_line    0x000000000000555c     0x4640 build/stm32f1xx_hal_tim.o
 .debug_line    0x0000000000009b9c     0x1b45 build/stm32f1xx_hal_tim_ex.o
 .debug_line    0x000000000000b6e1     0x20d7 build/stm32f1xx_hal_uart.o
 .debug_line    0x000000000000d7b8      0x24e build/system_stm32f1xx.o
 .debug_line    0x000000000000da06      0x37f build/list.o
 .debug_line    0x000000000000dd85     0x2049 build/queue.o
 .debug_line    0x000000000000fdce     0x2bf8 build/tasks.o
 .debug_line    0x00000000000129c6      0xe16 build/timers.o
 .debug_line    0x00000000000137dc     0x2d15 build/cmsis_os2.o
 .debug_line    0x00000000000164f1      0x68a build/heap_4.o
 .debug_line    0x0000000000016b7b      0x5b7 build/port.o
 .debug_line    0x0000000000017132      0x32e build/adc.o
 .debug_line    0x0000000000017460      0xefa build/stm32f1xx_hal_adc.o
 .debug_line    0x000000000001835a      0xbd1 build/stm32f1xx_hal_adc_ex.o
 .debug_line    0x0000000000018f2b       0x86 build/startup_stm32f103x6_init.o

.debug_str      0x0000000000000000     0x70d7
 .debug_str     0x0000000000000000      0x86f build/driver_temp.o
                                        0x974 (size before relaxing)
 .debug_str     0x000000000000086f      0x2d0 build/driver_uart.o
                                        0x6c6 (size before relaxing)
 .debug_str     0x0000000000000b3f      0x115 build/driver_lcd.o
                                        0x338 (size before relaxing)
 .debug_str     0x0000000000000c54       0xf2 build/homework.o
                                        0x3ac (size before relaxing)
 .debug_str     0x0000000000000d46      0x2ed build/main.o
                                        0x941 (size before relaxing)
 .debug_str     0x0000000000001033       0x93 build/gpio.o
                                        0x277 (size before relaxing)
 .debug_str     0x00000000000010c6      0x4d5 build/freertos.o
                                        0x664 (size before relaxing)
 .debug_str     0x000000000000159b      0x4b0 build/tim.o
                                        0xc08 (size before relaxing)
 .debug_str     0x0000000000001a4b       0x7f build/usart.o
                                        0x997 (size before relaxing)
 .debug_str     0x0000000000001aca      0x107 build/stm32f1xx_it.o
                                        0xa6f (size before relaxing)
 .debug_str     0x0000000000001bd1       0x2c build/stm32f1xx_hal_msp.o
                                        0x4c9 (size before relaxing)
 .debug_str     0x0000000000001bfd       0xd0 build/stm32f1xx_hal_timebase_tim.o
                                        0xab0 (size before relaxing)
 .debug_str     0x0000000000001ccd      0x2d3 build/stm32f1xx_hal.o
                                        0x7e4 (size before relaxing)
 .debug_str     0x0000000000001fa0      0x1cb build/stm32f1xx_hal_rcc.o
                                        0x625 (size before relaxing)
 .debug_str     0x000000000000216b       0x9f build/stm32f1xx_hal_rcc_ex.o
                                        0x3cd (size before relaxing)
 .debug_str     0x000000000000220a      0x107 build/stm32f1xx_hal_gpio.o
                                        0x3fa (size before relaxing)
 .debug_str     0x0000000000002311      0x23a build/stm32f1xx_hal_dma.o
                                        0x5f7 (size before relaxing)
 .debug_str     0x000000000000254b      0x395 build/stm32f1xx_hal_cortex.o
                                        0x893 (size before relaxing)
 .debug_str     0x00000000000028e0      0xd6f build/stm32f1xx_hal_tim.o
                                       0x1632 (size before relaxing)
 .debug_str     0x000000000000364f      0x524 build/stm32f1xx_hal_tim_ex.o
                                        0xe33 (size before relaxing)
 .debug_str     0x0000000000003b73      0x59e build/stm32f1xx_hal_uart.o
                                        0xc88 (size before relaxing)
 .debug_str     0x0000000000004111       0x52 build/system_stm32f1xx.o
                                        0x24e (size before relaxing)
 .debug_str     0x0000000000004163      0x145 build/list.o
                                        0x2ef (size before relaxing)
 .debug_str     0x00000000000042a8      0x940 build/queue.o
                                        0xc6d (size before relaxing)
 .debug_str     0x0000000000004be8      0xbf0 build/tasks.o
                                       0x127a (size before relaxing)
 .debug_str     0x00000000000057d8      0x57c build/timers.o
                                        0xbe0 (size before relaxing)
 .debug_str     0x0000000000005d54      0xa48 build/cmsis_os2.o
                                       0x18e5 (size before relaxing)
 .debug_str     0x000000000000679c      0x1d8 build/heap_4.o
                                        0x3d8 (size before relaxing)
 .debug_str     0x0000000000006974      0x180 build/port.o
                                        0x45b (size before relaxing)
 .debug_str     0x0000000000006af4       0x78 build/adc.o
                                        0x8f0 (size before relaxing)
 .debug_str     0x0000000000006b6c      0x2a5 build/stm32f1xx_hal_adc.o
                                        0x8cd (size before relaxing)
 .debug_str     0x0000000000006e11      0x291 build/stm32f1xx_hal_adc_ex.o
                                        0x886 (size before relaxing)
 .debug_str     0x00000000000070a2       0x35 build/startup_stm32f103x6_init.o
                                         0x6e (size before relaxing)

.comment        0x0000000000000000       0x44
 .comment       0x0000000000000000       0x44 build/driver_temp.o
                                         0x45 (size before relaxing)
 .comment       0x0000000000000044       0x45 build/driver_uart.o
 .comment       0x0000000000000044       0x45 build/driver_lcd.o
 .comment       0x0000000000000044       0x45 build/homework.o
 .comment       0x0000000000000044       0x45 build/main.o
 .comment       0x0000000000000044       0x45 build/gpio.o
 .comment       0x0000000000000044       0x45 build/freertos.o
 .comment       0x0000000000000044       0x45 build/tim.o
 .comment       0x0000000000000044       0x45 build/usart.o
 .comment       0x0000000000000044       0x45 build/stm32f1xx_it.o
 .comment       0x0000000000000044       0x45 build/stm32f1xx_hal_msp.o
 .comment       0x0000000000000044       0x45 build/stm32f1xx_hal_timebase_tim.o
 .comment       0x0000000000000044       0x45 build/stm32f1xx_hal.o
 .comment       0x0000000000000044       0x45 build/stm32f1xx_hal_rcc.o
 .comment       0x0000000000000044       0x45 build/stm32f1xx_hal_rcc_ex.o
 .comment       0x0000000000000044       0x45 build/stm32f1xx_hal_gpio.o
 .comment       0x0000000000000044       0x45 build/stm32f1xx_hal_dma.o
 .comment       0x0000000000000044       0x45 build/stm32f1xx_hal_cortex.o
 .comment       0x0000000000000044       0x45 build/stm32f1xx_hal_tim.o
 .comment       0x0000000000000044       0x45 build/stm32f1xx_hal_tim_ex.o
 .comment       0x0000000000000044       0x45 build/stm32f1xx_hal_uart.o
 .comment       0x0000000000000044       0x45 build/system_stm32f1xx.o
 .comment       0x0000000000000044       0x45 build/list.o
 .comment       0x0000000000000044       0x45 build/queue.o
 .comment       0x0000000000000044       0x45 build/tasks.o
 .comment       0x0000000000000044       0x45 build/timers.o
 .comment       0x0000000000000044       0x45 build/cmsis_os2.o
 .comment       0x0000000000000044       0x45 build/heap_4.o
 .comment       0x0000000000000044       0x45 build/port.o
 .comment       0x0000000000000044       0x45 build/adc.o
 .comment       0x0000000000000044       0x45 build/stm32f1xx_hal_adc.o
 .comment       0x0000000000000044       0x45 build/stm32f1xx_hal_adc_ex.o

.debug_frame    0x0000000000000000     0x4158
 .debug_frame   0x0000000000000000       0xa4 build/driver_temp.o
 .debug_frame   0x00000000000000a4       0x84 build/driver_uart.o
 .debug_frame   0x0000000000000128       0xb4 build/driver_lcd.o
 .debug_frame   0x00000000000001dc       0x64 build/homework.o
 .debug_frame   0x0000000000000240       0x70 build/main.o
 .debug_frame   0x00000000000002b0       0x38 build/gpio.o
 .debug_frame   0x00000000000002e8       0x40 build/freertos.o
 .debug_frame   0x0000000000000328       0xb0 build/tim.o
 .debug_frame   0x00000000000003d8       0x64 build/usart.o
 .debug_frame   0x000000000000043c       0xd0 build/stm32f1xx_it.o
 .debug_frame   0x000000000000050c       0x2c build/stm32f1xx_hal_msp.o
 .debug_frame   0x0000000000000538       0x50 build/stm32f1xx_hal_timebase_tim.o
 .debug_frame   0x0000000000000588      0x1cc build/stm32f1xx_hal.o
 .debug_frame   0x0000000000000754      0x190 build/stm32f1xx_hal_rcc.o
 .debug_frame   0x00000000000008e4       0x64 build/stm32f1xx_hal_rcc_ex.o
 .debug_frame   0x0000000000000948       0xe4 build/stm32f1xx_hal_gpio.o
 .debug_frame   0x0000000000000a2c      0x144 build/stm32f1xx_hal_dma.o
 .debug_frame   0x0000000000000b70      0x118 build/stm32f1xx_hal_cortex.o
 .debug_frame   0x0000000000000c88      0xb30 build/stm32f1xx_hal_tim.o
 .debug_frame   0x00000000000017b8      0x40c build/stm32f1xx_hal_tim_ex.o
 .debug_frame   0x0000000000001bc4      0x5dc build/stm32f1xx_hal_uart.o
 .debug_frame   0x00000000000021a0       0x30 build/system_stm32f1xx.o
 .debug_frame   0x00000000000021d0       0x70 build/list.o
 .debug_frame   0x0000000000002240      0x458 build/queue.o
 .debug_frame   0x0000000000002698      0x66c build/tasks.o
 .debug_frame   0x0000000000002d04      0x2cc build/timers.o
 .debug_frame   0x0000000000002fd0      0x7bc build/cmsis_os2.o
 .debug_frame   0x000000000000378c       0xb0 build/heap_4.o
 .debug_frame   0x000000000000383c       0xf0 build/port.o
 .debug_frame   0x000000000000392c       0x68 build/adc.o
 .debug_frame   0x0000000000003994      0x2c4 build/stm32f1xx_hal_adc.o
 .debug_frame   0x0000000000003c58      0x19c build/stm32f1xx_hal_adc_ex.o
 .debug_frame   0x0000000000003df4       0x2c c:/users/korisnik/desktop/gnu mcu/arm-none-eabi-gcc-10.2.1-1.1/bin/../lib/gcc/arm-none-eabi/10.2.1/../../../../arm-none-eabi/lib/thumb/v7-m/nofp\libc_nano.a(lib_a-init.o)
 .debug_frame   0x0000000000003e20       0x38 c:/users/korisnik/desktop/gnu mcu/arm-none-eabi-gcc-10.2.1-1.1/bin/../lib/gcc/arm-none-eabi/10.2.1/../../../../arm-none-eabi/lib/thumb/v7-m/nofp\libc_nano.a(lib_a-itoa.o)
 .debug_frame   0x0000000000003e58       0x28 c:/users/korisnik/desktop/gnu mcu/arm-none-eabi-gcc-10.2.1-1.1/bin/../lib/gcc/arm-none-eabi/10.2.1/../../../../arm-none-eabi/lib/thumb/v7-m/nofp\libc_nano.a(lib_a-memcpy-stub.o)
 .debug_frame   0x0000000000003e80       0x20 c:/users/korisnik/desktop/gnu mcu/arm-none-eabi-gcc-10.2.1-1.1/bin/../lib/gcc/arm-none-eabi/10.2.1/../../../../arm-none-eabi/lib/thumb/v7-m/nofp\libc_nano.a(lib_a-memset.o)
 .debug_frame   0x0000000000003ea0       0x48 c:/users/korisnik/desktop/gnu mcu/arm-none-eabi-gcc-10.2.1-1.1/bin/../lib/gcc/arm-none-eabi/10.2.1/../../../../arm-none-eabi/lib/thumb/v7-m/nofp\libc_nano.a(lib_a-utoa.o)
 .debug_frame   0x0000000000003ee8       0x30 c:/users/korisnik/desktop/gnu mcu/arm-none-eabi-gcc-10.2.1-1.1/bin/../lib/gcc/arm-none-eabi/10.2.1/thumb/v7-m/nofp\libgcc.a(_arm_muldf3.o)
 .debug_frame   0x0000000000003f18       0xac c:/users/korisnik/desktop/gnu mcu/arm-none-eabi-gcc-10.2.1-1.1/bin/../lib/gcc/arm-none-eabi/10.2.1/thumb/v7-m/nofp\libgcc.a(_arm_addsubdf3.o)
 .debug_frame   0x0000000000003fc4       0x24 c:/users/korisnik/desktop/gnu mcu/arm-none-eabi-gcc-10.2.1-1.1/bin/../lib/gcc/arm-none-eabi/10.2.1/thumb/v7-m/nofp\libgcc.a(_arm_truncdfsf2.o)
 .debug_frame   0x0000000000003fe8       0x4c c:/users/korisnik/desktop/gnu mcu/arm-none-eabi-gcc-10.2.1-1.1/bin/../lib/gcc/arm-none-eabi/10.2.1/thumb/v7-m/nofp\libgcc.a(_arm_addsubsf3.o)
 .debug_frame   0x0000000000004034       0x38 c:/users/korisnik/desktop/gnu mcu/arm-none-eabi-gcc-10.2.1-1.1/bin/../lib/gcc/arm-none-eabi/10.2.1/thumb/v7-m/nofp\libgcc.a(_arm_muldivsf3.o)
 .debug_frame   0x000000000000406c       0xc8 c:/users/korisnik/desktop/gnu mcu/arm-none-eabi-gcc-10.2.1-1.1/bin/../lib/gcc/arm-none-eabi/10.2.1/thumb/v7-m/nofp\libgcc.a(_arm_cmpsf2.o)
 .debug_frame   0x0000000000004134       0x24 c:/users/korisnik/desktop/gnu mcu/arm-none-eabi-gcc-10.2.1-1.1/bin/../lib/gcc/arm-none-eabi/10.2.1/thumb/v7-m/nofp\libgcc.a(_arm_fixsfsi.o)

Cross Reference Table

Symbol                                            File
ADC1_2_IRQHandler                                 build/stm32f1xx_it.o
ADC_ConversionStop_Disable                        build/stm32f1xx_hal_adc.o
                                                  build/stm32f1xx_hal_adc_ex.o
ADC_DMAConvCplt                                   build/stm32f1xx_hal_adc.o
                                                  build/stm32f1xx_hal_adc_ex.o
ADC_DMAError                                      build/stm32f1xx_hal_adc.o
                                                  build/stm32f1xx_hal_adc_ex.o
ADC_DMAHalfConvCplt                               build/stm32f1xx_hal_adc.o
                                                  build/stm32f1xx_hal_adc_ex.o
ADC_Enable                                        build/stm32f1xx_hal_adc.o
                                                  build/stm32f1xx_hal_adc_ex.o
AHBPrescTable                                     build/system_stm32f1xx.o
                                                  build/stm32f1xx_hal_rcc.o
APBPrescTable                                     build/system_stm32f1xx.o
                                                  build/stm32f1xx_hal_rcc.o
BusFault_Handler                                  build/stm32f1xx_it.o
CAN1_RX1_IRQHandler                               build/startup_stm32f103x6_init.o
CAN1_SCE_IRQHandler                               build/startup_stm32f103x6_init.o
DMA1_Channel1_IRQHandler                          build/startup_stm32f103x6_init.o
DMA1_Channel2_IRQHandler                          build/startup_stm32f103x6_init.o
DMA1_Channel3_IRQHandler                          build/startup_stm32f103x6_init.o
DMA1_Channel4_IRQHandler                          build/startup_stm32f103x6_init.o
DMA1_Channel5_IRQHandler                          build/startup_stm32f103x6_init.o
DMA1_Channel6_IRQHandler                          build/startup_stm32f103x6_init.o
DMA1_Channel7_IRQHandler                          build/startup_stm32f103x6_init.o
DebugMon_Handler                                  build/stm32f1xx_it.o
Default_Handler                                   build/startup_stm32f103x6_init.o
EXTI0_IRQHandler                                  build/startup_stm32f103x6_init.o
EXTI15_10_IRQHandler                              build/startup_stm32f103x6_init.o
EXTI1_IRQHandler                                  build/startup_stm32f103x6_init.o
EXTI2_IRQHandler                                  build/startup_stm32f103x6_init.o
EXTI3_IRQHandler                                  build/startup_stm32f103x6_init.o
EXTI4_IRQHandler                                  build/startup_stm32f103x6_init.o
EXTI9_5_IRQHandler                                build/startup_stm32f103x6_init.o
Error_Handler                                     build/main.o
                                                  build/adc.o
                                                  build/usart.o
                                                  build/tim.o
FLASH_IRQHandler                                  build/startup_stm32f103x6_init.o
FLASH_PageErase                                   build/stm32f1xx_hal_flash_ex.o
                                                  build/stm32f1xx_hal_flash.o
FLASH_WaitForLastOperation                        build/stm32f1xx_hal_flash.o
                                                  build/stm32f1xx_hal_flash_ex.o
HAL_ADCEx_Calibration_Start                       build/stm32f1xx_hal_adc_ex.o
HAL_ADCEx_InjectedConfigChannel                   build/stm32f1xx_hal_adc_ex.o
HAL_ADCEx_InjectedConvCpltCallback                build/stm32f1xx_hal_adc_ex.o
                                                  build/stm32f1xx_hal_adc.o
HAL_ADCEx_InjectedGetValue                        build/stm32f1xx_hal_adc_ex.o
HAL_ADCEx_InjectedPollForConversion               build/stm32f1xx_hal_adc_ex.o
HAL_ADCEx_InjectedStart                           build/stm32f1xx_hal_adc_ex.o
HAL_ADCEx_InjectedStart_IT                        build/stm32f1xx_hal_adc_ex.o
HAL_ADCEx_InjectedStop                            build/stm32f1xx_hal_adc_ex.o
HAL_ADCEx_InjectedStop_IT                         build/stm32f1xx_hal_adc_ex.o
HAL_ADCEx_MultiModeConfigChannel                  build/stm32f1xx_hal_adc_ex.o
HAL_ADCEx_MultiModeGetValue                       build/stm32f1xx_hal_adc_ex.o
HAL_ADCEx_MultiModeStart_DMA                      build/stm32f1xx_hal_adc_ex.o
HAL_ADCEx_MultiModeStop_DMA                       build/stm32f1xx_hal_adc_ex.o
HAL_ADC_AnalogWDGConfig                           build/stm32f1xx_hal_adc.o
HAL_ADC_ConfigChannel                             build/stm32f1xx_hal_adc.o
                                                  build/adc.o
HAL_ADC_ConvCpltCallback                          build/driver_temp.o
HAL_ADC_ConvHalfCpltCallback                      build/stm32f1xx_hal_adc.o
HAL_ADC_DeInit                                    build/stm32f1xx_hal_adc.o
HAL_ADC_ErrorCallback                             build/stm32f1xx_hal_adc.o
HAL_ADC_GetError                                  build/stm32f1xx_hal_adc.o
HAL_ADC_GetState                                  build/stm32f1xx_hal_adc.o
HAL_ADC_GetValue                                  build/stm32f1xx_hal_adc.o
                                                  build/driver_temp.o
HAL_ADC_IRQHandler                                build/stm32f1xx_hal_adc.o
                                                  build/stm32f1xx_it.o
HAL_ADC_Init                                      build/stm32f1xx_hal_adc.o
                                                  build/adc.o
HAL_ADC_LevelOutOfWindowCallback                  build/stm32f1xx_hal_adc.o
HAL_ADC_MspDeInit                                 build/adc.o
HAL_ADC_MspInit                                   build/adc.o
HAL_ADC_PollForConversion                         build/stm32f1xx_hal_adc.o
HAL_ADC_PollForEvent                              build/stm32f1xx_hal_adc.o
HAL_ADC_Start                                     build/stm32f1xx_hal_adc.o
HAL_ADC_Start_DMA                                 build/stm32f1xx_hal_adc.o
HAL_ADC_Start_IT                                  build/stm32f1xx_hal_adc.o
                                                  build/driver_temp.o
HAL_ADC_Stop                                      build/stm32f1xx_hal_adc.o
HAL_ADC_Stop_DMA                                  build/stm32f1xx_hal_adc.o
HAL_ADC_Stop_IT                                   build/stm32f1xx_hal_adc.o
HAL_DBGMCU_DisableDBGSleepMode                    build/stm32f1xx_hal.o
HAL_DBGMCU_DisableDBGStandbyMode                  build/stm32f1xx_hal.o
HAL_DBGMCU_DisableDBGStopMode                     build/stm32f1xx_hal.o
HAL_DBGMCU_EnableDBGSleepMode                     build/stm32f1xx_hal.o
HAL_DBGMCU_EnableDBGStandbyMode                   build/stm32f1xx_hal.o
HAL_DBGMCU_EnableDBGStopMode                      build/stm32f1xx_hal.o
HAL_DMA_Abort                                     build/stm32f1xx_hal_dma.o
                                                  build/stm32f1xx_hal_adc_ex.o