Archive member included to satisfy reference by file (symbol)

c:/users/korisnik/desktop/gnu mcu/arm-none-eabi-gcc-10.2.1-1.1/bin/../lib/gcc/arm-none-eabi/10.2.1/../../../../arm-none-eabi/lib/thumb/v7-m/nofp\libc_nano.a(lib_a-exit.o)
                              c:/users/korisnik/desktop/gnu mcu/arm-none-eabi-gcc-10.2.1-1.1/bin/../lib/gcc/arm-none-eabi/10.2.1/../../../../arm-none-eabi/lib/thumb/v7-m/nofp/crt0.o (exit)
c:/users/korisnik/desktop/gnu mcu/arm-none-eabi-gcc-10.2.1-1.1/bin/../lib/gcc/arm-none-eabi/10.2.1/../../../../arm-none-eabi/lib/thumb/v7-m/nofp\libc_nano.a(lib_a-impure.o)
                              c:/users/korisnik/desktop/gnu mcu/arm-none-eabi-gcc-10.2.1-1.1/bin/../lib/gcc/arm-none-eabi/10.2.1/../../../../arm-none-eabi/lib/thumb/v7-m/nofp\libc_nano.a(lib_a-exit.o) (_global_impure_ptr)
c:/users/korisnik/desktop/gnu mcu/arm-none-eabi-gcc-10.2.1-1.1/bin/../lib/gcc/arm-none-eabi/10.2.1/../../../../arm-none-eabi/lib/thumb/v7-m/nofp\libc_nano.a(lib_a-init.o)
                              c:/users/korisnik/desktop/gnu mcu/arm-none-eabi-gcc-10.2.1-1.1/bin/../lib/gcc/arm-none-eabi/10.2.1/../../../../arm-none-eabi/lib/thumb/v7-m/nofp/crt0.o (__libc_init_array)
c:/users/korisnik/desktop/gnu mcu/arm-none-eabi-gcc-10.2.1-1.1/bin/../lib/gcc/arm-none-eabi/10.2.1/../../../../arm-none-eabi/lib/thumb/v7-m/nofp\libc_nano.a(lib_a-itoa.o)
                              build/homework.o (itoa)
c:/users/korisnik/desktop/gnu mcu/arm-none-eabi-gcc-10.2.1-1.1/bin/../lib/gcc/arm-none-eabi/10.2.1/../../../../arm-none-eabi/lib/thumb/v7-m/nofp\libc_nano.a(lib_a-memcpy-stub.o)
                              build/queue.o (memcpy)
c:/users/korisnik/desktop/gnu mcu/arm-none-eabi-gcc-10.2.1-1.1/bin/../lib/gcc/arm-none-eabi/10.2.1/../../../../arm-none-eabi/lib/thumb/v7-m/nofp\libc_nano.a(lib_a-memset.o)
                              c:/users/korisnik/desktop/gnu mcu/arm-none-eabi-gcc-10.2.1-1.1/bin/../lib/gcc/arm-none-eabi/10.2.1/../../../../arm-none-eabi/lib/thumb/v7-m/nofp/crt0.o (memset)
c:/users/korisnik/desktop/gnu mcu/arm-none-eabi-gcc-10.2.1-1.1/bin/../lib/gcc/arm-none-eabi/10.2.1/../../../../arm-none-eabi/lib/thumb/v7-m/nofp\libc_nano.a(lib_a-strlen.o)
                              build/driver_uart.o (strlen)
c:/users/korisnik/desktop/gnu mcu/arm-none-eabi-gcc-10.2.1-1.1/bin/../lib/gcc/arm-none-eabi/10.2.1/../../../../arm-none-eabi/lib/thumb/v7-m/nofp\libc_nano.a(lib_a-utoa.o)
                              c:/users/korisnik/desktop/gnu mcu/arm-none-eabi-gcc-10.2.1-1.1/bin/../lib/gcc/arm-none-eabi/10.2.1/../../../../arm-none-eabi/lib/thumb/v7-m/nofp\libc_nano.a(lib_a-itoa.o) (__utoa)
c:/users/korisnik/desktop/gnu mcu/arm-none-eabi-gcc-10.2.1-1.1/bin/../lib/gcc/arm-none-eabi/10.2.1/../../../../arm-none-eabi/lib/thumb/v7-m/nofp\libnosys.a(_exit.o)
                              c:/users/korisnik/desktop/gnu mcu/arm-none-eabi-gcc-10.2.1-1.1/bin/../lib/gcc/arm-none-eabi/10.2.1/../../../../arm-none-eabi/lib/thumb/v7-m/nofp\libc_nano.a(lib_a-exit.o) (_exit)
c:/users/korisnik/desktop/gnu mcu/arm-none-eabi-gcc-10.2.1-1.1/bin/../lib/gcc/arm-none-eabi/10.2.1/thumb/v7-m/nofp\libgcc.a(_arm_muldf3.o)
                              build/homework.o (__aeabi_dmul)
c:/users/korisnik/desktop/gnu mcu/arm-none-eabi-gcc-10.2.1-1.1/bin/../lib/gcc/arm-none-eabi/10.2.1/thumb/v7-m/nofp\libgcc.a(_arm_mulsf3.o)
                              build/driver_temp.o (__aeabi_fmul)
c:/users/korisnik/desktop/gnu mcu/arm-none-eabi-gcc-10.2.1-1.1/bin/../lib/gcc/arm-none-eabi/10.2.1/thumb/v7-m/nofp\libgcc.a(_arm_addsubdf3.o)
                              build/homework.o (__aeabi_ui2d)
c:/users/korisnik/desktop/gnu mcu/arm-none-eabi-gcc-10.2.1-1.1/bin/../lib/gcc/arm-none-eabi/10.2.1/thumb/v7-m/nofp\libgcc.a(_arm_fixunsdfsi.o)
                              build/homework.o (__aeabi_d2uiz)
c:/users/korisnik/desktop/gnu mcu/arm-none-eabi-gcc-10.2.1-1.1/bin/../lib/gcc/arm-none-eabi/10.2.1/thumb/v7-m/nofp\libgcc.a(_arm_addsubsf3.o)
                              build/driver_temp.o (__aeabi_ui2f)
c:/users/korisnik/desktop/gnu mcu/arm-none-eabi-gcc-10.2.1-1.1/bin/../lib/gcc/arm-none-eabi/10.2.1/thumb/v7-m/nofp\libgcc.a(_arm_fixsfsi.o)
                              build/homework.o (__aeabi_f2iz)
c:/users/korisnik/desktop/gnu mcu/arm-none-eabi-gcc-10.2.1-1.1/bin/../lib/gcc/arm-none-eabi/10.2.1/thumb/v7-m/nofp\libgcc.a(_arm_fixunssfsi.o)
                              build/homework.o (__aeabi_f2uiz)

Discarded input sections

 .text          0x0000000000000000        0x0 c:/users/korisnik/desktop/gnu mcu/arm-none-eabi-gcc-10.2.1-1.1/bin/../lib/gcc/arm-none-eabi/10.2.1/thumb/v7-m/nofp/crti.o
 .data          0x0000000000000000        0x0 c:/users/korisnik/desktop/gnu mcu/arm-none-eabi-gcc-10.2.1-1.1/bin/../lib/gcc/arm-none-eabi/10.2.1/thumb/v7-m/nofp/crti.o
 .bss           0x0000000000000000        0x0 c:/users/korisnik/desktop/gnu mcu/arm-none-eabi-gcc-10.2.1-1.1/bin/../lib/gcc/arm-none-eabi/10.2.1/thumb/v7-m/nofp/crti.o
[...]
Memory Configuration

Name             Origin             Length             Attributes
RAM              0x0000000020000000 0x0000000000002800 xrw
FLASH            0x0000000008000000 0x0000000000008000 xr
*default*        0x0000000000000000 0xffffffffffffffff

Linker script and memory map

LOAD c:/users/korisnik/desktop/gnu mcu/arm-none-eabi-gcc-10.2.1-1.1/bin/../lib/gcc/arm-none-eabi/10.2.1/thumb/v7-m/nofp/crti.o
LOAD c:/users/korisnik/desktop/gnu mcu/arm-none-eabi-gcc-10.2.1-1.1/bin/../lib/gcc/arm-none-eabi/10.2.1/thumb/v7-m/nofp/crtbegin.o
LOAD c:/users/korisnik/desktop/gnu mcu/arm-none-eabi-gcc-10.2.1-1.1/bin/../lib/gcc/arm-none-eabi/10.2.1/../../../../arm-none-eabi/lib/thumb/v7-m/nofp/crt0.o
LOAD build/driver_temp.o
LOAD build/driver_motor.o
LOAD build/driver_uart.o
LOAD build/driver_lcd.o
LOAD build/homework.o
LOAD build/main.o
LOAD build/gpio.o
LOAD build/freertos.o
LOAD build/tim.o
LOAD build/usart.o
LOAD build/stm32f1xx_it.o
LOAD build/stm32f1xx_hal_msp.o
LOAD build/stm32f1xx_hal_timebase_tim.o
LOAD build/stm32f1xx_hal_gpio_ex.o
LOAD build/stm32f1xx_hal.o
LOAD build/stm32f1xx_hal_rcc.o
LOAD build/stm32f1xx_hal_rcc_ex.o
LOAD build/stm32f1xx_hal_gpio.o
LOAD build/stm32f1xx_hal_dma.o
LOAD build/stm32f1xx_hal_cortex.o
LOAD build/stm32f1xx_hal_pwr.o
LOAD build/stm32f1xx_hal_flash.o
LOAD build/stm32f1xx_hal_flash_ex.o
LOAD build/stm32f1xx_hal_exti.o
LOAD build/stm32f1xx_hal_tim.o
LOAD build/stm32f1xx_hal_tim_ex.o
LOAD build/stm32f1xx_hal_uart.o
LOAD build/system_stm32f1xx.o
LOAD build/croutine.o
LOAD build/event_groups.o
LOAD build/list.o
LOAD build/queue.o
LOAD build/stream_buffer.o
LOAD build/tasks.o
LOAD build/timers.o
LOAD build/cmsis_os2.o
LOAD build/heap_4.o
LOAD build/port.o
LOAD build/adc.o
LOAD build/stm32f1xx_hal_adc.o
LOAD build/stm32f1xx_hal_adc_ex.o
LOAD build/startup_stm32f103x6_init.o
LOAD c:/users/korisnik/desktop/gnu mcu/arm-none-eabi-gcc-10.2.1-1.1/bin/../lib/gcc/arm-none-eabi/10.2.1/../../../../arm-none-eabi/lib/thumb/v7-m/nofp\libc_nano.a
LOAD c:/users/korisnik/desktop/gnu mcu/arm-none-eabi-gcc-10.2.1-1.1/bin/../lib/gcc/arm-none-eabi/10.2.1/../../../../arm-none-eabi/lib/thumb/v7-m/nofp\libm.a
LOAD c:/users/korisnik/desktop/gnu mcu/arm-none-eabi-gcc-10.2.1-1.1/bin/../lib/gcc/arm-none-eabi/10.2.1/../../../../arm-none-eabi/lib/thumb/v7-m/nofp\libnosys.a
START GROUP
LOAD c:/users/korisnik/desktop/gnu mcu/arm-none-eabi-gcc-10.2.1-1.1/bin/../lib/gcc/arm-none-eabi/10.2.1/thumb/v7-m/nofp\libgcc.a
LOAD c:/users/korisnik/desktop/gnu mcu/arm-none-eabi-gcc-10.2.1-1.1/bin/../lib/gcc/arm-none-eabi/10.2.1/../../../../arm-none-eabi/lib/thumb/v7-m/nofp\libc_nano.a
END GROUP
START GROUP
LOAD c:/users/korisnik/desktop/gnu mcu/arm-none-eabi-gcc-10.2.1-1.1/bin/../lib/gcc/arm-none-eabi/10.2.1/thumb/v7-m/nofp\libgcc.a
LOAD c:/users/korisnik/desktop/gnu mcu/arm-none-eabi-gcc-10.2.1-1.1/bin/../lib/gcc/arm-none-eabi/10.2.1/../../../../arm-none-eabi/lib/thumb/v7-m/nofp\libc_nano.a
END GROUP
LOAD c:/users/korisnik/desktop/gnu mcu/arm-none-eabi-gcc-10.2.1-1.1/bin/../lib/gcc/arm-none-eabi/10.2.1/thumb/v7-m/nofp/crtend.o
LOAD c:/users/korisnik/desktop/gnu mcu/arm-none-eabi-gcc-10.2.1-1.1/bin/../lib/gcc/arm-none-eabi/10.2.1/thumb/v7-m/nofp/crtn.o
                0x0000000020002800                _estack = 0x20002800
                0x0000000000000200                _Min_Heap_Size = 0x200
                0x0000000000000400                _Min_Stack_Size = 0x400

.isr_vector     0x0000000008000000      0x10c
                0x0000000008000000                . = ALIGN (0x4)
 *(.isr_vector)
 .isr_vector    0x0000000008000000      0x10c build/startup_stm32f103x6_init.o
                0x0000000008000000                g_pfnVectors
                0x000000000800010c                . = ALIGN (0x4)

.text           0x0000000008000110     0x6518
                0x0000000008000110                . = ALIGN (0x4)
 *(.text)
 .text          0x0000000008000110       0x10 c:/users/korisnik/desktop/gnu mcu/arm-none-eabi-gcc-10.2.1-1.1/bin/../lib/gcc/arm-none-eabi/10.2.1/../../../../arm-none-eabi/lib/thumb/v7-m/nofp\libc_nano.a(lib_a-strlen.o)
                0x0000000008000110                strlen
 .text          0x0000000008000120      0x254 c:/users/korisnik/desktop/gnu mcu/arm-none-eabi-gcc-10.2.1-1.1/bin/../lib/gcc/arm-none-eabi/10.2.1/thumb/v7-m/nofp\libgcc.a(_arm_muldf3.o)
                0x0000000008000120                __muldf3
                0x0000000008000120                __aeabi_dmul
 .text          0x0000000008000374      0x168 c:/users/korisnik/desktop/gnu mcu/arm-none-eabi-gcc-10.2.1-1.1/bin/../lib/gcc/arm-none-eabi/10.2.1/thumb/v7-m/nofp\libgcc.a(_arm_mulsf3.o)
                0x0000000008000374                __aeabi_fmul
                0x0000000008000374                __mulsf3
 .text          0x00000000080004dc      0x378 c:/users/korisnik/desktop/gnu mcu/arm-none-eabi-gcc-10.2.1-1.1/bin/../lib/gcc/arm-none-eabi/10.2.1/thumb/v7-m/nofp\libgcc.a(_arm_addsubdf3.o)
                0x00000000080004dc                __aeabi_drsub
                0x00000000080004e4                __aeabi_dsub
                0x00000000080004e4                __subdf3
                0x00000000080004e8                __aeabi_dadd
                0x00000000080004e8                __adddf3
                0x0000000008000760                __floatunsidf
                0x0000000008000760                __aeabi_ui2d
                0x0000000008000780                __floatsidf
                0x0000000008000780                __aeabi_i2d
                0x00000000080007a4                __aeabi_f2d
                0x00000000080007a4                __extendsfdf2
                0x00000000080007e8                __floatundidf
                0x00000000080007e8                __aeabi_ul2d
                0x00000000080007f8                __floatdidf
                0x00000000080007f8                __aeabi_l2d
 .text          0x0000000008000854       0x40 c:/users/korisnik/desktop/gnu mcu/arm-none-eabi-gcc-10.2.1-1.1/bin/../lib/gcc/arm-none-eabi/10.2.1/thumb/v7-m/nofp\libgcc.a(_arm_fixunsdfsi.o)
                0x0000000008000854                __aeabi_d2uiz
                0x0000000008000854                __fixunsdfsi
 .text          0x0000000008000894      0x21c c:/users/korisnik/desktop/gnu mcu/arm-none-eabi-gcc-10.2.1-1.1/bin/../lib/gcc/arm-none-eabi/10.2.1/thumb/v7-m/nofp\libgcc.a(_arm_addsubsf3.o)
                0x0000000008000894                __aeabi_frsub
                0x000000000800089c                __subsf3
                0x000000000800089c                __aeabi_fsub
                0x00000000080008a0                __aeabi_fadd
                0x00000000080008a0                __addsf3
                0x0000000008000a00                __aeabi_ui2f
                0x0000000008000a00                __floatunsisf
                0x0000000008000a08                __aeabi_i2f
                0x0000000008000a08                __floatsisf
                0x0000000008000a24                __aeabi_ul2f
                0x0000000008000a24                __floatundisf
                0x0000000008000a34                __aeabi_l2f
                0x0000000008000a34                __floatdisf
 .text          0x0000000008000ab0       0x4c c:/users/korisnik/desktop/gnu mcu/arm-none-eabi-gcc-10.2.1-1.1/bin/../lib/gcc/arm-none-eabi/10.2.1/thumb/v7-m/nofp\libgcc.a(_arm_fixsfsi.o)
                0x0000000008000ab0                __aeabi_f2iz
                0x0000000008000ab0                __fixsfsi
 .text          0x0000000008000afc       0x40 c:/users/korisnik/desktop/gnu mcu/arm-none-eabi-gcc-10.2.1-1.1/bin/../lib/gcc/arm-none-eabi/10.2.1/thumb/v7-m/nofp\libgcc.a(_arm_fixunssfsi.o)
                0x0000000008000afc                __fixunssfsi
                0x0000000008000afc                __aeabi_f2uiz
 *(.text*)
 .text.__do_global_dtors_aux
                0x0000000008000b3c       0x24 c:/users/korisnik/desktop/gnu mcu/arm-none-eabi-gcc-10.2.1-1.1/bin/../lib/gcc/arm-none-eabi/10.2.1/thumb/v7-m/nofp/crtbegin.o
 .text.frame_dummy
                0x0000000008000b60       0x1c c:/users/korisnik/desktop/gnu mcu/arm-none-eabi-gcc-10.2.1-1.1/bin/../lib/gcc/arm-none-eabi/10.2.1/thumb/v7-m/nofp/crtbegin.o
 .text.TEMP_Task
                0x0000000008000b7c       0xb0 build/driver_temp.o
 .text.adcToWindvane
                0x0000000008000c2c      0x104 build/driver_temp.o
                0x0000000008000c2c                adcToWindvane
 .text.HAL_ADC_ConvCpltCallback
                0x0000000008000d30       0x38 build/driver_temp.o
                0x0000000008000d30                HAL_ADC_ConvCpltCallback
 .text.TEMP_GetCurrentValue
                0x0000000008000d68       0x28 build/driver_temp.o
                0x0000000008000d68                TEMP_GetCurrentValue
 .text.Windwane_GetCurrentValue
                0x0000000008000d90       0x14 build/driver_temp.o
                0x0000000008000d90                Windwane_GetCurrentValue
 .text.TEMP_Init
                0x0000000008000da4       0x44 build/driver_temp.o
                0x0000000008000da4                TEMP_Init
 .text.MOTOR_SpeedIncrease
                0x0000000008000de8       0x24 build/driver_motor.o
                0x0000000008000de8                MOTOR_SpeedIncrease
 .text.MOTOR_SpeedDecrease
                0x0000000008000e0c       0x24 build/driver_motor.o
                0x0000000008000e0c                MOTOR_SpeedDecrease
 .text.MOTOR_Init
                0x0000000008000e30       0x14 build/driver_motor.o
                0x0000000008000e30                MOTOR_Init
 .text.UART_ReceiveTask
                0x0000000008000e44       0x44 build/driver_uart.o
 .text.UART_TransmitTask
                0x0000000008000e88       0x40 build/driver_uart.o
 .text.HAL_UART_TxCpltCallback
                0x0000000008000ec8       0x48 build/driver_uart.o
                0x0000000008000ec8                HAL_UART_TxCpltCallback
 .text.HAL_UART_RxCpltCallback
                0x0000000008000f10       0x48 build/driver_uart.o
                0x0000000008000f10                HAL_UART_RxCpltCallback
 .text.UART_Init
                0x0000000008000f58       0x90 build/driver_uart.o
                0x0000000008000f58                UART_Init
 .text.UART_AsyncTransmitCharacter
                0x0000000008000fe8       0x44 build/driver_uart.o
                0x0000000008000fe8                UART_AsyncTransmitCharacter
 .text.LCD_Write
                0x000000000800102c       0x28 build/driver_lcd.o
 .text.LCD_CommandInitiate
                0x0000000008001054       0x24 build/driver_lcd.o
 .text.LCD_Task
                0x0000000008001078       0x60 build/driver_lcd.o
 .text.LCD_Init
                0x00000000080010d8       0x44 build/driver_lcd.o
                0x00000000080010d8                LCD_Init
 .text.LCD_CommandEnqueue
                0x000000000800111c       0x28 build/driver_lcd.o
                0x000000000800111c                LCD_CommandEnqueue
 .text.led_dioda
                0x0000000008001144       0x34 build/homework.o
                0x0000000008001144                led_dioda
 .text.homeworkTask
                0x0000000008001178      0x26c build/homework.o
 *fill*         0x00000000080013e4        0x4 
 .text.HAL_TIM_IC_CaptureCallback
                0x00000000080013e8       0x78 build/homework.o
                0x00000000080013e8                HAL_TIM_IC_CaptureCallback
 .text.homeworkInit
                0x0000000008001460       0xa4 build/homework.o
                0x0000000008001460                homeworkInit
 .text.HAL_TIM_PeriodElapsedCallback
                0x0000000008001504       0x34 build/main.o
                0x0000000008001504                HAL_TIM_PeriodElapsedCallback
 .text.Error_Handler
                0x0000000008001538        0x4 build/main.o
                0x0000000008001538                Error_Handler
 .text.SystemClock_Config
                0x000000000800153c       0x84 build/main.o
                0x000000000800153c                SystemClock_Config
 .text.main     0x00000000080015c0       0x5c build/main.o
                0x00000000080015c0                main
 .text.MX_GPIO_Init
                0x000000000800161c       0xc8 build/gpio.o
                0x000000000800161c                MX_GPIO_Init
 .text.StartDefaultTask
                0x00000000080016e4       0x10 build/freertos.o
                0x00000000080016e4                StartDefaultTask
 .text.MX_FREERTOS_Init
                0x00000000080016f4       0x24 build/freertos.o
                0x00000000080016f4                MX_FREERTOS_Init
 .text.MX_TIM1_Init
                0x0000000008001718       0x88 build/tim.o
                0x0000000008001718                MX_TIM1_Init
 .text.HAL_TIM_IC_MspInit
                0x00000000080017a0       0x78 build/tim.o
                0x00000000080017a0                HAL_TIM_IC_MspInit
 .text.HAL_TIM_Base_MspInit
                0x0000000008001818       0x2c build/tim.o
                0x0000000008001818                HAL_TIM_Base_MspInit
 .text.HAL_TIM_MspPostInit
                0x0000000008001844       0x54 build/tim.o
                0x0000000008001844                HAL_TIM_MspPostInit
 .text.MX_TIM3_Init
                0x0000000008001898       0xcc build/tim.o
                0x0000000008001898                MX_TIM3_Init
 .text.MX_USART1_UART_Init
                0x0000000008001964       0x3c build/usart.o
                0x0000000008001964                MX_USART1_UART_Init
 .text.HAL_UART_MspInit
                0x00000000080019a0       0x94 build/usart.o
                0x00000000080019a0                HAL_UART_MspInit
 .text.NMI_Handler
                0x0000000008001a34        0x2 build/stm32f1xx_it.o
                0x0000000008001a34                NMI_Handler
 .text.HardFault_Handler
                0x0000000008001a36        0x2 build/stm32f1xx_it.o
                0x0000000008001a36                HardFault_Handler
 .text.MemManage_Handler
                0x0000000008001a38        0x2 build/stm32f1xx_it.o
                0x0000000008001a38                MemManage_Handler
 .text.BusFault_Handler
                0x0000000008001a3a        0x2 build/stm32f1xx_it.o
                0x0000000008001a3a                BusFault_Handler
 .text.UsageFault_Handler
                0x0000000008001a3c        0x2 build/stm32f1xx_it.o
                0x0000000008001a3c                UsageFault_Handler
 .text.DebugMon_Handler
                0x0000000008001a3e        0x2 build/stm32f1xx_it.o
                0x0000000008001a3e                DebugMon_Handler
 .text.ADC1_2_IRQHandler
                0x0000000008001a40       0x14 build/stm32f1xx_it.o
                0x0000000008001a40                ADC1_2_IRQHandler
 .text.TIM1_CC_IRQHandler
                0x0000000008001a54       0x14 build/stm32f1xx_it.o
                0x0000000008001a54                TIM1_CC_IRQHandler
 .text.TIM2_IRQHandler
                0x0000000008001a68       0x14 build/stm32f1xx_it.o
                0x0000000008001a68                TIM2_IRQHandler
 .text.USART1_IRQHandler
                0x0000000008001a7c       0x14 build/stm32f1xx_it.o
                0x0000000008001a7c                USART1_IRQHandler
 .text.HAL_MspInit
                0x0000000008001a90       0x58 build/stm32f1xx_hal_msp.o
                0x0000000008001a90                HAL_MspInit
 .text.HAL_InitTick
                0x0000000008001ae8       0x90 build/stm32f1xx_hal_timebase_tim.o
                0x0000000008001ae8                HAL_InitTick
 .text.HAL_Init
                0x0000000008001b78       0x30 build/stm32f1xx_hal.o
                0x0000000008001b78                HAL_Init
 .text.HAL_IncTick
                0x0000000008001ba8       0x18 build/stm32f1xx_hal.o
                0x0000000008001ba8                HAL_IncTick
 .text.HAL_GetTick
                0x0000000008001bc0        0xc build/stm32f1xx_hal.o
                0x0000000008001bc0                HAL_GetTick
 .text.RCC_Delay
                0x0000000008001bcc       0x2c build/stm32f1xx_hal_rcc.o
 .text.HAL_RCC_OscConfig
                0x0000000008001bf8      0x420 build/stm32f1xx_hal_rcc.o
                0x0000000008001bf8                HAL_RCC_OscConfig
 .text.HAL_RCC_GetSysClockFreq
                0x0000000008002018       0x6c build/stm32f1xx_hal_rcc.o
                0x0000000008002018                HAL_RCC_GetSysClockFreq
 .text.HAL_RCC_ClockConfig
                0x0000000008002084      0x178 build/stm32f1xx_hal_rcc.o
                0x0000000008002084                HAL_RCC_ClockConfig
 .text.HAL_RCC_GetHCLKFreq
                0x00000000080021fc        0xc build/stm32f1xx_hal_rcc.o
                0x00000000080021fc                HAL_RCC_GetHCLKFreq
 .text.HAL_RCC_GetPCLK1Freq
                0x0000000008002208       0x24 build/stm32f1xx_hal_rcc.o
                0x0000000008002208                HAL_RCC_GetPCLK1Freq
 .text.HAL_RCC_GetPCLK2Freq
                0x000000000800222c       0x24 build/stm32f1xx_hal_rcc.o
                0x000000000800222c                HAL_RCC_GetPCLK2Freq
 .text.HAL_RCC_GetClockConfig
                0x0000000008002250       0x3c build/stm32f1xx_hal_rcc.o
                0x0000000008002250                HAL_RCC_GetClockConfig
 .text.HAL_RCCEx_PeriphCLKConfig
                0x000000000800228c      0x11c build/stm32f1xx_hal_rcc_ex.o
                0x000000000800228c                HAL_RCCEx_PeriphCLKConfig
 .text.HAL_GPIO_Init
                0x00000000080023a8      0x220 build/stm32f1xx_hal_gpio.o
                0x00000000080023a8                HAL_GPIO_Init
 .text.HAL_GPIO_WritePin
                0x00000000080025c8        0xc build/stm32f1xx_hal_gpio.o
                0x00000000080025c8                HAL_GPIO_WritePin
 .text.HAL_GPIO_TogglePin
                0x00000000080025d4       0x12 build/stm32f1xx_hal_gpio.o
                0x00000000080025d4                HAL_GPIO_TogglePin
 .text.HAL_DMA_Abort
                0x00000000080025e6       0x44 build/stm32f1xx_hal_dma.o
                0x00000000080025e6                HAL_DMA_Abort
 *fill*         0x000000000800262a        0x2 
 .text.HAL_DMA_Abort_IT
                0x000000000800262c       0x98 build/stm32f1xx_hal_dma.o
                0x000000000800262c                HAL_DMA_Abort_IT
 .text.HAL_NVIC_SetPriorityGrouping
                0x00000000080026c4       0x24 build/stm32f1xx_hal_cortex.o
                0x00000000080026c4                HAL_NVIC_SetPriorityGrouping
 .text.HAL_NVIC_SetPriority
                0x00000000080026e8       0x70 build/stm32f1xx_hal_cortex.o
                0x00000000080026e8                HAL_NVIC_SetPriority
 .text.HAL_NVIC_EnableIRQ
                0x0000000008002758       0x1c build/stm32f1xx_hal_cortex.o
                0x0000000008002758                HAL_NVIC_EnableIRQ
 .text.TIM_OC1_SetConfig
                0x0000000008002774       0x5c build/stm32f1xx_hal_tim.o
 .text.TIM_OC3_SetConfig
                0x00000000080027d0       0x64 build/stm32f1xx_hal_tim.o
 .text.TIM_OC4_SetConfig
                0x0000000008002834       0x48 build/stm32f1xx_hal_tim.o
 .text.TIM_TI1_ConfigInputStage
                0x000000000800287c       0x24 build/stm32f1xx_hal_tim.o
 .text.TIM_TI2_SetConfig
                0x00000000080028a0       0x36 build/stm32f1xx_hal_tim.o
 .text.TIM_TI2_ConfigInputStage
                0x00000000080028d6       0x26 build/stm32f1xx_hal_tim.o
 .text.TIM_TI3_SetConfig
                0x00000000080028fc       0x36 build/stm32f1xx_hal_tim.o
 .text.TIM_TI4_SetConfig
                0x0000000008002932       0x36 build/stm32f1xx_hal_tim.o
 .text.TIM_ITRx_SetConfig
                0x0000000008002968       0x10 build/stm32f1xx_hal_tim.o
 .text.HAL_TIM_Base_Start_IT
                0x0000000008002978       0x60 build/stm32f1xx_hal_tim.o
                0x0000000008002978                HAL_TIM_Base_Start_IT
 .text.HAL_TIM_PWM_MspInit
                0x00000000080029d8        0x2 build/stm32f1xx_hal_tim.o
                0x00000000080029d8                HAL_TIM_PWM_MspInit
 .text.HAL_TIM_OC_DelayElapsedCallback
                0x00000000080029da        0x2 build/stm32f1xx_hal_tim.o
                0x00000000080029da                HAL_TIM_OC_DelayElapsedCallback
 .text.HAL_TIM_PWM_PulseFinishedCallback
                0x00000000080029dc        0x2 build/stm32f1xx_hal_tim.o
                0x00000000080029dc                HAL_TIM_PWM_PulseFinishedCallback
 .text.HAL_TIM_TriggerCallback
                0x00000000080029de        0x2 build/stm32f1xx_hal_tim.o
                0x00000000080029de                HAL_TIM_TriggerCallback
 .text.HAL_TIM_IRQHandler
                0x00000000080029e0      0x198 build/stm32f1xx_hal_tim.o
                0x00000000080029e0                HAL_TIM_IRQHandler
 .text.TIM_Base_SetConfig
                0x0000000008002b78       0x64 build/stm32f1xx_hal_tim.o
                0x0000000008002b78                TIM_Base_SetConfig
 .text.HAL_TIM_Base_Init
                0x0000000008002bdc       0x60 build/stm32f1xx_hal_tim.o
                0x0000000008002bdc                HAL_TIM_Base_Init
 .text.HAL_TIM_PWM_Init
                0x0000000008002c3c       0x60 build/stm32f1xx_hal_tim.o
                0x0000000008002c3c                HAL_TIM_PWM_Init
 .text.HAL_TIM_IC_Init
                0x0000000008002c9c       0x60 build/stm32f1xx_hal_tim.o
                0x0000000008002c9c                HAL_TIM_IC_Init
 .text.TIM_OC2_SetConfig
                0x0000000008002cfc       0x64 build/stm32f1xx_hal_tim.o
                0x0000000008002cfc                TIM_OC2_SetConfig
 .text.HAL_TIM_PWM_ConfigChannel
                0x0000000008002d60       0xe0 build/stm32f1xx_hal_tim.o
                0x0000000008002d60                HAL_TIM_PWM_ConfigChannel
 .text.TIM_TI1_SetConfig
                0x0000000008002e40       0x50 build/stm32f1xx_hal_tim.o
                0x0000000008002e40                TIM_TI1_SetConfig
 .text.HAL_TIM_IC_ConfigChannel
                0x0000000008002e90       0xc4 build/stm32f1xx_hal_tim.o
                0x0000000008002e90                HAL_TIM_IC_ConfigChannel
 .text.TIM_ETR_SetConfig
                0x0000000008002f54       0x18 build/stm32f1xx_hal_tim.o
                0x0000000008002f54                TIM_ETR_SetConfig
 .text.HAL_TIM_ConfigClockSource
                0x0000000008002f6c       0xec build/stm32f1xx_hal_tim.o
                0x0000000008002f6c                HAL_TIM_ConfigClockSource
 .text.TIM_CCxChannelCmd
                0x0000000008003058       0x1e build/stm32f1xx_hal_tim.o
                0x0000000008003058                TIM_CCxChannelCmd
 *fill*         0x0000000008003076        0x2 
 .text.HAL_TIM_OC_Start
                0x0000000008003078       0xd8 build/stm32f1xx_hal_tim.o
                0x0000000008003078                HAL_TIM_OC_Start
 .text.HAL_TIM_IC_Start_IT
                0x0000000008003150      0x14c build/stm32f1xx_hal_tim.o
                0x0000000008003150                HAL_TIM_IC_Start_IT
 .text.HAL_TIMEx_MasterConfigSynchronization
                0x000000000800329c       0x64 build/stm32f1xx_hal_tim_ex.o
                0x000000000800329c                HAL_TIMEx_MasterConfigSynchronization
 .text.HAL_TIMEx_CommutCallback
                0x0000000008003300        0x2 build/stm32f1xx_hal_tim_ex.o
                0x0000000008003300                HAL_TIMEx_CommutCallback
 .text.HAL_TIMEx_BreakCallback
                0x0000000008003302        0x2 build/stm32f1xx_hal_tim_ex.o
                0x0000000008003302                HAL_TIMEx_BreakCallback
 .text.UART_EndRxTransfer
                0x0000000008003304       0x32 build/stm32f1xx_hal_uart.o
 .text.UART_Transmit_IT
                0x0000000008003336       0x60 build/stm32f1xx_hal_uart.o
 *fill*         0x0000000008003396        0x2 
 .text.UART_SetConfig
                0x0000000008003398       0x9c build/stm32f1xx_hal_uart.o
 .text.HAL_UART_Init
                0x0000000008003434       0x68 build/stm32f1xx_hal_uart.o
                0x0000000008003434                HAL_UART_Init
 .text.HAL_UART_Transmit_IT
                0x000000000800349c       0x4e build/stm32f1xx_hal_uart.o
                0x000000000800349c                HAL_UART_Transmit_IT
 *fill*         0x00000000080034ea        0x2 
 .text.UART_EndTransmit_IT
                0x00000000080034ec       0x20 build/stm32f1xx_hal_uart.o
 .text.HAL_UART_ErrorCallback
                0x000000000800350c        0x2 build/stm32f1xx_hal_uart.o
                0x000000000800350c                HAL_UART_ErrorCallback
 *fill*         0x000000000800350e        0x2 
 .text.UART_DMAAbortOnError
                0x0000000008003510       0x14 build/stm32f1xx_hal_uart.o
 .text.HAL_UARTEx_RxEventCallback
                0x0000000008003524        0x2 build/stm32f1xx_hal_uart.o
                0x0000000008003524                HAL_UARTEx_RxEventCallback
 *fill*         0x0000000008003526        0x2 
 .text.UART_Receive_IT
                0x0000000008003528       0xdc build/stm32f1xx_hal_uart.o
 .text.HAL_UART_IRQHandler
                0x0000000008003604      0x224 build/stm32f1xx_hal_uart.o
                0x0000000008003604                HAL_UART_IRQHandler
 .text.UART_Start_Receive_IT
                0x0000000008003828       0x36 build/stm32f1xx_hal_uart.o
                0x0000000008003828                UART_Start_Receive_IT
 *fill*         0x000000000800385e        0x2 
 .text.HAL_UART_Receive_IT
                0x0000000008003860       0x3c build/stm32f1xx_hal_uart.o
                0x0000000008003860                HAL_UART_Receive_IT
 .text.SystemInit
                0x000000000800389c        0x2 build/system_stm32f1xx.o
                0x000000000800389c                SystemInit
 .text.vListInitialise
                0x000000000800389e       0x16 build/list.o
                0x000000000800389e                vListInitialise
 .text.vListInitialiseItem
                0x00000000080038b4        0x6 build/list.o
                0x00000000080038b4                vListInitialiseItem
 .text.vListInsertEnd
                0x00000000080038ba       0x16 build/list.o
                0x00000000080038ba                vListInsertEnd
 .text.vListInsert
                0x00000000080038d0       0x32 build/list.o
                0x00000000080038d0                vListInsert
 .text.uxListRemove
                0x0000000008003902       0x26 build/list.o
                0x0000000008003902                uxListRemove
 .text.prvGetDisinheritPriorityAfterTimeout
                0x0000000008003928       0x10 build/queue.o
 .text.prvIsQueueFull
                0x0000000008003938       0x28 build/queue.o
 .text.prvIsQueueEmpty
                0x0000000008003960       0x24 build/queue.o
 .text.prvCopyDataToQueue
                0x0000000008003984       0x80 build/queue.o
 .text.prvCopyDataFromQueue
                0x0000000008003a04       0x28 build/queue.o
 .text.prvUnlockQueue
                0x0000000008003a2c       0x80 build/queue.o
 .text.xQueueGenericReset
                0x0000000008003aac       0x94 build/queue.o
                0x0000000008003aac                xQueueGenericReset
 .text.prvInitialiseNewQueue
                0x0000000008003b40       0x28 build/queue.o
 .text.xQueueGenericCreateStatic
                0x0000000008003b68       0x98 build/queue.o
                0x0000000008003b68                xQueueGenericCreateStatic
 .text.xQueueGenericCreate
                0x0000000008003c00       0x58 build/queue.o
                0x0000000008003c00                xQueueGenericCreate
 .text.xQueueGenericSend
                0x0000000008003c58      0x1b8 build/queue.o
                0x0000000008003c58                xQueueGenericSend
 .text.prvInitialiseMutex
                0x0000000008003e10       0x1c build/queue.o
 .text.xQueueCreateMutex
                0x0000000008003e2c       0x20 build/queue.o
                0x0000000008003e2c                xQueueCreateMutex
 .text.xQueueGenericSendFromISR
                0x0000000008003e4c       0xd8 build/queue.o
                0x0000000008003e4c                xQueueGenericSendFromISR
 .text.xQueueReceive
                0x0000000008003f24      0x190 build/queue.o
                0x0000000008003f24                xQueueReceive
 .text.xQueueSemaphoreTake
                0x00000000080040b4      0x1e4 build/queue.o
                0x00000000080040b4                xQueueSemaphoreTake
 .text.xQueuePeek
                0x0000000008004298      0x190 build/queue.o
                0x0000000008004298                xQueuePeek
 .text.vQueueAddToRegistry
                0x0000000008004428       0x28 build/queue.o
                0x0000000008004428                vQueueAddToRegistry
 .text.vQueueWaitForMessageRestricted
                0x0000000008004450       0x64 build/queue.o
                0x0000000008004450                vQueueWaitForMessageRestricted
 .text.prvResetNextTaskUnblockTime
                0x00000000080044b4       0x2c build/tasks.o
 .text.prvInitialiseNewTask
                0x00000000080044e0       0xa8 build/tasks.o
 .text.prvInitialiseTaskLists
                0x0000000008004588       0x64 build/tasks.o
 .text.prvAddNewTaskToReadyList
                0x00000000080045ec       0xbc build/tasks.o
 .text.prvDeleteTCB
                0x00000000080046a8       0x3c build/tasks.o
 .text.prvCheckTasksWaitingTermination
                0x00000000080046e4       0x5c build/tasks.o
 .text.prvIdleTask
                0x0000000008004740       0x2c build/tasks.o
 .text.prvAddCurrentTaskToDelayedList
                0x000000000800476c       0x88 build/tasks.o
 .text.xTaskCreateStatic
                0x00000000080047f4       0x7c build/tasks.o
                0x00000000080047f4                xTaskCreateStatic
 .text.xTaskCreate
                0x0000000008004870       0x78 build/tasks.o
                0x0000000008004870                xTaskCreate
 .text.vTaskStartScheduler
                0x00000000080048e8       0xac build/tasks.o
                0x00000000080048e8                vTaskStartScheduler
 .text.vTaskSuspendAll
                0x0000000008004994       0x10 build/tasks.o
                0x0000000008004994                vTaskSuspendAll
 .text.xTaskGetTickCount
                0x00000000080049a4        0xc build/tasks.o
                0x00000000080049a4                xTaskGetTickCount
 .text.xTaskIncrementTick
                0x00000000080049b0      0x124 build/tasks.o
                0x00000000080049b0                xTaskIncrementTick
 .text.xTaskResumeAll
                0x0000000008004ad4      0x10c build/tasks.o
                0x0000000008004ad4                xTaskResumeAll
 .text.vTaskDelay
                0x0000000008004be0       0x58 build/tasks.o
                0x0000000008004be0                vTaskDelay
 .text.vTaskSwitchContext
                0x0000000008004c38       0x94 build/tasks.o
                0x0000000008004c38                vTaskSwitchContext
 .text.vTaskPlaceOnEventList
                0x0000000008004ccc       0x38 build/tasks.o
                0x0000000008004ccc                vTaskPlaceOnEventList
 .text.vTaskPlaceOnEventListRestricted
                0x0000000008004d04       0x40 build/tasks.o
                0x0000000008004d04                vTaskPlaceOnEventListRestricted
 .text.xTaskRemoveFromEventList
                0x0000000008004d44       0x94 build/tasks.o
                0x0000000008004d44                xTaskRemoveFromEventList
 .text.vTaskInternalSetTimeOutState
                0x0000000008004dd8       0x18 build/tasks.o
                0x0000000008004dd8                vTaskInternalSetTimeOutState
 .text.xTaskCheckForTimeOut
                0x0000000008004df0       0x90 build/tasks.o
                0x0000000008004df0                xTaskCheckForTimeOut
 .text.vTaskMissedYield
                0x0000000008004e80        0xc build/tasks.o
                0x0000000008004e80                vTaskMissedYield
 .text.xTaskGetSchedulerState
                0x0000000008004e8c       0x20 build/tasks.o
                0x0000000008004e8c                xTaskGetSchedulerState
 .text.xTaskPriorityInherit
                0x0000000008004eac       0xa0 build/tasks.o
                0x0000000008004eac                xTaskPriorityInherit
 .text.xTaskPriorityDisinherit
                0x0000000008004f4c       0x98 build/tasks.o
                0x0000000008004f4c                xTaskPriorityDisinherit
 .text.vTaskPriorityDisinheritAfterTimeout
                0x0000000008004fe4       0xa8 build/tasks.o
                0x0000000008004fe4                vTaskPriorityDisinheritAfterTimeout
 .text.pvTaskIncrementMutexHeldCount
                0x000000000800508c       0x1c build/tasks.o
                0x000000000800508c                pvTaskIncrementMutexHeldCount
 .text.ulTaskNotifyTake
                0x00000000080050a8       0x84 build/tasks.o
                0x00000000080050a8                ulTaskNotifyTake
 .text.vTaskNotifyGiveFromISR
                0x000000000800512c       0xdc build/tasks.o
                0x000000000800512c                vTaskNotifyGiveFromISR
 .text.prvGetNextExpireTime
                0x0000000008005208       0x20 build/timers.o
 .text.prvInsertTimerInActiveList
                0x0000000008005228       0x4c build/timers.o
 .text.prvCheckForValidListAndQueue
                0x0000000008005274       0x80 build/timers.o
 .text.prvInitialiseNewTimer
                0x00000000080052f4       0x48 build/timers.o
 .text.xTimerCreateTimerTask
                0x000000000800533c       0x70 build/timers.o
                0x000000000800533c                xTimerCreateTimerTask
 .text.xTimerCreate
                0x00000000080053ac       0x40 build/timers.o
                0x00000000080053ac                xTimerCreate
 .text.xTimerGenericCommand
                0x00000000080053ec       0x78 build/timers.o
                0x00000000080053ec                xTimerGenericCommand
 .text.prvSwitchTimerLists
                0x0000000008005464       0x88 build/timers.o
 .text.prvSampleTimeNow
                0x00000000080054ec       0x34 build/timers.o
 .text.prvProcessExpiredTimer
                0x0000000008005520       0x6c build/timers.o
 .text.prvProcessTimerOrBlockTask
                0x000000000800558c       0x88 build/timers.o
 .text.prvProcessReceivedCommands
                0x0000000008005614      0x110 build/timers.o
 .text.prvTimerTask
                0x0000000008005724       0x24 build/timers.o
 .text.osKernelInitialize
                0x0000000008005748       0x44 build/cmsis_os2.o
                0x0000000008005748                osKernelInitialize
 .text.osKernelStart
                0x000000000800578c       0x50 build/cmsis_os2.o
                0x000000000800578c                osKernelStart
 .text.osThreadNew
                0x00000000080057dc       0xf4 build/cmsis_os2.o
                0x00000000080057dc                osThreadNew
 .text.osDelay  0x00000000080058d0       0x48 build/cmsis_os2.o
                0x00000000080058d0                osDelay
 .text.vApplicationGetIdleTaskMemory
                0x0000000008005918       0x18 build/cmsis_os2.o
                0x0000000008005918                vApplicationGetIdleTaskMemory
 .text.vApplicationGetTimerTaskMemory
                0x0000000008005930       0x18 build/cmsis_os2.o
                0x0000000008005930                vApplicationGetTimerTaskMemory
 .text.prvHeapInit
                0x0000000008005948       0x64 build/heap_4.o
 .text.prvInsertBlockIntoFreeList
                0x00000000080059ac       0x60 build/heap_4.o
 .text.pvPortMalloc
                0x0000000008005a0c      0x100 build/heap_4.o
                0x0000000008005a0c                pvPortMalloc
 .text.vPortFree
                0x0000000008005b0c       0x7c build/heap_4.o
                0x0000000008005b0c                vPortFree
 .text.prvTaskExitError
                0x0000000008005b88       0x40 build/port.o
 .text.prvPortStartFirstTask
                0x0000000008005bc8       0x20 build/port.o
 .text.pxPortInitialiseStack
                0x0000000008005be8       0x24 build/port.o
                0x0000000008005be8                pxPortInitialiseStack
 *fill*         0x0000000008005c0c        0x4 
 .text.SVC_Handler
                0x0000000008005c10       0x24 build/port.o
                0x0000000008005c10                SVC_Handler
 .text.vPortEnterCritical
                0x0000000008005c34       0x44 build/port.o
                0x0000000008005c34                vPortEnterCritical
 .text.vPortExitCritical
                0x0000000008005c78       0x2c build/port.o
                0x0000000008005c78                vPortExitCritical
 *fill*         0x0000000008005ca4        0xc 
 .text.PendSV_Handler
                0x0000000008005cb0       0x44 build/port.o
                0x0000000008005cb0                PendSV_Handler
 .text.SysTick_Handler
                0x0000000008005cf4       0x30 build/port.o
                0x0000000008005cf4                SysTick_Handler
 .text.vPortSetupTimerInterrupt
                0x0000000008005d24       0x28 build/port.o
                0x0000000008005d24                vPortSetupTimerInterrupt
 .text.xPortStartScheduler
                0x0000000008005d4c       0xb8 build/port.o
                0x0000000008005d4c                xPortStartScheduler
 .text.vPortValidateInterruptPriority
                0x0000000008005e04       0x5c build/port.o
                0x0000000008005e04                vPortValidateInterruptPriority
 .text.MX_ADC1_Init
                0x0000000008005e60       0x68 build/adc.o
                0x0000000008005e60                MX_ADC1_Init
 .text.HAL_ADC_MspInit
                0x0000000008005ec8       0x7c build/adc.o
                0x0000000008005ec8                HAL_ADC_MspInit
 .text.HAL_ADC_GetValue
                0x0000000008005f44        0x6 build/stm32f1xx_hal_adc.o
                0x0000000008005f44                HAL_ADC_GetValue
 .text.HAL_ADC_LevelOutOfWindowCallback
                0x0000000008005f4a        0x2 build/stm32f1xx_hal_adc.o
                0x0000000008005f4a                HAL_ADC_LevelOutOfWindowCallback
 .text.HAL_ADC_IRQHandler
                0x0000000008005f4c      0x118 build/stm32f1xx_hal_adc.o
                0x0000000008005f4c                HAL_ADC_IRQHandler
 .text.HAL_ADC_ConfigChannel
                0x0000000008006064      0x144 build/stm32f1xx_hal_adc.o
                0x0000000008006064                HAL_ADC_ConfigChannel
 .text.ADC_Enable
                0x00000000080061a8       0x8c build/stm32f1xx_hal_adc.o
                0x00000000080061a8                ADC_Enable
 .text.HAL_ADC_Start_IT
                0x0000000008006234       0xf4 build/stm32f1xx_hal_adc.o
                0x0000000008006234                HAL_ADC_Start_IT
 .text.ADC_ConversionStop_Disable
                0x0000000008006328       0x5c build/stm32f1xx_hal_adc.o
                0x0000000008006328                ADC_ConversionStop_Disable
 .text.HAL_ADC_Init
                0x0000000008006384      0x110 build/stm32f1xx_hal_adc.o
                0x0000000008006384                HAL_ADC_Init
 .text.HAL_ADCEx_InjectedConvCpltCallback
                0x0000000008006494        0x2 build/stm32f1xx_hal_adc_ex.o
                0x0000000008006494                HAL_ADCEx_InjectedConvCpltCallback
 *fill*         0x0000000008006496        0x2 
 .text.Reset_Handler
                0x0000000008006498       0x48 build/startup_stm32f103x6_init.o
                0x0000000008006498                Reset_Handler
 .text.Default_Handler
                0x00000000080064e0        0x2 build/startup_stm32f103x6_init.o
                0x00000000080064e0                RTC_Alarm_IRQHandler
                0x00000000080064e0                EXTI2_IRQHandler
                0x00000000080064e0                PVD_IRQHandler
                0x00000000080064e0                EXTI3_IRQHandler
                0x00000000080064e0                EXTI0_IRQHandler
                0x00000000080064e0                SPI1_IRQHandler
                0x00000000080064e0                TAMPER_IRQHandler
                0x00000000080064e0                DMA1_Channel4_IRQHandler
                0x00000000080064e0                RTC_IRQHandler
                0x00000000080064e0                DMA1_Channel7_IRQHandler
                0x00000000080064e0                CAN1_RX1_IRQHandler
                0x00000000080064e0                I2C1_EV_IRQHandler
                0x00000000080064e0                DMA1_Channel6_IRQHandler
                0x00000000080064e0                TIM3_IRQHandler
                0x00000000080064e0                RCC_IRQHandler
                0x00000000080064e0                TIM1_TRG_COM_IRQHandler
                0x00000000080064e0                DMA1_Channel1_IRQHandler
                0x00000000080064e0                Default_Handler
                0x00000000080064e0                EXTI15_10_IRQHandler
                0x00000000080064e0                EXTI9_5_IRQHandler
                0x00000000080064e0                DMA1_Channel5_IRQHandler
                0x00000000080064e0                EXTI4_IRQHandler
                0x00000000080064e0                USB_LP_CAN1_RX0_IRQHandler
                0x00000000080064e0                USB_HP_CAN1_TX_IRQHandler
                0x00000000080064e0                DMA1_Channel3_IRQHandler
                0x00000000080064e0                TIM1_UP_IRQHandler
                0x00000000080064e0                WWDG_IRQHandler
                0x00000000080064e0                TIM1_BRK_IRQHandler
                0x00000000080064e0                EXTI1_IRQHandler
                0x00000000080064e0                USART2_IRQHandler
                0x00000000080064e0                DMA1_Channel2_IRQHandler
                0x00000000080064e0                CAN1_SCE_IRQHandler
                0x00000000080064e0                FLASH_IRQHandler
                0x00000000080064e0                I2C1_ER_IRQHandler
                0x00000000080064e0                USBWakeUp_IRQHandler
 *fill*         0x00000000080064e2        0x2 
 .text.__libc_init_array
                0x00000000080064e4       0x48 c:/users/korisnik/desktop/gnu mcu/arm-none-eabi-gcc-10.2.1-1.1/bin/../lib/gcc/arm-none-eabi/10.2.1/../../../../arm-none-eabi/lib/thumb/v7-m/nofp\libc_nano.a(lib_a-init.o)
                0x00000000080064e4                __libc_init_array
 .text.__itoa   0x000000000800652c       0x30 c:/users/korisnik/desktop/gnu mcu/arm-none-eabi-gcc-10.2.1-1.1/bin/../lib/gcc/arm-none-eabi/10.2.1/../../../../arm-none-eabi/lib/thumb/v7-m/nofp\libc_nano.a(lib_a-itoa.o)
                0x000000000800652c                __itoa
 .text.itoa     0x000000000800655c        0x4 c:/users/korisnik/desktop/gnu mcu/arm-none-eabi-gcc-10.2.1-1.1/bin/../lib/gcc/arm-none-eabi/10.2.1/../../../../arm-none-eabi/lib/thumb/v7-m/nofp\libc_nano.a(lib_a-itoa.o)
                0x000000000800655c                itoa
 .text.memcpy   0x0000000008006560       0x1c c:/users/korisnik/desktop/gnu mcu/arm-none-eabi-gcc-10.2.1-1.1/bin/../lib/gcc/arm-none-eabi/10.2.1/../../../../arm-none-eabi/lib/thumb/v7-m/nofp\libc_nano.a(lib_a-memcpy-stub.o)
                0x0000000008006560                memcpy
 .text.memset   0x000000000800657c       0x10 c:/users/korisnik/desktop/gnu mcu/arm-none-eabi-gcc-10.2.1-1.1/bin/../lib/gcc/arm-none-eabi/10.2.1/../../../../arm-none-eabi/lib/thumb/v7-m/nofp\libc_nano.a(lib_a-memset.o)
                0x000000000800657c                memset
 .text.__utoa   0x000000000800658c       0x84 c:/users/korisnik/desktop/gnu mcu/arm-none-eabi-gcc-10.2.1-1.1/bin/../lib/gcc/arm-none-eabi/10.2.1/../../../../arm-none-eabi/lib/thumb/v7-m/nofp\libc_nano.a(lib_a-utoa.o)
                0x000000000800658c                __utoa
 *(.glue_7)
 .glue_7        0x0000000008006610        0x0 linker stubs
 *(.glue_7t)
 .glue_7t       0x0000000008006610        0x0 linker stubs
 *(.eh_frame)
 .eh_frame      0x0000000008006610        0x0 c:/users/korisnik/desktop/gnu mcu/arm-none-eabi-gcc-10.2.1-1.1/bin/../lib/gcc/arm-none-eabi/10.2.1/thumb/v7-m/nofp/crtbegin.o
 *(.init)
 .init          0x0000000008006610        0x4 c:/users/korisnik/desktop/gnu mcu/arm-none-eabi-gcc-10.2.1-1.1/bin/../lib/gcc/arm-none-eabi/10.2.1/thumb/v7-m/nofp/crti.o
                0x0000000008006610                _init
 .init          0x0000000008006614        0x8 c:/users/korisnik/desktop/gnu mcu/arm-none-eabi-gcc-10.2.1-1.1/bin/../lib/gcc/arm-none-eabi/10.2.1/thumb/v7-m/nofp/crtn.o
 *(.fini)
 .fini          0x000000000800661c        0x4 c:/users/korisnik/desktop/gnu mcu/arm-none-eabi-gcc-10.2.1-1.1/bin/../lib/gcc/arm-none-eabi/10.2.1/thumb/v7-m/nofp/crti.o
                0x000000000800661c                _fini
 .fini          0x0000000008006620        0x8 c:/users/korisnik/desktop/gnu mcu/arm-none-eabi-gcc-10.2.1-1.1/bin/../lib/gcc/arm-none-eabi/10.2.1/thumb/v7-m/nofp/crtn.o
                0x0000000008006628                . = ALIGN (0x4)
                0x0000000008006628                _etext = .

.vfp11_veneer   0x0000000008006628        0x0
 .vfp11_veneer  0x0000000008006628        0x0 linker stubs

.v4_bx          0x0000000008006628        0x0
 .v4_bx         0x0000000008006628        0x0 linker stubs

.iplt           0x0000000008006628        0x0
 .iplt          0x0000000008006628        0x0 c:/users/korisnik/desktop/gnu mcu/arm-none-eabi-gcc-10.2.1-1.1/bin/../lib/gcc/arm-none-eabi/10.2.1/thumb/v7-m/nofp/crtbegin.o

.rodata         0x0000000008006628      0x110
                0x0000000008006628                . = ALIGN (0x4)
 *(.rodata)
 .rodata        0x0000000008006628       0x10 build/homework.o
 *(.rodata*)
 .rodata.TEMP_Init.str1.4
                0x0000000008006638        0xa build/driver_temp.o
 *fill*         0x0000000008006642        0x2 
 .rodata.UART_Init.str1.4
                0x0000000008006644       0x1c build/driver_uart.o
 .rodata.LCD_Init.str1.4
                0x0000000008006660        0x9 build/driver_lcd.o
 *fill*         0x0000000008006669        0x3 
 .rodata.homeworkTask.str1.4
                0x000000000800666c       0x15 build/homework.o
 *fill*         0x0000000008006681        0x3 
 .rodata.homeworkInit.str1.4
                0x0000000008006684       0x15 build/homework.o
 *fill*         0x0000000008006699        0x3 
 .rodata.str1.4
                0x000000000800669c        0xc build/freertos.o
 .rodata.defaultTask_attributes
                0x00000000080066a8       0x24 build/freertos.o
                0x00000000080066a8                defaultTask_attributes
 .rodata.HAL_RCC_GetSysClockFreq.str1.4
                0x00000000080066cc       0x11 build/stm32f1xx_hal_rcc.o
 *fill*         0x00000000080066dd        0x3 
 .rodata.AHBPrescTable
                0x00000000080066e0       0x10 build/system_stm32f1xx.o
                0x00000000080066e0                AHBPrescTable
 .rodata.APBPrescTable
                0x00000000080066f0        0x8 build/system_stm32f1xx.o
                0x00000000080066f0                APBPrescTable
 .rodata.vTaskStartScheduler.str1.4
                0x00000000080066f8        0x5 build/tasks.o
 *fill*         0x00000000080066fd        0x3 
 .rodata.prvCheckForValidListAndQueue.str1.4
                0x0000000008006700        0x5 build/timers.o
 *fill*         0x0000000008006705        0x3 
 .rodata.xTimerCreateTimerTask.str1.4
                0x0000000008006708        0x8 build/timers.o
 .rodata.__utoa.str1.1
                0x0000000008006710       0x25 c:/users/korisnik/desktop/gnu mcu/arm-none-eabi-gcc-10.2.1-1.1/bin/../lib/gcc/arm-none-eabi/10.2.1/../../../../arm-none-eabi/lib/thumb/v7-m/nofp\libc_nano.a(lib_a-utoa.o)
                0x0000000008006738                . = ALIGN (0x4)
 *fill*         0x0000000008006735        0x3 

.rel.dyn        0x0000000008006738        0x0
 .rel.iplt      0x0000000008006738        0x0 c:/users/korisnik/desktop/gnu mcu/arm-none-eabi-gcc-10.2.1-1.1/bin/../lib/gcc/arm-none-eabi/10.2.1/thumb/v7-m/nofp/crtbegin.o

.ARM.extab
 *(.ARM.extab* .gnu.linkonce.armextab.*)

.ARM            0x0000000008006738        0x0
                0x0000000008006738                __exidx_start = .
 *(.ARM.exidx*)
                0x0000000008006738                __exidx_end = .

.preinit_array  0x0000000008006738        0x0
                0x0000000008006738                PROVIDE (__preinit_array_start = .)
 *(.preinit_array*)
                0x0000000008006738                PROVIDE (__preinit_array_end = .)

.init_array     0x0000000008006738        0x4
                0x0000000008006738                PROVIDE (__init_array_start = .)
 *(SORT_BY_NAME(.init_array.*))
 *(.init_array*)
 .init_array    0x0000000008006738        0x4 c:/users/korisnik/desktop/gnu mcu/arm-none-eabi-gcc-10.2.1-1.1/bin/../lib/gcc/arm-none-eabi/10.2.1/thumb/v7-m/nofp/crtbegin.o
                0x000000000800673c                PROVIDE (__init_array_end = .)

.fini_array     0x000000000800673c        0x4
                [!provide]                        PROVIDE (__fini_array_start = .)
 *(SORT_BY_NAME(.fini_array.*))
 *(.fini_array*)
 .fini_array    0x000000000800673c        0x4 c:/users/korisnik/desktop/gnu mcu/arm-none-eabi-gcc-10.2.1-1.1/bin/../lib/gcc/arm-none-eabi/10.2.1/thumb/v7-m/nofp/crtbegin.o
                [!provide]                        PROVIDE (__fini_array_end = .)
                0x0000000008006740                _sidata = LOADADDR (.data)

.data           0x0000000020000000       0x1c load address 0x0000000008006740
                0x0000000020000000                . = ALIGN (0x4)
                0x0000000020000000                _sdata = .
 *(.data)
 *(.data*)
 .data.current  0x0000000020000000        0x4 build/homework.o
                0x0000000020000000                current
 .data.windvaneText
                0x0000000020000004        0xa build/homework.o
 .data.uwTickFreq
                0x000000002000000e        0x1 build/stm32f1xx_hal.o
                0x000000002000000e                uwTickFreq
 *fill*         0x000000002000000f        0x1 
 .data.uwTickPrio
                0x0000000020000010        0x4 build/stm32f1xx_hal.o
                0x0000000020000010                uwTickPrio
 .data.SystemCoreClock
                0x0000000020000014        0x4 build/system_stm32f1xx.o
                0x0000000020000014                SystemCoreClock
 .data.uxCriticalNesting
                0x0000000020000018        0x4 build/port.o
                0x000000002000001c                . = ALIGN (0x4)
                0x000000002000001c                _edata = .

.igot.plt       0x000000002000001c        0x0 load address 0x000000000800675c
 .igot.plt      0x000000002000001c        0x0 c:/users/korisnik/desktop/gnu mcu/arm-none-eabi-gcc-10.2.1-1.1/bin/../lib/gcc/arm-none-eabi/10.2.1/thumb/v7-m/nofp/crtbegin.o
                0x000000002000001c                . = ALIGN (0x4)

.bss            0x000000002000001c     0x1f0c load address 0x000000000800675c
                0x000000002000001c                _sbss = .
                0x000000002000001c                __bss_start__ = _sbss
 *(.bss)
 *(.bss*)
 .bss.completed.1
                0x000000002000001c        0x1 c:/users/korisnik/desktop/gnu mcu/arm-none-eabi-gcc-10.2.1-1.1/bin/../lib/gcc/arm-none-eabi/10.2.1/thumb/v7-m/nofp/crtbegin.o
 *fill*         0x000000002000001d        0x3 
 .bss.object.0  0x0000000020000020       0x18 c:/users/korisnik/desktop/gnu mcu/arm-none-eabi-gcc-10.2.1-1.1/bin/../lib/gcc/arm-none-eabi/10.2.1/thumb/v7-m/nofp/crtbegin.o
 .bss.TEMP_MailboxHandle
                0x0000000020000038        0x4 build/driver_temp.o
 .bss.TEMP_TaskHandle
                0x000000002000003c        0x4 build/driver_temp.o
 .bss.windwaneSpeed
                0x0000000020000040        0x4 build/driver_temp.o
                0x0000000020000040                windwaneSpeed
 .bss.compareRegisterValue
                0x0000000020000044        0x4 build/driver_motor.o
 .bss.UART_ReceiveMutexHandle
                0x0000000020000048        0x4 build/driver_uart.o
 .bss.UART_ReceiveQueueHandle
                0x000000002000004c        0x4 build/driver_uart.o
 .bss.UART_ReceiveTaskHandle
                0x0000000020000050        0x4 build/driver_uart.o
 .bss.UART_TransmitMutexHandle
                0x0000000020000054        0x4 build/driver_uart.o
 .bss.UART_TransmitQueueHandle
                0x0000000020000058        0x4 build/driver_uart.o
 .bss.UART_TransmitTaskHandle
                0x000000002000005c        0x4 build/driver_uart.o
 .bss.LCD_QueueHandle
                0x0000000020000060        0x4 build/driver_lcd.o
 .bss.LCD_TaskHandle
                0x0000000020000064        0x4 build/driver_lcd.o
 .bss.brzina    0x0000000020000068        0x4 build/homework.o
 .bss.brzinaText
                0x000000002000006c        0xa build/homework.o
 .bss.fanState  0x0000000020000076        0x1 build/homework.o
                0x0000000020000076                fanState
 *fill*         0x0000000020000077        0x1 
 .bss.overflow  0x0000000020000078        0x4 build/homework.o
                0x0000000020000078                overflow
 .bss.previous  0x000000002000007c        0x4 build/homework.o
                0x000000002000007c                previous
 .bss.tempText  0x0000000020000080        0x4 build/homework.o
 .bss.tempValue
                0x0000000020000084        0x4 build/homework.o
 .bss.windvaneValue
                0x0000000020000088        0x4 build/homework.o
 .bss.defaultTaskHandle
                0x000000002000008c        0x4 build/freertos.o
                0x000000002000008c                defaultTaskHandle
 .bss.htim1     0x0000000020000090       0x48 build/tim.o
                0x0000000020000090                htim1
 .bss.htim3     0x00000000200000d8       0x48 build/tim.o
                0x00000000200000d8                htim3
 .bss.huart1    0x0000000020000120       0x44 build/usart.o
                0x0000000020000120                huart1
 .bss.htim2     0x0000000020000164       0x48 build/stm32f1xx_hal_timebase_tim.o
                0x0000000020000164                htim2
 .bss.uwTick    0x00000000200001ac        0x4 build/stm32f1xx_hal.o
                0x00000000200001ac                uwTick
 .bss.xQueueRegistry
                0x00000000200001b0       0x40 build/queue.o
                0x00000000200001b0                xQueueRegistry
 .bss.pxCurrentTCB
                0x00000000200001f0        0x4 build/tasks.o
                0x00000000200001f0                pxCurrentTCB
 .bss.pxDelayedTaskList
                0x00000000200001f4        0x4 build/tasks.o
 .bss.pxOverflowDelayedTaskList
                0x00000000200001f8        0x4 build/tasks.o
 .bss.pxReadyTasksLists
                0x00000000200001fc      0x460 build/tasks.o
 .bss.uxCurrentNumberOfTasks
                0x000000002000065c        0x4 build/tasks.o
 .bss.uxDeletedTasksWaitingCleanUp
                0x0000000020000660        0x4 build/tasks.o
 .bss.uxPendedTicks
                0x0000000020000664        0x4 build/tasks.o
 .bss.uxSchedulerSuspended
                0x0000000020000668        0x4 build/tasks.o
 .bss.uxTaskNumber
                0x000000002000066c        0x4 build/tasks.o
 .bss.uxTopReadyPriority
                0x0000000020000670        0x4 build/tasks.o
 .bss.xDelayedTaskList1
                0x0000000020000674       0x14 build/tasks.o
 .bss.xDelayedTaskList2
                0x0000000020000688       0x14 build/tasks.o
 .bss.xIdleTaskHandle
                0x000000002000069c        0x4 build/tasks.o
 .bss.xNextTaskUnblockTime
                0x00000000200006a0        0x4 build/tasks.o
 .bss.xNumOfOverflows
                0x00000000200006a4        0x4 build/tasks.o
 .bss.xPendingReadyList
                0x00000000200006a8       0x14 build/tasks.o
 .bss.xSchedulerRunning
                0x00000000200006bc        0x4 build/tasks.o
 .bss.xSuspendedTaskList
                0x00000000200006c0       0x14 build/tasks.o
 .bss.xTasksWaitingTermination
                0x00000000200006d4       0x14 build/tasks.o
 .bss.xTickCount
                0x00000000200006e8        0x4 build/tasks.o
 .bss.xYieldPending
                0x00000000200006ec        0x4 build/tasks.o
 .bss.pxCurrentTimerList
                0x00000000200006f0        0x4 build/timers.o
 .bss.pxOverflowTimerList
                0x00000000200006f4        0x4 build/timers.o
 .bss.ucStaticTimerQueueStorage.1
                0x00000000200006f8       0xa0 build/timers.o
 .bss.xActiveTimerList1
                0x0000000020000798       0x14 build/timers.o
 .bss.xActiveTimerList2
                0x00000000200007ac       0x14 build/timers.o
 .bss.xLastTime.2
                0x00000000200007c0        0x4 build/timers.o
 .bss.xStaticTimerQueue.0
                0x00000000200007c4       0x50 build/timers.o
 .bss.xTimerQueue
                0x0000000020000814        0x4 build/timers.o
 .bss.xTimerTaskHandle
                0x0000000020000818        0x4 build/timers.o
 .bss.Idle_Stack
                0x000000002000081c      0x200 build/cmsis_os2.o
 .bss.Idle_TCB  0x0000000020000a1c       0x5c build/cmsis_os2.o
 .bss.KernelState
                0x0000000020000a78        0x4 build/cmsis_os2.o
 .bss.Timer_Stack
                0x0000000020000a7c      0x400 build/cmsis_os2.o
 .bss.Timer_TCB
                0x0000000020000e7c       0x5c build/cmsis_os2.o
 .bss.pxEnd     0x0000000020000ed8        0x4 build/heap_4.o
 .bss.ucHeap    0x0000000020000edc     0x1000 build/heap_4.o
 .bss.xBlockAllocatedBit
                0x0000000020001edc        0x4 build/heap_4.o
 .bss.xFreeBytesRemaining
                0x0000000020001ee0        0x4 build/heap_4.o
 .bss.xMinimumEverFreeBytesRemaining
                0x0000000020001ee4        0x4 build/heap_4.o
 .bss.xStart    0x0000000020001ee8        0x8 build/heap_4.o
 .bss.ucMaxSysCallPriority
                0x0000000020001ef0        0x1 build/port.o
 *fill*         0x0000000020001ef1        0x3 
 .bss.ulMaxPRIGROUPValue
                0x0000000020001ef4        0x4 build/port.o
 .bss.hadc1     0x0000000020001ef8       0x30 build/adc.o
                0x0000000020001ef8                hadc1
 *(COMMON)
                0x0000000020001f28                . = ALIGN (0x4)
                0x0000000020001f28                _ebss = .
                0x0000000020001f28                __bss_end__ = _ebss

._user_heap_stack
                0x0000000020001f28      0x600 load address 0x000000000800675c
                0x0000000020001f28                . = ALIGN (0x8)
                [!provide]                        PROVIDE (end = .)
                [!provide]                        PROVIDE (_end = .)
                0x0000000020002128                . = (. + _Min_Heap_Size)
 *fill*         0x0000000020001f28      0x200 
                0x0000000020002528                . = (. + _Min_Stack_Size)
 *fill*         0x0000000020002128      0x400 
                0x0000000020002528                . = ALIGN (0x8)

/DISCARD/
 libc.a(*)
 libm.a(*)
 libgcc.a(*)

.ARM.attributes
                0x0000000000000000       0x29
 *(.ARM.attributes)
 .ARM.attributes
                0x0000000000000000       0x1d c:/users/korisnik/desktop/gnu mcu/arm-none-eabi-gcc-10.2.1-1.1/bin/../lib/gcc/arm-none-eabi/10.2.1/thumb/v7-m/nofp/crti.o
 .ARM.attributes
                0x000000000000001d       0x2d c:/users/korisnik/desktop/gnu mcu/arm-none-eabi-gcc-10.2.1-1.1/bin/../lib/gcc/arm-none-eabi/10.2.1/thumb/v7-m/nofp/crtbegin.o
 .ARM.attributes
                0x000000000000004a       0x2d build/driver_temp.o
 .ARM.attributes
                0x0000000000000077       0x2d build/driver_motor.o
 .ARM.attributes
                0x00000000000000a4       0x2d build/driver_uart.o
 .ARM.attributes
                0x00000000000000d1       0x2d build/driver_lcd.o
 .ARM.attributes
                0x00000000000000fe       0x2d build/homework.o
 .ARM.attributes
                0x000000000000012b       0x2d build/main.o
 .ARM.attributes
                0x0000000000000158       0x2d build/gpio.o
 .ARM.attributes
                0x0000000000000185       0x2d build/freertos.o
 .ARM.attributes
                0x00000000000001b2       0x2d build/tim.o
 .ARM.attributes
                0x00000000000001df       0x2d build/usart.o
 .ARM.attributes
                0x000000000000020c       0x2d build/stm32f1xx_it.o
 .ARM.attributes
                0x0000000000000239       0x2d build/stm32f1xx_hal_msp.o
 .ARM.attributes
                0x0000000000000266       0x2d build/stm32f1xx_hal_timebase_tim.o
 .ARM.attributes
                0x0000000000000293       0x2d build/stm32f1xx_hal.o
 .ARM.attributes
                0x00000000000002c0       0x2d build/stm32f1xx_hal_rcc.o
 .ARM.attributes
                0x00000000000002ed       0x2d build/stm32f1xx_hal_rcc_ex.o
 .ARM.attributes
                0x000000000000031a       0x2d build/stm32f1xx_hal_gpio.o
 .ARM.attributes
                0x0000000000000347       0x2d build/stm32f1xx_hal_dma.o
 .ARM.attributes
                0x0000000000000374       0x2d build/stm32f1xx_hal_cortex.o
 .ARM.attributes
                0x00000000000003a1       0x2d build/stm32f1xx_hal_tim.o
 .ARM.attributes
                0x00000000000003ce       0x2d build/stm32f1xx_hal_tim_ex.o
 .ARM.attributes
                0x00000000000003fb       0x2d build/stm32f1xx_hal_uart.o
 .ARM.attributes
                0x0000000000000428       0x2d build/system_stm32f1xx.o
 .ARM.attributes
                0x0000000000000455       0x2d build/list.o
 .ARM.attributes
                0x0000000000000482       0x2d build/queue.o
 .ARM.attributes
                0x00000000000004af       0x2d build/tasks.o
 .ARM.attributes
                0x00000000000004dc       0x2d build/timers.o
 .ARM.attributes
                0x0000000000000509       0x2d build/cmsis_os2.o
 .ARM.attributes
                0x0000000000000536       0x2d build/heap_4.o
 .ARM.attributes
                0x0000000000000563       0x2d build/port.o
 .ARM.attributes
                0x0000000000000590       0x2d build/adc.o
 .ARM.attributes
                0x00000000000005bd       0x2d build/stm32f1xx_hal_adc.o
 .ARM.attributes
                0x00000000000005ea       0x2d build/stm32f1xx_hal_adc_ex.o
 .ARM.attributes
                0x0000000000000617       0x21 build/startup_stm32f103x6_init.o
 .ARM.attributes
                0x0000000000000638       0x2d c:/users/korisnik/desktop/gnu mcu/arm-none-eabi-gcc-10.2.1-1.1/bin/../lib/gcc/arm-none-eabi/10.2.1/../../../../arm-none-eabi/lib/thumb/v7-m/nofp\libc_nano.a(lib_a-init.o)
 .ARM.attributes
                0x0000000000000665       0x2d c:/users/korisnik/desktop/gnu mcu/arm-none-eabi-gcc-10.2.1-1.1/bin/../lib/gcc/arm-none-eabi/10.2.1/../../../../arm-none-eabi/lib/thumb/v7-m/nofp\libc_nano.a(lib_a-itoa.o)
 .ARM.attributes
                0x0000000000000692       0x2d c:/users/korisnik/desktop/gnu mcu/arm-none-eabi-gcc-10.2.1-1.1/bin/../lib/gcc/arm-none-eabi/10.2.1/../../../../arm-none-eabi/lib/thumb/v7-m/nofp\libc_nano.a(lib_a-memcpy-stub.o)
 .ARM.attributes
                0x00000000000006bf       0x2d c:/users/korisnik/desktop/gnu mcu/arm-none-eabi-gcc-10.2.1-1.1/bin/../lib/gcc/arm-none-eabi/10.2.1/../../../../arm-none-eabi/lib/thumb/v7-m/nofp\libc_nano.a(lib_a-memset.o)
 .ARM.attributes
                0x00000000000006ec       0x17 c:/users/korisnik/desktop/gnu mcu/arm-none-eabi-gcc-10.2.1-1.1/bin/../lib/gcc/arm-none-eabi/10.2.1/../../../../arm-none-eabi/lib/thumb/v7-m/nofp\libc_nano.a(lib_a-strlen.o)
 .ARM.attributes
                0x0000000000000703       0x2d c:/users/korisnik/desktop/gnu mcu/arm-none-eabi-gcc-10.2.1-1.1/bin/../lib/gcc/arm-none-eabi/10.2.1/../../../../arm-none-eabi/lib/thumb/v7-m/nofp\libc_nano.a(lib_a-utoa.o)
 .ARM.attributes
                0x0000000000000730       0x1d c:/users/korisnik/desktop/gnu mcu/arm-none-eabi-gcc-10.2.1-1.1/bin/../lib/gcc/arm-none-eabi/10.2.1/thumb/v7-m/nofp\libgcc.a(_arm_muldf3.o)
 .ARM.attributes
                0x000000000000074d       0x1d c:/users/korisnik/desktop/gnu mcu/arm-none-eabi-gcc-10.2.1-1.1/bin/../lib/gcc/arm-none-eabi/10.2.1/thumb/v7-m/nofp\libgcc.a(_arm_mulsf3.o)
 .ARM.attributes
                0x000000000000076a       0x1d c:/users/korisnik/desktop/gnu mcu/arm-none-eabi-gcc-10.2.1-1.1/bin/../lib/gcc/arm-none-eabi/10.2.1/thumb/v7-m/nofp\libgcc.a(_arm_addsubdf3.o)
 .ARM.attributes
                0x0000000000000787       0x1d c:/users/korisnik/desktop/gnu mcu/arm-none-eabi-gcc-10.2.1-1.1/bin/../lib/gcc/arm-none-eabi/10.2.1/thumb/v7-m/nofp\libgcc.a(_arm_fixunsdfsi.o)
 .ARM.attributes
                0x00000000000007a4       0x1d c:/users/korisnik/desktop/gnu mcu/arm-none-eabi-gcc-10.2.1-1.1/bin/../lib/gcc/arm-none-eabi/10.2.1/thumb/v7-m/nofp\libgcc.a(_arm_addsubsf3.o)
 .ARM.attributes
                0x00000000000007c1       0x1d c:/users/korisnik/desktop/gnu mcu/arm-none-eabi-gcc-10.2.1-1.1/bin/../lib/gcc/arm-none-eabi/10.2.1/thumb/v7-m/nofp\libgcc.a(_arm_fixsfsi.o)
 .ARM.attributes
                0x00000000000007de       0x1d c:/users/korisnik/desktop/gnu mcu/arm-none-eabi-gcc-10.2.1-1.1/bin/../lib/gcc/arm-none-eabi/10.2.1/thumb/v7-m/nofp\libgcc.a(_arm_fixunssfsi.o)
 .ARM.attributes
                0x00000000000007fb       0x1d c:/users/korisnik/desktop/gnu mcu/arm-none-eabi-gcc-10.2.1-1.1/bin/../lib/gcc/arm-none-eabi/10.2.1/thumb/v7-m/nofp/crtn.o
OUTPUT(build/code.elf elf32-littlearm)
LOAD linker stubs
LOAD c:/users/korisnik/desktop/gnu mcu/arm-none-eabi-gcc-10.2.1-1.1/bin/../lib/gcc/arm-none-eabi/10.2.1/../../../../arm-none-eabi/lib/thumb/v7-m/nofp\libc.a
LOAD c:/users/korisnik/desktop/gnu mcu/arm-none-eabi-gcc-10.2.1-1.1/bin/../lib/gcc/arm-none-eabi/10.2.1/../../../../arm-none-eabi/lib/thumb/v7-m/nofp\libm.a
LOAD c:/users/korisnik/desktop/gnu mcu/arm-none-eabi-gcc-10.2.1-1.1/bin/../lib/gcc/arm-none-eabi/10.2.1/thumb/v7-m/nofp\libgcc.a

.debug_info     0x0000000000000000    0x222ba
 .debug_info    0x0000000000000000      0x9ee build/driver_temp.o
 .debug_info    0x00000000000009ee      0x706 build/driver_motor.o
 .debug_info    0x00000000000010f4      0xd85 build/driver_uart.o
 .debug_info    0x0000000000001e79      0x583 build/driver_lcd.o
 .debug_info    0x00000000000023fc     0x10f5 build/homework.o
 .debug_info    0x00000000000034f1      0xaf5 build/main.o
 .debug_info    0x0000000000003fe6      0x3a5 build/gpio.o
 .debug_info    0x000000000000438b      0x379 build/freertos.o
 .debug_info    0x0000000000004704      0xf92 build/tim.o
 .debug_info    0x0000000000005696      0xa78 build/usart.o
 .debug_info    0x000000000000610e      0xd02 build/stm32f1xx_it.o
 .debug_info    0x0000000000006e10      0x392 build/stm32f1xx_hal_msp.o
 .debug_info    0x00000000000071a2      0xaa6 build/stm32f1xx_hal_timebase_tim.o
 .debug_info    0x0000000000007c48      0x837 build/stm32f1xx_hal.o
 .debug_info    0x000000000000847f      0xaec build/stm32f1xx_hal_rcc.o
 .debug_info    0x0000000000008f6b      0x479 build/stm32f1xx_hal_rcc_ex.o
 .debug_info    0x00000000000093e4      0x6d7 build/stm32f1xx_hal_gpio.o
 .debug_info    0x0000000000009abb      0x8bb build/stm32f1xx_hal_dma.o
 .debug_info    0x000000000000a376      0xe0f build/stm32f1xx_hal_cortex.o
 .debug_info    0x000000000000b185     0x3e12 build/stm32f1xx_hal_tim.o
 .debug_info    0x000000000000ef97     0x1b67 build/stm32f1xx_hal_tim_ex.o
 .debug_info    0x0000000000010afe     0x1e17 build/stm32f1xx_hal_uart.o
 .debug_info    0x0000000000012915      0x26e build/system_stm32f1xx.o
 .debug_info    0x0000000000012b83      0x309 build/list.o
 .debug_info    0x0000000000012e8c     0x2875 build/queue.o
 .debug_info    0x0000000000015701     0x31ce build/tasks.o
 .debug_info    0x00000000000188cf     0x1a79 build/timers.o
 .debug_info    0x000000000001a348     0x4d74 build/cmsis_os2.o
 .debug_info    0x000000000001f0bc      0x49b build/heap_4.o
 .debug_info    0x000000000001f557      0x54d build/port.o
 .debug_info    0x000000000001faa4      0xab9 build/adc.o
 .debug_info    0x000000000002055d     0x1026 build/stm32f1xx_hal_adc.o
 .debug_info    0x0000000000021583      0xd15 build/stm32f1xx_hal_adc_ex.o
 .debug_info    0x0000000000022298       0x22 build/startup_stm32f103x6_init.o

.debug_abbrev   0x0000000000000000     0x4a8b
 .debug_abbrev  0x0000000000000000      0x24a build/driver_temp.o
 .debug_abbrev  0x000000000000024a      0x195 build/driver_motor.o
 .debug_abbrev  0x00000000000003df      0x246 build/driver_uart.o
 .debug_abbrev  0x0000000000000625      0x1c5 build/driver_lcd.o
 .debug_abbrev  0x00000000000007ea      0x27d build/homework.o
 .debug_abbrev  0x0000000000000a67      0x227 build/main.o
 .debug_abbrev  0x0000000000000c8e      0x13f build/gpio.o
 .debug_abbrev  0x0000000000000dcd      0x10e build/freertos.o
 .debug_abbrev  0x0000000000000edb      0x229 build/tim.o
 .debug_abbrev  0x0000000000001104      0x1ce build/usart.o
 .debug_abbrev  0x00000000000012d2      0x18d build/stm32f1xx_it.o
 .debug_abbrev  0x000000000000145f      0x130 build/stm32f1xx_hal_msp.o
 .debug_abbrev  0x000000000000158f      0x1ef build/stm32f1xx_hal_timebase_tim.o
 .debug_abbrev  0x000000000000177e      0x1f7 build/stm32f1xx_hal.o
 .debug_abbrev  0x0000000000001975      0x29a build/stm32f1xx_hal_rcc.o
 .debug_abbrev  0x0000000000001c0f      0x1d5 build/stm32f1xx_hal_rcc_ex.o
 .debug_abbrev  0x0000000000001de4      0x222 build/stm32f1xx_hal_gpio.o
 .debug_abbrev  0x0000000000002006      0x244 build/stm32f1xx_hal_dma.o
 .debug_abbrev  0x000000000000224a      0x359 build/stm32f1xx_hal_cortex.o
 .debug_abbrev  0x00000000000025a3      0x296 build/stm32f1xx_hal_tim.o
 .debug_abbrev  0x0000000000002839      0x298 build/stm32f1xx_hal_tim_ex.o
 .debug_abbrev  0x0000000000002ad1      0x2ab build/stm32f1xx_hal_uart.o
 .debug_abbrev  0x0000000000002d7c      0x140 build/system_stm32f1xx.o
 .debug_abbrev  0x0000000000002ebc      0x124 build/list.o
 .debug_abbrev  0x0000000000002fe0      0x3e7 build/queue.o
 .debug_abbrev  0x00000000000033c7      0x399 build/tasks.o
 .debug_abbrev  0x0000000000003760      0x35d build/timers.o
 .debug_abbrev  0x0000000000003abd      0x459 build/cmsis_os2.o
 .debug_abbrev  0x0000000000003f16      0x255 build/heap_4.o
 .debug_abbrev  0x000000000000416b      0x29d build/port.o
 .debug_abbrev  0x0000000000004408      0x1ce build/adc.o
 .debug_abbrev  0x00000000000045d6      0x239 build/stm32f1xx_hal_adc.o
 .debug_abbrev  0x000000000000480f      0x26a build/stm32f1xx_hal_adc_ex.o
 .debug_abbrev  0x0000000000004a79       0x12 build/startup_stm32f103x6_init.o

.debug_loc      0x0000000000000000    0x1be2e
 .debug_loc     0x0000000000000000      0x36d build/driver_temp.o
 .debug_loc     0x000000000000036d       0x20 build/driver_motor.o
 .debug_loc     0x000000000000038d      0x453 build/driver_uart.o
 .debug_loc     0x00000000000007e0      0x29e build/driver_lcd.o
 .debug_loc     0x0000000000000a7e      0x339 build/homework.o
 .debug_loc     0x0000000000000db7       0xc2 build/main.o
 .debug_loc     0x0000000000000e79       0x38 build/gpio.o
 .debug_loc     0x0000000000000eb1       0x65 build/freertos.o
 .debug_loc     0x0000000000000f16      0x224 build/tim.o
 .debug_loc     0x000000000000113a      0x108 build/usart.o
 .debug_loc     0x0000000000001242       0x80 build/stm32f1xx_it.o
 .debug_loc     0x00000000000012c2       0x4d build/stm32f1xx_hal_msp.o
 .debug_loc     0x000000000000130f       0xcd build/stm32f1xx_hal_timebase_tim.o
 .debug_loc     0x00000000000013dc      0x1e1 build/stm32f1xx_hal.o
 .debug_loc     0x00000000000015bd      0x7ee build/stm32f1xx_hal_rcc.o
 .debug_loc     0x0000000000001dab      0x444 build/stm32f1xx_hal_rcc_ex.o
 .debug_loc     0x00000000000021ef      0x511 build/stm32f1xx_hal_gpio.o
 .debug_loc     0x0000000000002700      0x901 build/stm32f1xx_hal_dma.o
 .debug_loc     0x0000000000003001      0x77f build/stm32f1xx_hal_cortex.o
 .debug_loc     0x0000000000003780     0x56a6 build/stm32f1xx_hal_tim.o
 .debug_loc     0x0000000000008e26     0x20a0 build/stm32f1xx_hal_tim_ex.o
 .debug_loc     0x000000000000aec6     0x26ad build/stm32f1xx_hal_uart.o
 .debug_loc     0x000000000000d573       0xff build/system_stm32f1xx.o
 .debug_loc     0x000000000000d672       0xe5 build/list.o
 .debug_loc     0x000000000000d757     0x2038 build/queue.o
 .debug_loc     0x000000000000f78f     0x2c73 build/tasks.o
 .debug_loc     0x0000000000012402     0x156b build/timers.o
 .debug_loc     0x000000000001396d     0x6519 build/cmsis_os2.o
 .debug_loc     0x0000000000019e86      0x3c1 build/heap_4.o
 .debug_loc     0x000000000001a247      0x16c build/port.o
 .debug_loc     0x000000000001a3b3      0x12c build/adc.o
 .debug_loc     0x000000000001a4df      0xe92 build/stm32f1xx_hal_adc.o
 .debug_loc     0x000000000001b371      0xabd build/stm32f1xx_hal_adc_ex.o

.debug_aranges  0x0000000000000000     0x16b0
 .debug_aranges
                0x0000000000000000       0x48 build/driver_temp.o
 .debug_aranges
                0x0000000000000048       0x30 build/driver_motor.o
 .debug_aranges
                0x0000000000000078       0x70 build/driver_uart.o
 .debug_aranges
                0x00000000000000e8       0x48 build/driver_lcd.o
 .debug_aranges
                0x0000000000000130       0x38 build/homework.o
 .debug_aranges
                0x0000000000000168       0x38 build/main.o
 .debug_aranges
                0x00000000000001a0       0x20 build/gpio.o
 .debug_aranges
                0x00000000000001c0       0x28 build/freertos.o
 .debug_aranges
                0x00000000000001e8       0x50 build/tim.o
 .debug_aranges
                0x0000000000000238       0x30 build/usart.o
 .debug_aranges
                0x0000000000000268       0x68 build/stm32f1xx_it.o
 .debug_aranges
                0x00000000000002d0       0x20 build/stm32f1xx_hal_msp.o
 .debug_aranges
                0x00000000000002f0       0x30 build/stm32f1xx_hal_timebase_tim.o
 .debug_aranges
                0x0000000000000320       0xe0 build/stm32f1xx_hal.o
 .debug_aranges
                0x0000000000000400       0x90 build/stm32f1xx_hal_rcc.o
 .debug_aranges
                0x0000000000000490       0x30 build/stm32f1xx_hal_rcc_ex.o
 .debug_aranges
                0x00000000000004c0       0x58 build/stm32f1xx_hal_gpio.o
 .debug_aranges
                0x0000000000000518       0x80 build/stm32f1xx_hal_dma.o
 .debug_aranges
                0x0000000000000598       0x90 build/stm32f1xx_hal_cortex.o
 .debug_aranges
                0x0000000000000628      0x3d0 build/stm32f1xx_hal_tim.o
 .debug_aranges
                0x00000000000009f8      0x168 build/stm32f1xx_hal_tim_ex.o
 .debug_aranges
                0x0000000000000b60      0x200 build/stm32f1xx_hal_uart.o
 .debug_aranges
                0x0000000000000d60       0x28 build/system_stm32f1xx.o
 .debug_aranges
                0x0000000000000d88       0x40 build/list.o
 .debug_aranges
                0x0000000000000dc8      0x158 build/queue.o
 .debug_aranges
                0x0000000000000f20      0x1f8 build/tasks.o
 .debug_aranges
                0x0000000000001118       0xe0 build/timers.o
 .debug_aranges
                0x00000000000011f8      0x228 build/cmsis_os2.o
 .debug_aranges
                0x0000000000001420       0x50 build/heap_4.o
 .debug_aranges
                0x0000000000001470       0x78 build/port.o
 .debug_aranges
                0x00000000000014e8       0x30 build/adc.o
 .debug_aranges
                0x0000000000001518       0xf0 build/stm32f1xx_hal_adc.o
 .debug_aranges
                0x0000000000001608       0x80 build/stm32f1xx_hal_adc_ex.o
 .debug_aranges
                0x0000000000001688       0x28 build/startup_stm32f103x6_init.o

.debug_ranges   0x0000000000000000     0x1780
 .debug_ranges  0x0000000000000000       0x38 build/driver_temp.o
 .debug_ranges  0x0000000000000038       0x20 build/driver_motor.o
 .debug_ranges  0x0000000000000058       0x60 build/driver_uart.o
 .debug_ranges  0x00000000000000b8       0x38 build/driver_lcd.o
 .debug_ranges  0x00000000000000f0       0x70 build/homework.o
 .debug_ranges  0x0000000000000160       0x28 build/main.o
 .debug_ranges  0x0000000000000188       0x10 build/gpio.o
 .debug_ranges  0x0000000000000198       0x18 build/freertos.o
 .debug_ranges  0x00000000000001b0       0x40 build/tim.o
 .debug_ranges  0x00000000000001f0       0x20 build/usart.o
 .debug_ranges  0x0000000000000210       0x58 build/stm32f1xx_it.o
 .debug_ranges  0x0000000000000268       0x10 build/stm32f1xx_hal_msp.o
 .debug_ranges  0x0000000000000278       0x20 build/stm32f1xx_hal_timebase_tim.o
 .debug_ranges  0x0000000000000298       0xd0 build/stm32f1xx_hal.o
 .debug_ranges  0x0000000000000368       0xa0 build/stm32f1xx_hal_rcc.o
 .debug_ranges  0x0000000000000408       0x38 build/stm32f1xx_hal_rcc_ex.o
 .debug_ranges  0x0000000000000440       0x48 build/stm32f1xx_hal_gpio.o
 .debug_ranges  0x0000000000000488       0x70 build/stm32f1xx_hal_dma.o
 .debug_ranges  0x00000000000004f8       0xe0 build/stm32f1xx_hal_cortex.o
 .debug_ranges  0x00000000000005d8      0x3c0 build/stm32f1xx_hal_tim.o
 .debug_ranges  0x0000000000000998      0x158 build/stm32f1xx_hal_tim_ex.o
 .debug_ranges  0x0000000000000af0      0x1f0 build/stm32f1xx_hal_uart.o
 .debug_ranges  0x0000000000000ce0       0x18 build/system_stm32f1xx.o
 .debug_ranges  0x0000000000000cf8       0x30 build/list.o
 .debug_ranges  0x0000000000000d28      0x218 build/queue.o
 .debug_ranges  0x0000000000000f40      0x320 build/tasks.o
 .debug_ranges  0x0000000000001260       0xd0 build/timers.o
 .debug_ranges  0x0000000000001330      0x218 build/cmsis_os2.o
 .debug_ranges  0x0000000000001548       0x40 build/heap_4.o
 .debug_ranges  0x0000000000001588       0x68 build/port.o
 .debug_ranges  0x00000000000015f0       0x20 build/adc.o
 .debug_ranges  0x0000000000001610       0xe0 build/stm32f1xx_hal_adc.o
 .debug_ranges  0x00000000000016f0       0x70 build/stm32f1xx_hal_adc_ex.o
 .debug_ranges  0x0000000000001760       0x20 build/startup_stm32f103x6_init.o

.debug_line     0x0000000000000000    0x19583
 .debug_line    0x0000000000000000      0x46d build/driver_temp.o
 .debug_line    0x000000000000046d      0x24e build/driver_motor.o
 .debug_line    0x00000000000006bb      0x5a6 build/driver_uart.o
 .debug_line    0x0000000000000c61      0x309 build/driver_lcd.o
 .debug_line    0x0000000000000f6a      0x7ba build/homework.o
 .debug_line    0x0000000000001724      0x410 build/main.o
 .debug_line    0x0000000000001b34      0x221 build/gpio.o
 .debug_line    0x0000000000001d55      0x1a9 build/freertos.o
 .debug_line    0x0000000000001efe      0x4e1 build/tim.o
 .debug_line    0x00000000000023df      0x320 build/usart.o
 .debug_line    0x00000000000026ff      0x32d build/stm32f1xx_it.o
 .debug_line    0x0000000000002a2c      0x1c4 build/stm32f1xx_hal_msp.o
 .debug_line    0x0000000000002bf0      0x2a9 build/stm32f1xx_hal_timebase_tim.o
 .debug_line    0x0000000000002e99      0x53c build/stm32f1xx_hal.o
 .debug_line    0x00000000000033d5      0xc37 build/stm32f1xx_hal_rcc.o
 .debug_line    0x000000000000400c      0x4a9 build/stm32f1xx_hal_rcc_ex.o
 .debug_line    0x00000000000044b5      0x5d7 build/stm32f1xx_hal_gpio.o
 .debug_line    0x0000000000004a8c      0xa5e build/stm32f1xx_hal_dma.o
 .debug_line    0x00000000000054ea      0x644 build/stm32f1xx_hal_cortex.o
 .debug_line    0x0000000000005b2e     0x4640 build/stm32f1xx_hal_tim.o
 .debug_line    0x000000000000a16e     0x1b45 build/stm32f1xx_hal_tim_ex.o
 .debug_line    0x000000000000bcb3     0x20d7 build/stm32f1xx_hal_uart.o
 .debug_line    0x000000000000dd8a      0x24e build/system_stm32f1xx.o
 .debug_line    0x000000000000dfd8      0x37f build/list.o
 .debug_line    0x000000000000e357     0x2049 build/queue.o
 .debug_line    0x00000000000103a0     0x2bf8 build/tasks.o
 .debug_line    0x0000000000012f98      0xe16 build/timers.o
 .debug_line    0x0000000000013dae     0x2d15 build/cmsis_os2.o
 .debug_line    0x0000000000016ac3      0x68a build/heap_4.o
 .debug_line    0x000000000001714d      0x5b7 build/port.o
 .debug_line    0x0000000000017704      0x32e build/adc.o
 .debug_line    0x0000000000017a32      0xefa build/stm32f1xx_hal_adc.o
 .debug_line    0x000000000001892c      0xbd1 build/stm32f1xx_hal_adc_ex.o
 .debug_line    0x00000000000194fd       0x86 build/startup_stm32f103x6_init.o

.debug_str      0x0000000000000000     0x72d4
 .debug_str     0x0000000000000000      0x5d9 build/driver_temp.o
                                        0x6a5 (size before relaxing)
 .debug_str     0x00000000000005d9      0x315 build/driver_motor.o
                                        0x6b1 (size before relaxing)
 .debug_str     0x00000000000008ee      0x427 build/driver_uart.o
                                        0x867 (size before relaxing)
 .debug_str     0x0000000000000d15      0x10b build/driver_lcd.o
                                        0x342 (size before relaxing)
 .debug_str     0x0000000000000e20      0x196 build/homework.o
                                        0x949 (size before relaxing)
 .debug_str     0x0000000000000fb6      0x2ed build/main.o
                                        0x951 (size before relaxing)
 .debug_str     0x00000000000012a3       0x8d build/gpio.o
                                        0x281 (size before relaxing)
 .debug_str     0x0000000000001330      0x4d5 build/freertos.o
                                        0x66e (size before relaxing)
 .debug_str     0x0000000000001805      0x558 build/tim.o
                                        0xcc0 (size before relaxing)
 .debug_str     0x0000000000001d5d       0x51 build/usart.o
                                        0x973 (size before relaxing)
 .debug_str     0x0000000000001dae      0x107 build/stm32f1xx_it.o
                                        0xa79 (size before relaxing)
 .debug_str     0x0000000000001eb5       0x5a build/stm32f1xx_hal_msp.o
                                        0x4d3 (size before relaxing)
 .debug_str     0x0000000000001f0f       0xd0 build/stm32f1xx_hal_timebase_tim.o
                                        0xaba (size before relaxing)
 .debug_str     0x0000000000001fdf      0x2d3 build/stm32f1xx_hal.o
                                        0x7ee (size before relaxing)
 .debug_str     0x00000000000022b2      0x1cb build/stm32f1xx_hal_rcc.o
                                        0x62f (size before relaxing)
 .debug_str     0x000000000000247d       0x9f build/stm32f1xx_hal_rcc_ex.o
                                        0x3d7 (size before relaxing)
 .debug_str     0x000000000000251c      0x107 build/stm32f1xx_hal_gpio.o
                                        0x404 (size before relaxing)
 .debug_str     0x0000000000002623      0x23a build/stm32f1xx_hal_dma.o
                                        0x601 (size before relaxing)
 .debug_str     0x000000000000285d      0x395 build/stm32f1xx_hal_cortex.o
                                        0x89d (size before relaxing)
 .debug_str     0x0000000000002bf2      0xcd8 build/stm32f1xx_hal_tim.o
                                       0x163c (size before relaxing)
 .debug_str     0x00000000000038ca      0x524 build/stm32f1xx_hal_tim_ex.o
                                        0xe3d (size before relaxing)
 .debug_str     0x0000000000003dee      0x572 build/stm32f1xx_hal_uart.o
                                        0xc92 (size before relaxing)
 .debug_str     0x0000000000004360       0x52 build/system_stm32f1xx.o
                                        0x258 (size before relaxing)
 .debug_str     0x00000000000043b2      0x145 build/list.o
                                        0x2f9 (size before relaxing)
 .debug_str     0x00000000000044f7      0x902 build/queue.o
                                        0xc77 (size before relaxing)
 .debug_str     0x0000000000004df9      0xbf0 build/tasks.o
                                       0x1284 (size before relaxing)
 .debug_str     0x00000000000059e9      0x57c build/timers.o
                                        0xbea (size before relaxing)
 .debug_str     0x0000000000005f65      0xa34 build/cmsis_os2.o
                                       0x18ef (size before relaxing)
 .debug_str     0x0000000000006999      0x1d8 build/heap_4.o
                                        0x3e2 (size before relaxing)
 .debug_str     0x0000000000006b71      0x180 build/port.o
                                        0x465 (size before relaxing)
 .debug_str     0x0000000000006cf1       0x78 build/adc.o
                                        0x8fa (size before relaxing)
 .debug_str     0x0000000000006d69      0x2a5 build/stm32f1xx_hal_adc.o
                                        0x8d7 (size before relaxing)
 .debug_str     0x000000000000700e      0x291 build/stm32f1xx_hal_adc_ex.o
                                        0x890 (size before relaxing)
 .debug_str     0x000000000000729f       0x35 build/startup_stm32f103x6_init.o
                                         0x78 (size before relaxing)

.comment        0x0000000000000000       0x44
 .comment       0x0000000000000000       0x44 build/driver_temp.o
                                         0x45 (size before relaxing)
 .comment       0x0000000000000044       0x45 build/driver_motor.o
 .comment       0x0000000000000044       0x45 build/driver_uart.o
 .comment       0x0000000000000044       0x45 build/driver_lcd.o
 .comment       0x0000000000000044       0x45 build/homework.o
 .comment       0x0000000000000044       0x45 build/main.o
 .comment       0x0000000000000044       0x45 build/gpio.o
 .comment       0x0000000000000044       0x45 build/freertos.o
 .comment       0x0000000000000044       0x45 build/tim.o
 .comment       0x0000000000000044       0x45 build/usart.o
 .comment       0x0000000000000044       0x45 build/stm32f1xx_it.o
 .comment       0x0000000000000044       0x45 build/stm32f1xx_hal_msp.o
 .comment       0x0000000000000044       0x45 build/stm32f1xx_hal_timebase_tim.o
 .comment       0x0000000000000044       0x45 build/stm32f1xx_hal.o
 .comment       0x0000000000000044       0x45 build/stm32f1xx_hal_rcc.o
 .comment       0x0000000000000044       0x45 build/stm32f1xx_hal_rcc_ex.o
 .comment       0x0000000000000044       0x45 build/stm32f1xx_hal_gpio.o
 .comment       0x0000000000000044       0x45 build/stm32f1xx_hal_dma.o
 .comment       0x0000000000000044       0x45 build/stm32f1xx_hal_cortex.o
 .comment       0x0000000000000044       0x45 build/stm32f1xx_hal_tim.o
 .comment       0x0000000000000044       0x45 build/stm32f1xx_hal_tim_ex.o
 .comment       0x0000000000000044       0x45 build/stm32f1xx_hal_uart.o
 .comment       0x0000000000000044       0x45 build/system_stm32f1xx.o
 .comment       0x0000000000000044       0x45 build/list.o
 .comment       0x0000000000000044       0x45 build/queue.o
 .comment       0x0000000000000044       0x45 build/tasks.o
 .comment       0x0000000000000044       0x45 build/timers.o
 .comment       0x0000000000000044       0x45 build/cmsis_os2.o
 .comment       0x0000000000000044       0x45 build/heap_4.o
 .comment       0x0000000000000044       0x45 build/port.o
 .comment       0x0000000000000044       0x45 build/adc.o
 .comment       0x0000000000000044       0x45 build/stm32f1xx_hal_adc.o
 .comment       0x0000000000000044       0x45 build/stm32f1xx_hal_adc_ex.o

.debug_frame    0x0000000000000000     0x4204
 .debug_frame   0x0000000000000000       0xac build/driver_temp.o
 .debug_frame   0x00000000000000ac       0x48 build/driver_motor.o
 .debug_frame   0x00000000000000f4      0x160 build/driver_uart.o
 .debug_frame   0x0000000000000254       0xb4 build/driver_lcd.o
 .debug_frame   0x0000000000000308       0x7c build/homework.o
 .debug_frame   0x0000000000000384       0x70 build/main.o
 .debug_frame   0x00000000000003f4       0x38 build/gpio.o
 .debug_frame   0x000000000000042c       0x40 build/freertos.o
 .debug_frame   0x000000000000046c       0xd0 build/tim.o
 .debug_frame   0x000000000000053c       0x64 build/usart.o
 .debug_frame   0x00000000000005a0       0xd0 build/stm32f1xx_it.o
 .debug_frame   0x0000000000000670       0x2c build/stm32f1xx_hal_msp.o
 .debug_frame   0x000000000000069c       0x50 build/stm32f1xx_hal_timebase_tim.o
 .debug_frame   0x00000000000006ec      0x1cc build/stm32f1xx_hal.o
 .debug_frame   0x00000000000008b8      0x190 build/stm32f1xx_hal_rcc.o
 .debug_frame   0x0000000000000a48       0x64 build/stm32f1xx_hal_rcc_ex.o
 .debug_frame   0x0000000000000aac       0xe4 build/stm32f1xx_hal_gpio.o
 .debug_frame   0x0000000000000b90      0x144 build/stm32f1xx_hal_dma.o
 .debug_frame   0x0000000000000cd4      0x118 build/stm32f1xx_hal_cortex.o
 .debug_frame   0x0000000000000dec      0xb30 build/stm32f1xx_hal_tim.o
 .debug_frame   0x000000000000191c      0x40c build/stm32f1xx_hal_tim_ex.o
 .debug_frame   0x0000000000001d28      0x5dc build/stm32f1xx_hal_uart.o
 .debug_frame   0x0000000000002304       0x30 build/system_stm32f1xx.o
 .debug_frame   0x0000000000002334       0x70 build/list.o
 .debug_frame   0x00000000000023a4      0x458 build/queue.o
 .debug_frame   0x00000000000027fc      0x66c build/tasks.o
 .debug_frame   0x0000000000002e68      0x2cc build/timers.o
 .debug_frame   0x0000000000003134      0x7bc build/cmsis_os2.o
 .debug_frame   0x00000000000038f0       0xb0 build/heap_4.o
 .debug_frame   0x00000000000039a0       0xf0 build/port.o
 .debug_frame   0x0000000000003a90       0x68 build/adc.o
 .debug_frame   0x0000000000003af8      0x2c4 build/stm32f1xx_hal_adc.o
 .debug_frame   0x0000000000003dbc      0x19c build/stm32f1xx_hal_adc_ex.o
 .debug_frame   0x0000000000003f58       0x2c c:/users/korisnik/desktop/gnu mcu/arm-none-eabi-gcc-10.2.1-1.1/bin/../lib/gcc/arm-none-eabi/10.2.1/../../../../arm-none-eabi/lib/thumb/v7-m/nofp\libc_nano.a(lib_a-init.o)
 .debug_frame   0x0000000000003f84       0x38 c:/users/korisnik/desktop/gnu mcu/arm-none-eabi-gcc-10.2.1-1.1/bin/../lib/gcc/arm-none-eabi/10.2.1/../../../../arm-none-eabi/lib/thumb/v7-m/nofp\libc_nano.a(lib_a-itoa.o)
 .debug_frame   0x0000000000003fbc       0x28 c:/users/korisnik/desktop/gnu mcu/arm-none-eabi-gcc-10.2.1-1.1/bin/../lib/gcc/arm-none-eabi/10.2.1/../../../../arm-none-eabi/lib/thumb/v7-m/nofp\libc_nano.a(lib_a-memcpy-stub.o)
 .debug_frame   0x0000000000003fe4       0x20 c:/users/korisnik/desktop/gnu mcu/arm-none-eabi-gcc-10.2.1-1.1/bin/../lib/gcc/arm-none-eabi/10.2.1/../../../../arm-none-eabi/lib/thumb/v7-m/nofp\libc_nano.a(lib_a-memset.o)
 .debug_frame   0x0000000000004004       0x48 c:/users/korisnik/desktop/gnu mcu/arm-none-eabi-gcc-10.2.1-1.1/bin/../lib/gcc/arm-none-eabi/10.2.1/../../../../arm-none-eabi/lib/thumb/v7-m/nofp\libc_nano.a(lib_a-utoa.o)
 .debug_frame   0x000000000000404c       0x30 c:/users/korisnik/desktop/gnu mcu/arm-none-eabi-gcc-10.2.1-1.1/bin/../lib/gcc/arm-none-eabi/10.2.1/thumb/v7-m/nofp\libgcc.a(_arm_muldf3.o)
 .debug_frame   0x000000000000407c       0x24 c:/users/korisnik/desktop/gnu mcu/arm-none-eabi-gcc-10.2.1-1.1/bin/../lib/gcc/arm-none-eabi/10.2.1/thumb/v7-m/nofp\libgcc.a(_arm_mulsf3.o)
 .debug_frame   0x00000000000040a0       0xac c:/users/korisnik/desktop/gnu mcu/arm-none-eabi-gcc-10.2.1-1.1/bin/../lib/gcc/arm-none-eabi/10.2.1/thumb/v7-m/nofp\libgcc.a(_arm_addsubdf3.o)
 .debug_frame   0x000000000000414c       0x24 c:/users/korisnik/desktop/gnu mcu/arm-none-eabi-gcc-10.2.1-1.1/bin/../lib/gcc/arm-none-eabi/10.2.1/thumb/v7-m/nofp\libgcc.a(_arm_fixunsdfsi.o)
 .debug_frame   0x0000000000004170       0x4c c:/users/korisnik/desktop/gnu mcu/arm-none-eabi-gcc-10.2.1-1.1/bin/../lib/gcc/arm-none-eabi/10.2.1/thumb/v7-m/nofp\libgcc.a(_arm_addsubsf3.o)
 .debug_frame   0x00000000000041bc       0x24 c:/users/korisnik/desktop/gnu mcu/arm-none-eabi-gcc-10.2.1-1.1/bin/../lib/gcc/arm-none-eabi/10.2.1/thumb/v7-m/nofp\libgcc.a(_arm_fixsfsi.o)
 .debug_frame   0x00000000000041e0       0x24 c:/users/korisnik/desktop/gnu mcu/arm-none-eabi-gcc-10.2.1-1.1/bin/../lib/gcc/arm-none-eabi/10.2.1/thumb/v7-m/nofp\libgcc.a(_arm_fixunssfsi.o)

Cross Reference Table

Symbol                                            File
ADC1_2_IRQHandler                                 build/stm32f1xx_it.o
ADC_ConversionStop_Disable                        build/stm32f1xx_hal_adc.o
                                                  build/stm32f1xx_hal_adc_ex.o
ADC_DMAConvCplt                                   build/stm32f1xx_hal_adc.o
                                                  build/stm32f1xx_hal_adc_ex.o
ADC_DMAError                                      build/stm32f1xx_hal_adc.o
                                                  build/stm32f1xx_hal_adc_ex.o
ADC_DMAHalfConvCplt                               build/stm32f1xx_hal_adc.o
                                                  build/stm32f1xx_hal_adc_ex.o
ADC_Enable                                        build/stm32f1xx_hal_adc.o
                                                  build/stm32f1xx_hal_adc_ex.o
AHBPrescTable                                     build/system_stm32f1xx.o
                                                  build/stm32f1xx_hal_rcc.o
APBPrescTable                                     build/system_stm32f1xx.o
                                                  build/stm32f1xx_hal_rcc.o
BusFault_Handler                                  build/stm32f1xx_it.o
CAN1_RX1_IRQHandler                               build/startup_stm32f103x6_init.o
CAN1_SCE_IRQHandler                               build/startup_stm32f103x6_init.o
DMA1_Channel1_IRQHandler                          build/startup_stm32f103x6_init.o
DMA1_Channel2_IRQHandler                          build/startup_stm32f103x6_init.o
DMA1_Channel3_IRQHandler                          build/startup_stm32f103x6_init.o
DMA1_Channel4_IRQHandler                          build/startup_stm32f103x6_init.o
DMA1_Channel5_IRQHandler                          build/startup_stm32f103x6_init.o
DMA1_Channel6_IRQHandler                          build/startup_stm32f103x6_init.o
DMA1_Channel7_IRQHandler                          build/startup_stm32f103x6_init.o
DebugMon_Handler                                  build/stm32f1xx_it.o
Default_Handler                                   build/startup_stm32f103x6_init.o
EXTI0_IRQHandler                                  build/startup_stm32f103x6_init.o
EXTI15_10_IRQHandler                              build/startup_stm32f103x6_init.o
EXTI1_IRQHandler                                  build/startup_stm32f103x6_init.o
EXTI2_IRQHandler                                  build/startup_stm32f103x6_init.o
EXTI3_IRQHandler                                  build/startup_stm32f103x6_init.o
EXTI4_IRQHandler                                  build/startup_stm32f103x6_init.o
EXTI9_5_IRQHandler                                build/startup_stm32f103x6_init.o